Archive member included to satisfy reference by file (symbol)

build/forward_testen/scons-release/modm/libmodm.a(atomic.o)
                              (--whole-archive)
build/forward_testen/scons-release/modm/libmodm.a(cabi.o)
                              (--whole-archive)
build/forward_testen/scons-release/modm/libmodm.a(cxxabi.o)
                              (--whole-archive)
build/forward_testen/scons-release/modm/libmodm.a(new_delete.o)
                              (--whole-archive)
build/forward_testen/scons-release/modm/libmodm.a(flag.o)
                              (--whole-archive)
build/forward_testen/scons-release/modm/libmodm.a(smart_pointer.o)
                              (--whole-archive)
build/forward_testen/scons-release/modm/libmodm.a(vl53l0.o)
                              (--whole-archive)
build/forward_testen/scons-release/modm/libmodm.a(iostream.o)
                              (--whole-archive)
build/forward_testen/scons-release/modm/libmodm.a(iostream_printf.o)
                              (--whole-archive)
build/forward_testen/scons-release/modm/libmodm.a(bit_operation.o)
                              (--whole-archive)
build/forward_testen/scons-release/modm/libmodm.a(operator.o)
                              (--whole-archive)
build/forward_testen/scons-release/modm/libmodm.a(rcc.o)
                              (--whole-archive)
build/forward_testen/scons-release/modm/libmodm.a(systick_timer.o)
                              (--whole-archive)
build/forward_testen/scons-release/modm/libmodm.a(assert.o)
                              (--whole-archive)
build/forward_testen/scons-release/modm/libmodm.a(delay.o)
                              (--whole-archive)
build/forward_testen/scons-release/modm/libmodm.a(delay_ns.o)
                              (--whole-archive)
build/forward_testen/scons-release/modm/libmodm.a(no_heap.o)
                              (--whole-archive)
build/forward_testen/scons-release/modm/libmodm.a(reset_handler.o)
                              (--whole-archive)
build/forward_testen/scons-release/modm/libmodm.a(startup.o)
                              (--whole-archive)
build/forward_testen/scons-release/modm/libmodm.a(startup_platform.o)
                              (--whole-archive)
build/forward_testen/scons-release/modm/libmodm.a(vectors.o)
                              (--whole-archive)
build/forward_testen/scons-release/modm/libmodm.a(enable.o)
                              (--whole-archive)
build/forward_testen/scons-release/modm/libmodm.a(i2c_master_1.o)
                              (--whole-archive)
build/forward_testen/scons-release/modm/libmodm.a(timer_15.o)
                              (--whole-archive)
build/forward_testen/scons-release/modm/libmodm.a(timer_2.o)
                              (--whole-archive)
build/forward_testen/scons-release/modm/libmodm.a(timer_3.o)
                              (--whole-archive)
build/forward_testen/scons-release/modm/libmodm.a(uart_1.o)
                              (--whole-archive)
build/forward_testen/scons-release/modm/libmodm.a(context_arm_m.o)
                              (--whole-archive)
build/forward_testen/scons-release/modm/libmodm.a(scheduler.o)
                              (--whole-archive)
build/forward_testen/scons-release/modm/libmodm.a(printf.o)
                              (--whole-archive)
/opt/homebrew/Cellar/arm-gcc-bin@13/13.2.rel1/bin/../lib/gcc/arm-none-eabi/13.2.1/../../../../arm-none-eabi/lib/thumb/v7e-m+fp/hard/libstdc++_nano.a(new_handler.o)
                              build/forward_testen/scons-release/modm/libmodm.a(new_delete.o) (std::get_new_handler())
/opt/homebrew/Cellar/arm-gcc-bin@13/13.2.rel1/bin/../lib/gcc/arm-none-eabi/13.2.1/../../../../arm-none-eabi/lib/thumb/v7e-m+fp/hard/libm.a(libm_a-w_sqrt.o)
                              build/forward_testen/scons-release/modm/libmodm.a(operator.o) (sqrt)
/opt/homebrew/Cellar/arm-gcc-bin@13/13.2.rel1/bin/../lib/gcc/arm-none-eabi/13.2.1/../../../../arm-none-eabi/lib/thumb/v7e-m+fp/hard/libm.a(libm_a-e_sqrt.o)
                              /opt/homebrew/Cellar/arm-gcc-bin@13/13.2.rel1/bin/../lib/gcc/arm-none-eabi/13.2.1/../../../../arm-none-eabi/lib/thumb/v7e-m+fp/hard/libm.a(libm_a-w_sqrt.o) (__ieee754_sqrt)
/opt/homebrew/Cellar/arm-gcc-bin@13/13.2.rel1/bin/../lib/gcc/arm-none-eabi/13.2.1/../../../../arm-none-eabi/lib/thumb/v7e-m+fp/hard/libm.a(libm_a-s_round.o)
                              build/forward_testen/scons-release/modm/libmodm.a(operator.o) (round)
/opt/homebrew/Cellar/arm-gcc-bin@13/13.2.rel1/bin/../lib/gcc/arm-none-eabi/13.2.1/thumb/v7e-m+fp/hard/libgcc.a(_arm_muldf3.o)
                              build/forward_testen/scons-release/modm/libmodm.a(printf.o) (__aeabi_dmul)
/opt/homebrew/Cellar/arm-gcc-bin@13/13.2.rel1/bin/../lib/gcc/arm-none-eabi/13.2.1/thumb/v7e-m+fp/hard/libgcc.a(_arm_addsubdf3.o)
                              build/forward_testen/scons-release/modm/libmodm.a(printf.o) (__aeabi_dsub)
[...]
Memory Configuration

Name             Origin             Length             Attributes
FLASH            0x08000000         0x00080000         xr
CCM              0x10000000         0x00008000         xrw
SRAM1            0x20000000         0x00014000         xrw
SRAM2            0x20014000         0x00004000         xrw
CONT_SRAM1       0x20000000         0x00018000         xrw
*default*        0x00000000         0xffffffff

Linker script and memory map

LOAD build/forward_testen/scons-release/logger.o
LOAD build/forward_testen/scons-release/main.o
START GROUP
LOAD build/forward_testen/scons-release/modm/libmodm.a
END GROUP
LOAD /opt/homebrew/Cellar/arm-gcc-bin@13/13.2.rel1/bin/../lib/gcc/arm-none-eabi/13.2.1/../../../../arm-none-eabi/lib/thumb/v7e-m+fp/hard/libstdc++_nano.a
LOAD /opt/homebrew/Cellar/arm-gcc-bin@13/13.2.rel1/bin/../lib/gcc/arm-none-eabi/13.2.1/../../../../arm-none-eabi/lib/thumb/v7e-m+fp/hard/libm.a
START GROUP
LOAD /opt/homebrew/Cellar/arm-gcc-bin@13/13.2.rel1/bin/../lib/gcc/arm-none-eabi/13.2.1/thumb/v7e-m+fp/hard/libgcc.a
LOAD /opt/homebrew/Cellar/arm-gcc-bin@13/13.2.rel1/bin/../lib/gcc/arm-none-eabi/13.2.1/../../../../arm-none-eabi/lib/thumb/v7e-m+fp/hard/libc_nano.a
END GROUP
START GROUP
LOAD /opt/homebrew/Cellar/arm-gcc-bin@13/13.2.rel1/bin/../lib/gcc/arm-none-eabi/13.2.1/thumb/v7e-m+fp/hard/libgcc.a
LOAD /opt/homebrew/Cellar/arm-gcc-bin@13/13.2.rel1/bin/../lib/gcc/arm-none-eabi/13.2.1/../../../../arm-none-eabi/lib/thumb/v7e-m+fp/hard/libc_nano.a
LOAD /opt/homebrew/Cellar/arm-gcc-bin@13/13.2.rel1/bin/../lib/gcc/arm-none-eabi/13.2.1/../../../../arm-none-eabi/lib/thumb/v7e-m+fp/hard/libnosys.a
END GROUP
START GROUP
LOAD /opt/homebrew/Cellar/arm-gcc-bin@13/13.2.rel1/bin/../lib/gcc/arm-none-eabi/13.2.1/thumb/v7e-m+fp/hard/libgcc.a
LOAD /opt/homebrew/Cellar/arm-gcc-bin@13/13.2.rel1/bin/../lib/gcc/arm-none-eabi/13.2.1/../../../../arm-none-eabi/lib/thumb/v7e-m+fp/hard/libc_nano.a
LOAD /opt/homebrew/Cellar/arm-gcc-bin@13/13.2.rel1/bin/../lib/gcc/arm-none-eabi/13.2.1/../../../../arm-none-eabi/lib/thumb/v7e-m+fp/hard/libnosys.a
END GROUP
                0x08000000                        __flash_start = ORIGIN (FLASH)
                0x08080000                        __flash_end = (ORIGIN (FLASH) + LENGTH (FLASH))
                0x10000000                        __ccm_start = ORIGIN (CCM)
                0x10008000                        __ccm_end = (ORIGIN (CCM) + LENGTH (CCM))
                0x20000000                        __sram1_start = ORIGIN (SRAM1)
                0x20014000                        __sram1_end = (ORIGIN (SRAM1) + LENGTH (SRAM1))
                0x20014000                        __sram2_start = ORIGIN (SRAM2)
                0x20018000                        __sram2_end = (ORIGIN (SRAM2) + LENGTH (SRAM2))
                0x00000c00                        MAIN_STACK_SIZE = 0xc00
                0x0000006c                        EXCEPTION_FRAME_SIZE = 0x6c
                0x08000000                        __rom_start = ORIGIN (FLASH)

.text           0x08000000      0x1d8
                0x08000000                        __vector_table_rom_start = .
                0x08000000                        __vector_table_ram_load = .
 *(.vector_rom)
 .vector_rom    0x08000000      0x1d8 build/forward_testen/scons-release/modm/libmodm.a(vectors.o)
                0x08000000                vectorsRom
                0x080001d8                        __vector_table_rom_end = .

.glue_7         0x080001d8        0x0
 .glue_7        0x080001d8        0x0 linker stubs

.glue_7t        0x080001d8        0x0
 .glue_7t       0x080001d8        0x0 linker stubs

.vfp11_veneer   0x080001d8        0x0
 .vfp11_veneer  0x080001d8        0x0 linker stubs

.v4_bx          0x080001d8        0x0
 .v4_bx         0x080001d8        0x0 linker stubs

.iplt           0x080001d8        0x0
 .iplt          0x080001d8        0x0 build/forward_testen/scons-release/logger.o

.build_id       0x080001d8       0x24
                0x080001d8                        __build_id = .
 *(.note.gnu.build-id)
 .note.gnu.build-id
                0x080001d8       0x24 linker stubs

.text           0x08000200     0x1378
 *(.text .text.* .gnu.linkonce.t.*)
 .text._ZN4modm8IODevice5writeEPKc
                0x08000200       0x18 build/forward_testen/scons-release/logger.o
                0x08000200                modm::IODevice::write(char const*)
 .text._ZZN4modm23inplace_function_detail6vtableIbJbEEC4EvENUlPvS3_E_4_FUNES3_S3_
                0x08000218        0x2 build/forward_testen/scons-release/logger.o
                0x08000218                modm::inplace_function_detail::vtable<bool, bool>::vtable()::{lambda(void*, void*)#1}::_FUN(void*, void*)
 .text._ZZN4modm23inplace_function_detail6vtableIbJbEEC4EvENUlPvS3_E0_4_FUNES3_S3_
                0x0800021a        0x2 build/forward_testen/scons-release/logger.o
                0x0800021a                modm::inplace_function_detail::vtable<bool, bool>::vtable()::{lambda(void*, void*)#2}::_FUN(void*, void*)
                0x0800021a                modm::inplace_function_detail::vtable<bool, bool>::vtable()::{lambda(void*, void*)#3}::_FUN(void*, void*)
 .text._ZZN4modm23inplace_function_detail6vtableIbJbEEC4EvENUlPvE_4_FUNES3_
                0x0800021c        0x2 build/forward_testen/scons-release/logger.o
                0x0800021c                modm::inplace_function_detail::vtable<bool, bool>::vtable()::{lambda(void*)#4}::_FUN(void*)
                0x0800021c                modm::inplace_function_detail::vtable<bool, bool>::vtable()::{lambda(void*)#1}::_FUN(void*)
 .text._ZN4modm15IODeviceWrapperINS_8platform12BufferedUartINS1_9UsartHal1EJEEELNS_8IOBufferE0EED2Ev
                0x0800021e        0x2 build/forward_testen/scons-release/logger.o
                0x0800021e                modm::IODeviceWrapper<modm::platform::BufferedUart<modm::platform::UsartHal1>, (modm::IOBuffer)0>::~IODeviceWrapper()
                0x0800021e                modm::IODeviceWrapper<modm::platform::BufferedUart<modm::platform::UsartHal1>, (modm::IOBuffer)0>::~IODeviceWrapper()
 .text._ZN4modm15IODeviceWrapperINS_8platform12BufferedUartINS1_9UsartHal1EJEEELNS_8IOBufferE0EE4readERc
                0x08000220       0x18 build/forward_testen/scons-release/logger.o
                0x08000220                modm::IODeviceWrapper<modm::platform::BufferedUart<modm::platform::UsartHal1>, (modm::IOBuffer)0>::read(char&)
 .text._ZN4modm15IODeviceWrapperINS_8platform12BufferedUartINS1_9UsartHal1EJEEELNS_8IOBufferE0EED0Ev
                0x08000238        0xe build/forward_testen/scons-release/logger.o
                0x08000238                modm::IODeviceWrapper<modm::platform::BufferedUart<modm::platform::UsartHal1>, (modm::IOBuffer)0>::~IODeviceWrapper()
 *fill*         0x08000246        0x2 
 .text._ZN4modm15IODeviceWrapperINS_8platform12BufferedUartINS1_9UsartHal1EJEEELNS_8IOBufferE0EE5writeEc
                0x08000248       0x10 build/forward_testen/scons-release/logger.o
                0x08000248                modm::IODeviceWrapper<modm::platform::BufferedUart<modm::platform::UsartHal1>, (modm::IOBuffer)0>::write(char)
 .text._ZZN4modm23inplace_function_detail6vtableIbJbEEC4EvENUlPvObE_4_FUNES3_S4_
                0x08000258       0x1c build/forward_testen/scons-release/logger.o
                0x08000258                modm::inplace_function_detail::vtable<bool, bool>::vtable()::{lambda(void*, bool&&)#1}::_FUN(void*, bool&&)
 .text._ZN4modm8IOStream8out_charEcPv
                0x08000274       0x10 build/forward_testen/scons-release/logger.o
                0x08000274                modm::IOStream::out_char(char, void*)
 .text._ZN4modm15IODeviceWrapperINS_8platform12BufferedUartINS1_9UsartHal1EJEEELNS_8IOBufferE0EE5flushEv
                0x08000284       0x10 build/forward_testen/scons-release/logger.o
                0x08000284                modm::IODeviceWrapper<modm::platform::BufferedUart<modm::platform::UsartHal1>, (modm::IOBuffer)0>::flush()
 .text.startup._GLOBAL__sub_I_loggerDevice
                0x08000294       0x84 build/forward_testen/scons-release/logger.o
 .text._ZN4modm4endlERNS_8IOStreamE
                0x08000318       0x16 build/forward_testen/scons-release/main.o
                0x08000318                modm::endl(modm::IOStream&)
 .text._ZN4modm8platform10GpioStaticINS0_6detail7DataA11EE6toggleEv.isra.0
                0x0800032e       0x16 build/forward_testen/scons-release/main.o
 .text._ZN4modm8IOStreamlsEPFRS0_S1_E.isra.0
                0x08000344        0x2 build/forward_testen/scons-release/main.o
 .text._ZN4modm8IOStreamlsEPKc
                0x08000346       0x10 build/forward_testen/scons-release/main.o
                0x08000346                modm::IOStream::operator<<(char const*)
 *fill*         0x08000356        0x2 
 .text._ZN4modm8delay_msEm
                0x08000358       0x2c build/forward_testen/scons-release/main.o
                0x08000358                modm::delay_ms(unsigned long)
 .text._ZN4modm8platform6Timer35startEv
                0x08000384       0x10 build/forward_testen/scons-release/main.o
                0x08000384                modm::platform::Timer3::start()
 .text._Z12driveForwardt
                0x08000394       0x68 build/forward_testen/scons-release/main.o
                0x08000394                driveForward(unsigned short)
 .text._ZN4modm8platform7GpioSetIJNS0_10GpioStaticINS0_6detail6DataA5EEEEE9setOutputEv
                0x080003fc       0x12 build/forward_testen/scons-release/main.o
                0x080003fc                modm::platform::GpioSet<modm::platform::GpioStatic<modm::platform::detail::DataA5> >::setOutput()
 *fill*         0x0800040e        0x2 
 .text._ZN4modm8platform7GpioSetIJNS0_10GpioStaticINS0_6detail6DataB1EEEEE9setOutputEv
                0x08000410       0x14 build/forward_testen/scons-release/main.o
                0x08000410                modm::platform::GpioSet<modm::platform::GpioStatic<modm::platform::detail::DataB1> >::setOutput()
 .text._ZN4modm8platform7GpioSetIJNS0_10GpioStaticINS0_6detail6DataF0EEEEE9setOutputEv
                0x08000424       0x14 build/forward_testen/scons-release/main.o
                0x08000424                modm::platform::GpioSet<modm::platform::GpioStatic<modm::platform::detail::DataF0> >::setOutput()
 .text._ZN4modm8platform7GpioSetIJNS0_10GpioStaticINS0_6detail7DataC15EEEEE9setOutputEv
                0x08000438       0x14 build/forward_testen/scons-release/main.o
                0x08000438                modm::platform::GpioSet<modm::platform::GpioStatic<modm::platform::detail::DataC15> >::setOutput()
 .text._ZN4modm8platform7GpioSetIJNS0_10GpioStaticINS0_6detail6DataA1EEEEE9setOutputEv
                0x0800044c       0x12 build/forward_testen/scons-release/main.o
                0x0800044c                modm::platform::GpioSet<modm::platform::GpioStatic<modm::platform::detail::DataA1> >::setOutput()
 .text._ZN4modm8platform7GpioSetIJNS0_10GpioStaticINS0_6detail6DataA4EEEEE9setOutputEv
                0x0800045e       0x12 build/forward_testen/scons-release/main.o
                0x0800045e                modm::platform::GpioSet<modm::platform::GpioStatic<modm::platform::detail::DataA4> >::setOutput()
 .text._Z15testEnableModest
                0x08000470      0x1e8 build/forward_testen/scons-release/main.o
                0x08000470                testEnableModes(unsigned short)
 .text._ZN4modm8platform10GpioStaticINS0_6detail6DataB0EE20setAlternateFunctionEh
                0x08000658       0x1c build/forward_testen/scons-release/main.o
                0x08000658                modm::platform::GpioStatic<modm::platform::detail::DataB0>::setAlternateFunction(unsigned char)
 .text._ZN5Board10initializeEv
                0x08000674      0x33c build/forward_testen/scons-release/main.o
                0x08000674                Board::initialize()
 .text.startup.main
                0x080009b0       0x80 build/forward_testen/scons-release/main.o
                0x080009b0                main
 .text.startup._GLOBAL__sub_I__Z12driveForwardt
                0x08000a30       0x20 build/forward_testen/scons-release/main.o
 .text.operator_delete
                0x08000a50        0x2 build/forward_testen/scons-release/modm/libmodm.a(new_delete.o)
                0x08000a50                operator_delete
 .text._ZdlPvj  0x08000a52        0x8 build/forward_testen/scons-release/modm/libmodm.a(new_delete.o)
                0x08000a52                operator delete(void*, unsigned int)
 *fill*         0x08000a5a        0x2 
 .text.startup._GLOBAL__sub_I__ZN4modm14vl53l0_private18configurationFlashE
                0x08000a5c       0x10 build/forward_testen/scons-release/modm/libmodm.a(vl53l0.o)
 .text._ZN4modm8platform3Rcc19enableInternalClockEm
                0x08000a6c       0x20 build/forward_testen/scons-release/modm/libmodm.a(rcc.o)
                0x08000a6c                modm::platform::Rcc::enableInternalClock(unsigned long)
 .text._ZN4modm8platform3Rcc9enablePllENS1_9PllSourceERKNS1_10PllFactorsEm
                0x08000a8c       0x78 build/forward_testen/scons-release/modm/libmodm.a(rcc.o)
                0x08000a8c                modm::platform::Rcc::enablePll(modm::platform::Rcc::PllSource, modm::platform::Rcc::PllFactors const&, unsigned long)
 .text._ZN4modm8platform3Rcc17setVoltageScalingENS1_14VoltageScalingEm
                0x08000b04       0x64 build/forward_testen/scons-release/modm/libmodm.a(rcc.o)
                0x08000b04                modm::platform::Rcc::setVoltageScaling(modm::platform::Rcc::VoltageScaling, unsigned long)
 .text._ZN4modm8platform3Rcc17enableSystemClockENS1_17SystemClockSourceEm
                0x08000b68       0x28 build/forward_testen/scons-release/modm/libmodm.a(rcc.o)
                0x08000b68                modm::platform::Rcc::enableSystemClock(modm::platform::Rcc::SystemClockSource, unsigned long)
 .text.SysTick_Handler
                0x08000b90       0x28 build/forward_testen/scons-release/modm/libmodm.a(systick_timer.o)
                0x08000b90                SysTick_Handler
 .text._ZN4modm8platform12SysTickTimer6enableEmb
                0x08000bb8       0x28 build/forward_testen/scons-release/modm/libmodm.a(systick_timer.o)
                0x08000bb8                modm::platform::SysTickTimer::enable(unsigned long, bool)
 .text.modm_abandon
                0x08000be0        0x2 build/forward_testen/scons-release/modm/libmodm.a(assert.o)
                0x08000be0                modm_abandon
 *fill*         0x08000be2        0x2 
 .text.modm_assert_report
                0x08000be4       0x5c build/forward_testen/scons-release/modm/libmodm.a(assert.o)
                0x08000be4                modm_assert_report
 .text._Z15modm_dwt_enablev
                0x08000c40       0x2c build/forward_testen/scons-release/modm/libmodm.a(delay.o)
                0x08000c40                modm_dwt_enable()
 .text._ZN4modm8delay_usEm
                0x08000c6c       0x20 build/forward_testen/scons-release/modm/libmodm.a(delay.o)
                0x08000c6c                modm::delay_us(unsigned long)
 .text.__modm_initialize_memory
                0x08000c8c        0x2 build/forward_testen/scons-release/modm/libmodm.a(no_heap.o)
                0x08000c8c                __modm_initialize_memory
 *fill*         0x08000c8e        0x2 
 .text          0x08000c90       0x20 build/forward_testen/scons-release/modm/libmodm.a(reset_handler.o)
                0x08000c90                Reset_Handler
 .text.table_copy
                0x08000cb0       0x1e build/forward_testen/scons-release/modm/libmodm.a(startup.o)
 .text.modm_initialize_platform
                0x08000cce        0x2 build/forward_testen/scons-release/modm/libmodm.a(startup.o)
                0x08000cce                modm_initialize_platform
 .text.__modm_startup
                0x08000cd0       0xec build/forward_testen/scons-release/modm/libmodm.a(startup.o)
                0x08000cd0                __modm_startup
 .text.__modm_initialize_platform
                0x08000dbc       0x30 build/forward_testen/scons-release/modm/libmodm.a(startup_platform.o)
                0x08000dbc                __modm_initialize_platform
 .text.Undefined_Handler
                0x08000dec       0x64 build/forward_testen/scons-release/modm/libmodm.a(vectors.o)
                0x08000dec                TIM1_BRK_TIM15_IRQHandler
                0x08000dec                EXTI2_IRQHandler
                0x08000dec                TIM8_TRG_COM_IRQHandler
                0x08000dec                TIM8_CC_IRQHandler
                0x08000dec                HRTIM1_Master_IRQHandler
                0x08000dec                DebugMon_Handler
                0x08000dec                SPI4_IRQHandler
                0x08000dec                FDCAN3_IT0_IRQHandler
                0x08000dec                TIM1_CC_IRQHandler
                0x08000dec                HardFault_Handler
                0x08000dec                HRTIM1_FLT_IRQHandler
                0x08000dec                HRTIM1_TIMF_IRQHandler
                0x08000dec                USB_HP_IRQHandler
                0x08000dec                CORDIC_IRQHandler
                0x08000dec                HRTIM1_TIMD_IRQHandler
                0x08000dec                PendSV_Handler
                0x08000dec                NMI_Handler
                0x08000dec                DMA2_Channel8_IRQHandler
                0x08000dec                EXTI3_IRQHandler
                0x08000dec                I2C3_ER_IRQHandler
                0x08000dec                Undefined_Handler
                0x08000dec                EXTI0_IRQHandler
                0x08000dec                I2C2_EV_IRQHandler
                0x08000dec                FPU_IRQHandler
                0x08000dec                FDCAN1_IT1_IRQHandler
                0x08000dec                TIM1_UP_TIM16_IRQHandler
                0x08000dec                UsageFault_Handler
                0x08000dec                ADC1_2_IRQHandler
                0x08000dec                HRTIM1_TIME_IRQHandler
                0x08000dec                SPI1_IRQHandler
                0x08000dec                TIM6_DAC_IRQHandler
                0x08000dec                HRTIM1_TIMC_IRQHandler
                0x08000dec                TIM8_UP_IRQHandler
                0x08000dec                DMA2_Channel2_IRQHandler
                0x08000dec                DMA1_Channel4_IRQHandler
                0x08000dec                TIM20_TRG_COM_IRQHandler
                0x08000dec                USART3_IRQHandler
                0x08000dec                DMA1_Channel7_IRQHandler
                0x08000dec                UART5_IRQHandler
                0x08000dec                ADC3_IRQHandler
                0x08000dec                TIM4_IRQHandler
                0x08000dec                DMA2_Channel1_IRQHandler
                0x08000dec                QUADSPI_IRQHandler
                0x08000dec                DMA1_Channel6_IRQHandler
                0x08000dec                UART4_IRQHandler
                0x08000dec                DMA2_Channel4_IRQHandler
                0x08000dec                TIM3_IRQHandler
                0x08000dec                RCC_IRQHandler
                0x08000dec                TIM20_UP_IRQHandler
                0x08000dec                DMA1_Channel1_IRQHandler
                0x08000dec                DMA2_Channel7_IRQHandler
                0x08000dec                RTC_TAMP_LSECSS_IRQHandler
                0x08000dec                FMAC_IRQHandler
                0x08000dec                EXTI15_10_IRQHandler
                0x08000dec                DMA1_Channel8_IRQHandler
                0x08000dec                HRTIM1_TIMA_IRQHandler
                0x08000dec                TIM7_DAC_IRQHandler
                0x08000dec                FDCAN3_IT1_IRQHandler
                0x08000dec                TIM5_IRQHandler
                0x08000dec                UCPD1_IRQHandler
                0x08000dec                I2C3_EV_IRQHandler
                0x08000dec                EXTI9_5_IRQHandler
                0x08000dec                RTC_WKUP_IRQHandler
                0x08000dec                PVD_PVM_IRQHandler
                0x08000dec                SPI2_IRQHandler
                0x08000dec                MemManage_Handler
                0x08000dec                ADC5_IRQHandler
                0x08000dec                SVC_Handler
                0x08000dec                DMA2_Channel5_IRQHandler
                0x08000dec                CRS_IRQHandler
                0x08000dec                DMA1_Channel5_IRQHandler
                0x08000dec                USB_LP_IRQHandler
                0x08000dec                EXTI4_IRQHandler
                0x08000dec                RNG_IRQHandler
                0x08000dec                HRTIM1_TIMB_IRQHandler
                0x08000dec                TIM1_TRG_COM_TIM17_IRQHandler
                0x08000dec                FDCAN2_IT1_IRQHandler
                0x08000dec                DMA1_Channel3_IRQHandler
                0x08000dec                ADC4_IRQHandler
                0x08000dec                WWDG_IRQHandler
                0x08000dec                I2C4_EV_IRQHandler
                0x08000dec                FDCAN2_IT0_IRQHandler
                0x08000dec                LPUART1_IRQHandler
                0x08000dec                DMA2_Channel6_IRQHandler
                0x08000dec                FDCAN1_IT0_IRQHandler
                0x08000dec                TIM2_IRQHandler
                0x08000dec                COMP7_IRQHandler
                0x08000dec                COMP1_2_3_IRQHandler
                0x08000dec                EXTI1_IRQHandler
                0x08000dec                USART2_IRQHandler
                0x08000dec                COMP4_5_6_IRQHandler
                0x08000dec                TIM20_BRK_IRQHandler
                0x08000dec                I2C2_ER_IRQHandler
                0x08000dec                DMA1_Channel2_IRQHandler
                0x08000dec                TIM8_BRK_IRQHandler
                0x08000dec                FLASH_IRQHandler
                0x08000dec                TIM20_CC_IRQHandler
                0x08000dec                BusFault_Handler
                0x08000dec                SPI3_IRQHandler
                0x08000dec                FMC_IRQHandler
                0x08000dec                LPTIM1_IRQHandler
                0x08000dec                DMAMUX_OVR_IRQHandler
                0x08000dec                I2C4_ER_IRQHandler
                0x08000dec                USBWakeUp_IRQHandler
                0x08000dec                SAI1_IRQHandler
                0x08000dec                DMA2_Channel3_IRQHandler
                0x08000dec                RTC_Alarm_IRQHandler
 .text._Z16modm_gpio_enablev
                0x08000e50       0x20 build/forward_testen/scons-release/modm/libmodm.a(enable.o)
                0x08000e50                modm_gpio_enable()
 .text._ZN12_GLOBAL__N_1L18callWriteOperationEb
                0x08000e70       0xa4 build/forward_testen/scons-release/modm/libmodm.a(i2c_master_1.o)
 .text._ZN12_GLOBAL__N_1L17callReadOperationEb
                0x08000f14       0x90 build/forward_testen/scons-release/modm/libmodm.a(i2c_master_1.o)
 .text._ZN12_GLOBAL__N_1L12callStartingEv
                0x08000fa4       0xc0 build/forward_testen/scons-release/modm/libmodm.a(i2c_master_1.o)
 .text._ZN12_GLOBAL__N_1L19callNextTransactionEv
                0x08001064       0x60 build/forward_testen/scons-release/modm/libmodm.a(i2c_master_1.o)
 .text.I2C1_EV_IRQHandler
                0x080010c4      0x18c build/forward_testen/scons-release/modm/libmodm.a(i2c_master_1.o)
                0x080010c4                I2C1_EV_IRQHandler
 .text.I2C1_ER_IRQHandler
                0x08001250       0x8c build/forward_testen/scons-release/modm/libmodm.a(i2c_master_1.o)
                0x08001250                I2C1_ER_IRQHandler
 .text.startup._GLOBAL__sub_I_I2C1_EV_IRQHandler
                0x080012dc       0x44 build/forward_testen/scons-release/modm/libmodm.a(i2c_master_1.o)
 .text._ZN4modm8platform6Timer27setModeENS0_19GeneralPurposeTimer4ModeENS1_9SlaveModeENS1_16SlaveModeTriggerENS1_10MasterModeEbbb
                0x08001320       0x46 build/forward_testen/scons-release/modm/libmodm.a(timer_2.o)
                0x08001320                modm::platform::Timer2::setMode(modm::platform::GeneralPurposeTimer::Mode, modm::platform::Timer2::SlaveMode, modm::platform::Timer2::SlaveModeTrigger, modm::platform::Timer2::MasterMode, bool, bool, bool)
 .text._ZN4modm8platform6Timer222configureOutputChannelEmNS_5FlagsINS0_19GeneralPurposeTimer17OutputCompareModeEmEEmNS3_8PinStateEb
                0x08001366       0x74 build/forward_testen/scons-release/modm/libmodm.a(timer_2.o)
                0x08001366                modm::platform::Timer2::configureOutputChannel(unsigned long, modm::Flags<modm::platform::GeneralPurposeTimer::OutputCompareMode, unsigned long>, unsigned long, modm::platform::GeneralPurposeTimer::PinState, bool)
 *fill*         0x080013da        0x2 
 .text._ZN4modm8platform3Rcc6enableILNS0_10PeripheralE58EEEvv
                0x080013dc       0x38 build/forward_testen/scons-release/modm/libmodm.a(timer_2.o)
                0x080013dc                void modm::platform::Rcc::enable<(modm::platform::Peripheral)58>()
 .text._ZN4modm8platform6Timer26enableEv
                0x08001414        0x8 build/forward_testen/scons-release/modm/libmodm.a(timer_2.o)
                0x08001414                modm::platform::Timer2::enable()
 .text._ZN4modm8platform6Timer37setModeENS0_19GeneralPurposeTimer4ModeENS1_9SlaveModeENS1_16SlaveModeTriggerENS1_10MasterModeEbbb
                0x0800141c       0x48 build/forward_testen/scons-release/modm/libmodm.a(timer_3.o)
                0x0800141c                modm::platform::Timer3::setMode(modm::platform::GeneralPurposeTimer::Mode, modm::platform::Timer3::SlaveMode, modm::platform::Timer3::SlaveModeTrigger, modm::platform::Timer3::MasterMode, bool, bool, bool)
 .text._ZN4modm8platform6Timer322configureOutputChannelEmNS_5FlagsINS0_19GeneralPurposeTimer17OutputCompareModeEmEEtNS3_8PinStateEb
                0x08001464       0x78 build/forward_testen/scons-release/modm/libmodm.a(timer_3.o)
                0x08001464                modm::platform::Timer3::configureOutputChannel(unsigned long, modm::Flags<modm::platform::GeneralPurposeTimer::OutputCompareMode, unsigned long>, unsigned short, modm::platform::GeneralPurposeTimer::PinState, bool)
 .text._ZN4modm8platform3Rcc6enableILNS0_10PeripheralE60EEEvv
                0x080014dc       0x38 build/forward_testen/scons-release/modm/libmodm.a(timer_3.o)
                0x080014dc                void modm::platform::Rcc::enable<(modm::platform::Peripheral)60>()
 .text._ZN4modm8platform6Timer36enableEv
                0x08001514        0x8 build/forward_testen/scons-release/modm/libmodm.a(timer_3.o)
                0x08001514                modm::platform::Timer3::enable()
 .text.USART1_IRQHandler
                0x0800151c       0x2c build/forward_testen/scons-release/modm/libmodm.a(uart_1.o)
                0x0800151c                USART1_IRQHandler
 .text.startup._GLOBAL__sub_I_USART1_IRQHandler
                0x08001548       0x20 build/forward_testen/scons-release/modm/libmodm.a(uart_1.o)
 .text.memset   0x08001568       0x10 /opt/homebrew/Cellar/arm-gcc-bin@13/13.2.rel1/bin/../lib/gcc/arm-none-eabi/13.2.1/../../../../arm-none-eabi/lib/thumb/v7e-m+fp/hard/libc_nano.a(libc_a-memset.o)
                0x08001568                memset

.rodata         0x08001578      0x124
 *(.rodata .rodata.* .gnu.linkonce.r.*)
 .rodata._ZZN4modm23inplace_function_detail6vtableIbJbEEC4EvENUlPvObE_4_FUNES3_S4_.str1.1
                0x08001578       0x38 build/forward_testen/scons-release/logger.o
                                  0xc (size before relaxing)
 .rodata._ZTVN4modm15IODeviceWrapperINS_8platform12BufferedUartINS1_9UsartHal1EJEEELNS_8IOBufferE0EEE
                0x080015b0       0x20 build/forward_testen/scons-release/logger.o
                0x080015b0                vtable for modm::IODeviceWrapper<modm::platform::BufferedUart<modm::platform::UsartHal1>, (modm::IOBuffer)0>
 .rodata._ZN4modm23inplace_function_detail12empty_vtableIbJbEEE
                0x080015d0       0x10 build/forward_testen/scons-release/logger.o
                0x080015d0                modm::inplace_function_detail::empty_vtable<bool, bool>
 .rodata._Z15testEnableModest.str1.1
                0x080015e0       0x18 build/forward_testen/scons-release/main.o
 .rodata.main.str1.1
                0x080015e0        0x9 build/forward_testen/scons-release/main.o
 .rodata._ZN4modm14vl53l0_private18configurationFlashE
                0x080015e0       0xa0 build/forward_testen/scons-release/modm/libmodm.a(vl53l0.o)
                0x080015e0                modm::vl53l0_private::configurationFlash
 .rodata.Undefined_Handler.str1.1
                0x08001680        0xb build/forward_testen/scons-release/modm/libmodm.a(vectors.o)
 *(.init)
                0x0800168c                        . = ALIGN (0x4)
                0x08001680                        __init_array_start = .
 *(SORT_BY_NAME(.init_array.*))
 *(.init_array)
 .init_array    0x08001680        0x4 build/forward_testen/scons-release/logger.o
 .init_array    0x08001684        0x4 build/forward_testen/scons-release/main.o
 .init_array    0x08001688        0x4 build/forward_testen/scons-release/modm/libmodm.a(vl53l0.o)
 .init_array    0x0800168c        0x4 build/forward_testen/scons-release/modm/libmodm.a(i2c_master_1.o)
 .init_array    0x08001690        0x4 build/forward_testen/scons-release/modm/libmodm.a(uart_1.o)
                0x08001694                        . = ALIGN (0x4)
                0x08001694                        __init_array_end = .
                0x08001694                        __hardware_init_start = .
 *(SORT_BY_NAME(.hardware_init.order_*))
 .hardware_init.order_100
                0x08001694        0x4 build/forward_testen/scons-release/modm/libmodm.a(delay.o)
 .hardware_init.order_80
                0x08001698        0x4 build/forward_testen/scons-release/modm/libmodm.a(enable.o)
 *(SORT_BY_NAME(.hardware_init))
                0x0800169c                        . = ALIGN (0x4)
                0x0800169c                        __hardware_init_end = .
                0x0800169c                        __assertion_table_start = .
 *(.assertion)
                0x0800169c                        . = ALIGN (0x4)
                0x0800169c                        __assertion_table_end = .

/DISCARD/
 *(.fini_array .fini_array.*)
 *(.ARM.extab* .gnu.linkonce.armextab.*)
 *(.ARM.exidx* .gnu.linkonce.armexidx.*)
 *(.eh_frame*)
 *(.Heap_is_not_implemented!__Please_include_the__modm:platform:heap__module_in_your_project!)

.stack          0x20000000      0xc00
                0x20000000                        __stack_start = .
                0x20000000                        __main_stack_bottom = .
                0x2000006c                        __main_stack_limit = (. + EXCEPTION_FRAME_SIZE)
                0x20000c00                        . = (. + MAIN_STACK_SIZE)
 *fill*         0x20000000      0xc00 
                0x20000c00                        . = ALIGN (0x8)
                0x20000c00                        __main_stack_top = .
                0x20000c00                        __stack_end = .

.data           0x20000c00        0x4 load address 0x0800169c
                0x20000c00                        . = ALIGN (0x4)
                0x0800169c                        __data_load = LOADADDR (.data)
                0x20000c00                        __data_start = .
 *(.data .data.* .gnu.linkonce.d.*)
 .data.loggerDevice
                0x20000c00        0x4 build/forward_testen/scons-release/logger.o
                0x20000c00                loggerDevice
                0x20000c04                        . = ALIGN (0x4)
                0x20000c04                        __data_end = .

.igot.plt       0x20000c04        0x0 load address 0x080016a0
 .igot.plt      0x20000c04        0x0 build/forward_testen/scons-release/logger.o

.data_sram1     0x20000c04        0x0 load address 0x080016a0
                0x080016a0                        __data_sram1_load = LOADADDR (.data_sram1)
                0x20000c04                        __data_sram1_start = .
 *(.data_sram1 .data_sram1.*)
                0x20000c04                        . = ALIGN (0x4)
                0x20000c04                        __data_sram1_end = .

.bss            0x20000c04      0x108 load address 0x080016a0
                0x20000c04                        __bss_start = .
 *(.bss .bss.* .gnu.linkonce.b.*)
 .bss._ZGVN4modm8platform9UsartHal117InterruptCallbackE
                0x20000c04        0x4 build/forward_testen/scons-release/logger.o
                0x20000c04                guard variable for modm::platform::UsartHal1::InterruptCallback
 .bss._ZN4modm3log5errorE
                0x20000c08       0x1c build/forward_testen/scons-release/logger.o
                0x20000c08                modm::log::error
 .bss._ZN4modm3log7warningE
                0x20000c24       0x1c build/forward_testen/scons-release/logger.o
                0x20000c24                modm::log::warning
 .bss._ZN4modm3log4infoE
                0x20000c40       0x1c build/forward_testen/scons-release/logger.o
                0x20000c40                modm::log::info
 .bss._ZN4modm3log5debugE
                0x20000c5c       0x1c build/forward_testen/scons-release/logger.o
                0x20000c5c                modm::log::debug
 .bss._ZN4modm8platform9UsartHal117InterruptCallbackE
                0x20000c78        0x8 build/forward_testen/scons-release/logger.o
                0x20000c78                modm::platform::UsartHal1::InterruptCallback
 .bss._ZN4modm8platform12SysTickTimer14us_per_NcyclesE
                0x20000c80        0x4 build/forward_testen/scons-release/main.o
                0x20000c80                modm::platform::SysTickTimer::us_per_Ncycles
 .bss._ZN4modm8platform12SysTickTimer14ms_per_NcyclesE
                0x20000c84        0x4 build/forward_testen/scons-release/main.o
                0x20000c84                modm::platform::SysTickTimer::ms_per_Ncycles
 .bss._ZN4modm14vl53l0_private13configurationE
                0x20000c88        0x4 build/forward_testen/scons-release/modm/libmodm.a(vl53l0.o)
                0x20000c88                modm::vl53l0_private::configuration
 .bss._ZL9interrupt
                0x20000c8c        0x1 build/forward_testen/scons-release/modm/libmodm.a(systick_timer.o)
 *fill*         0x20000c8d        0x3 
 .bss._ZL10micro_time
                0x20000c90        0x4 build/forward_testen/scons-release/modm/libmodm.a(systick_timer.o)
 .bss._ZL10milli_time
                0x20000c94        0x4 build/forward_testen/scons-release/modm/libmodm.a(systick_timer.o)
 .bss._ZN12_GLOBAL__N_1L7readingE
                0x20000c98        0xc build/forward_testen/scons-release/modm/libmodm.a(i2c_master_1.o)
 .bss._ZN12_GLOBAL__N_1L7writingE
                0x20000ca4        0xc build/forward_testen/scons-release/modm/libmodm.a(i2c_master_1.o)
 .bss._ZN12_GLOBAL__N_1L8startingE
                0x20000cb0        0x2 build/forward_testen/scons-release/modm/libmodm.a(i2c_master_1.o)
 .bss._ZN12_GLOBAL__N_1L5errorE
                0x20000cb2        0x1 build/forward_testen/scons-release/modm/libmodm.a(i2c_master_1.o)
 *fill*         0x20000cb3        0x1 
 .bss._ZN12_GLOBAL__N_1L11transactionE
                0x20000cb4        0x4 build/forward_testen/scons-release/modm/libmodm.a(i2c_master_1.o)
 .bss._ZN12_GLOBAL__N_1L13configurationE
                0x20000cb8        0x4 build/forward_testen/scons-release/modm/libmodm.a(i2c_master_1.o)
 .bss._ZN12_GLOBAL__N_1L5queueE
                0x20000cbc       0x4c build/forward_testen/scons-release/modm/libmodm.a(i2c_master_1.o)
 .bss._ZN12_GLOBAL__N_1L13nextOperationE
                0x20000d08        0x1 build/forward_testen/scons-release/modm/libmodm.a(i2c_master_1.o)
                0x20000d0c                        . = ALIGN (0x4)
 *fill*         0x20000d09        0x3 

.bss_sram1      0x20000d0c        0x0 load address 0x080016a0
                0x20000d0c                        __bss_sram1_start = .
 *(.bss_sram1 .bss_sram1.*)
                0x20000d0c                        . = ALIGN (0x4)
                0x20000d0c                        __bss_sram1_end = .
                0x20000d0c                        __bss_end = .

.noinit         0x20000d0c        0x0 load address 0x080016a0
                0x20000d0c                        __noinit_start = .
 *(.noinit .noinit.*)
                0x20000d0c                        . = ALIGN (0x4)
                0x20000d0c                        __noinit_end = .

.faststack      0x20000d0c        0x0 load address 0x080016a0
                0x20000d0c                        __faststack_start = .
 *(.faststack .faststack.*)
                0x20000d0c                        . = ALIGN (0x4)
                0x20000d0c                        __faststack_end = .

.noinit_sram1   0x20000d0c        0x0 load address 0x080016a0
                0x20000d0c                        . = ALIGN (0x4)
                0x20000d0c                        __noinit_sram1_start = .
 *(.noinit_sram1 .noinit_sram1.*)
                0x20000d0c                        . = ALIGN (0x4)
                0x20000d0c                        __noinit_sram1_end = .

.heap_sram1     0x20000d0c    0x132f4 load address 0x080016a0
                0x20000d0c                        . = ALIGN (0x4)
                0x20000d0c                        __heap_sram1_start = .
                0x20014000                        . = MAX (ABSOLUTE (.), (ORIGIN (SRAM1) + LENGTH (SRAM1)))
 *fill*         0x20000d0c    0x132f4 
                0x20014000                        __heap_sram1_end = .

.data_sram2     0x20014000        0x0 load address 0x080016a0
                0x080016a0                        __data_sram2_load = LOADADDR (.data_sram2)
                0x20014000                        __data_sram2_start = .
 *(.data_sram2 .data_sram2.*)
                0x20014000                        . = ALIGN (0x4)
                0x20014000                        __data_sram2_end = .

.bss_sram2      0x20014000        0x0 load address 0x080016a0
                0x20014000                        . = ALIGN (0x4)
                0x20014000                        __bss_sram2_start = .
 *(.bss_sram2 .bss_sram2.*)
                0x20014000                        . = ALIGN (0x4)
                0x20014000                        __bss_sram2_end = .

.noinit_sram2   0x20014000        0x0 load address 0x080016a0
                0x20014000                        . = ALIGN (0x4)
                0x20014000                        __noinit_sram2_start = .
 *(.noinit_sram2 .noinit_sram2.*)
                0x20014000                        . = ALIGN (0x4)
                0x20014000                        __noinit_sram2_end = .

.heap_sram2     0x20014000     0x4000 load address 0x080016a0
                0x20014000                        . = ALIGN (0x4)
                0x20014000                        __heap_sram2_start = .
                0x20018000                        . = MAX (ABSOLUTE (.), (ORIGIN (SRAM2) + LENGTH (SRAM2)))
 *fill*         0x20014000     0x4000 
                0x20018000                        __heap_sram2_end = .

.vectors        0x10000000      0x1d8
                0x10000000                        __vector_table_ram_start = .
 *(.vector_ram)
 .vector_ram    0x10000000      0x1d8 build/forward_testen/scons-release/modm/libmodm.a(vectors.o)
                0x10000000                vectorsRam
                0x100001d8                        . = ALIGN (0x4)
                0x100001d8                        __vector_table_ram_end = .

.rel.dyn        0x100001d8        0x0
 .rel.iplt      0x100001d8        0x0 build/forward_testen/scons-release/logger.o

.fastcode       0x100001d8        0x0 load address 0x080016a0
                0x080016a0                        __fastcode_load = LOADADDR (.fastcode)
                0x100001d8                        __fastcode_start = .
 *(.fastcode .fastcode.*)
                0x100001d8                        . = ALIGN (0x4)
                0x100001d8                        __fastcode_end = .

.fastdata       0x100001d8        0x8 load address 0x080016a0
                0x080016a0                        __fastdata_load = LOADADDR (.fastdata)
                0x100001d8                        __fastdata_start = .
 *(.fastdata .fastdata.*)
 .fastdata      0x100001d8        0x8 build/forward_testen/scons-release/modm/libmodm.a(rcc.o)
                0x100001d8                modm::platform::delay_ns_per_loop
                0x100001da                modm::platform::delay_fcpu_MHz
                0x100001dc                SystemCoreClock
                0x100001e0                        . = ALIGN (0x4)
                0x100001e0                        __fastdata_end = .

.data_ccm       0x100001e0        0x0 load address 0x080016a8
                0x080016a8                        __data_ccm_load = LOADADDR (.data_ccm)
                0x100001e0                        __data_ccm_start = .
 *(.data_ccm .data_ccm.*)
                0x100001e0                        . = ALIGN (0x4)
                0x100001e0                        __data_ccm_end = .

.bss_ccm        0x100001e0        0x0 load address 0x080016a8
                0x100001e0                        . = ALIGN (0x4)
                0x100001e0                        __bss_ccm_start = .
 *(.bss_ccm .bss_ccm.*)
                0x100001e0                        . = ALIGN (0x4)
                0x100001e0                        __bss_ccm_end = .

.noinit_ccm     0x100001e0        0x0 load address 0x080016a8
                0x100001e0                        . = ALIGN (0x4)
                0x100001e0                        __noinit_ccm_start = .
 *(.noinit_ccm .noinit_ccm.*)
                0x100001e0                        . = ALIGN (0x4)
                0x100001e0                        __noinit_ccm_end = .

.heap_ccm       0x100001e0     0x7e20 load address 0x080016a8
                0x100001e0                        . = ALIGN (0x4)
                0x100001e0                        __heap_ccm_start = .
                0x10008000                        . = MAX (ABSOLUTE (.), (ORIGIN (CCM) + LENGTH (CCM)))
 *fill*         0x100001e0     0x7e20 
                0x10008000                        __heap_ccm_end = .

.rodata         0x080016a8       0x90
                0x080016a8                        . = ALIGN (0x4)
                0x080016a8                        __table_zero_intern_start = .
                0x080016a8        0x4 LONG 0x20000c04 __bss_start
                0x080016ac        0x4 LONG 0x20000d0c __bss_end
                0x080016b0        0x4 LONG 0x20014000 __bss_sram2_start
                0x080016b4        0x4 LONG 0x20014000 __bss_sram2_end
                0x080016b8        0x4 LONG 0x100001e0 __bss_ccm_start
                0x080016bc        0x4 LONG 0x100001e0 __bss_ccm_end
                0x080016c0                        __table_zero_intern_end = .
                0x080016c0                        __table_copy_intern_start = .
                0x080016c0        0x4 LONG 0x800169c __data_load
                0x080016c4        0x4 LONG 0x20000c00 __data_start
                0x080016c8        0x4 LONG 0x20000c04 __data_end
                0x080016cc        0x4 LONG 0x80016a0 __data_sram1_load
                0x080016d0        0x4 LONG 0x20000c04 __data_sram1_start
                0x080016d4        0x4 LONG 0x20000c04 __data_sram1_end
                0x080016d8        0x4 LONG 0x80016a0 __data_sram2_load
                0x080016dc        0x4 LONG 0x20014000 __data_sram2_start
                0x080016e0        0x4 LONG 0x20014000 __data_sram2_end
                0x080016e4        0x4 LONG 0x8000000 __vector_table_ram_load
                0x080016e8        0x4 LONG 0x10000000 __vector_table_ram_start
                0x080016ec        0x4 LONG 0x100001d8 __vector_table_ram_end
                0x080016f0        0x4 LONG 0x80016a0 __fastcode_load
                0x080016f4        0x4 LONG 0x100001d8 __fastcode_start
                0x080016f8        0x4 LONG 0x100001d8 __fastcode_end
                0x080016fc        0x4 LONG 0x80016a0 __fastdata_load
                0x08001700        0x4 LONG 0x100001d8 __fastdata_start
                0x08001704        0x4 LONG 0x100001e0 __fastdata_end
                0x08001708        0x4 LONG 0x80016a8 __data_ccm_load
                0x0800170c        0x4 LONG 0x100001e0 __data_ccm_start
                0x08001710        0x4 LONG 0x100001e0 __data_ccm_end
                0x08001714                        __table_copy_intern_end = .
                0x08001714                        __table_zero_extern_start = .
                0x08001714                        __table_zero_extern_end = .
                0x08001714                        __table_copy_extern_start = .
                0x08001714                        __table_copy_extern_end = .
                0x08001714                        __table_heap_start = .
                0x08001714        0x4 LONG 0x1f
                0x08001718        0x4 LONG 0x20000d0c __heap_sram1_start
                0x0800171c        0x4 LONG 0x20014000 __heap_sram1_end
                0x08001720        0x4 LONG 0x1f
                0x08001724        0x4 LONG 0x20014000 __heap_sram2_start
                0x08001728        0x4 LONG 0x20018000 __heap_sram2_end
                0x0800172c        0x4 LONG 0x2006
                0x08001730        0x4 LONG 0x100001e0 __heap_ccm_start
                0x08001734        0x4 LONG 0x10008000 __heap_ccm_end
                0x08001738                        __table_heap_end = .
                0x08001738                        . = ALIGN (0x4)
                0x08001738                        __rom_end = .

.debug_abbrev   0x00000000     0x8c06
 *(.debug_abbrev)
 .debug_abbrev  0x00000000      0xe80 build/forward_testen/scons-release/logger.o
 .debug_abbrev  0x00000e80     0x129b build/forward_testen/scons-release/main.o
 .debug_abbrev  0x0000211b      0x7c9 build/forward_testen/scons-release/modm/libmodm.a(new_delete.o)
 .debug_abbrev  0x000028e4      0x8e4 build/forward_testen/scons-release/modm/libmodm.a(vl53l0.o)
 .debug_abbrev  0x000031c8      0x853 build/forward_testen/scons-release/modm/libmodm.a(rcc.o)
 .debug_abbrev  0x00003a1b      0x91b build/forward_testen/scons-release/modm/libmodm.a(systick_timer.o)
 .debug_abbrev  0x00004336      0x841 build/forward_testen/scons-release/modm/libmodm.a(assert.o)
 .debug_abbrev  0x00004b77      0x6a5 build/forward_testen/scons-release/modm/libmodm.a(delay.o)
 .debug_abbrev  0x0000521c      0x1c8 build/forward_testen/scons-release/modm/libmodm.a(no_heap.o)
 .debug_abbrev  0x000053e4       0x14 build/forward_testen/scons-release/modm/libmodm.a(reset_handler.o)
 .debug_abbrev  0x000053f8      0x2d2 build/forward_testen/scons-release/modm/libmodm.a(startup.o)
 .debug_abbrev  0x000056ca       0xda build/forward_testen/scons-release/modm/libmodm.a(startup_platform.o)
 .debug_abbrev  0x000057a4      0x2ad build/forward_testen/scons-release/modm/libmodm.a(vectors.o)
 .debug_abbrev  0x00005a51       0xc2 build/forward_testen/scons-release/modm/libmodm.a(enable.o)
 .debug_abbrev  0x00005b13      0xf55 build/forward_testen/scons-release/modm/libmodm.a(i2c_master_1.o)
 .debug_abbrev  0x00006a68      0xb1a build/forward_testen/scons-release/modm/libmodm.a(timer_2.o)
 .debug_abbrev  0x00007582      0xb1a build/forward_testen/scons-release/modm/libmodm.a(timer_3.o)
 .debug_abbrev  0x0000809c      0xb6a build/forward_testen/scons-release/modm/libmodm.a(uart_1.o)

.debug_aranges  0x00000000      0x5e0
 *(.debug_aranges)
 .debug_aranges
                0x00000000       0x80 build/forward_testen/scons-release/logger.o
 .debug_aranges
                0x00000080       0xf0 build/forward_testen/scons-release/main.o
 .debug_aranges
                0x00000170       0x98 build/forward_testen/scons-release/modm/libmodm.a(new_delete.o)
 .debug_aranges
                0x00000208       0x30 build/forward_testen/scons-release/modm/libmodm.a(vl53l0.o)
 .debug_aranges
                0x00000238       0x80 build/forward_testen/scons-release/modm/libmodm.a(rcc.o)
 .debug_aranges
                0x000002b8       0x40 build/forward_testen/scons-release/modm/libmodm.a(systick_timer.o)
 .debug_aranges
                0x000002f8       0x28 build/forward_testen/scons-release/modm/libmodm.a(assert.o)
 .debug_aranges
                0x00000320       0x28 build/forward_testen/scons-release/modm/libmodm.a(delay.o)
 .debug_aranges
                0x00000348       0x28 build/forward_testen/scons-release/modm/libmodm.a(no_heap.o)
 .debug_aranges
                0x00000370       0x20 build/forward_testen/scons-release/modm/libmodm.a(reset_handler.o)
 .debug_aranges
                0x00000390       0x30 build/forward_testen/scons-release/modm/libmodm.a(startup.o)
 .debug_aranges
                0x000003c0       0x20 build/forward_testen/scons-release/modm/libmodm.a(startup_platform.o)
 .debug_aranges
                0x000003e0       0x20 build/forward_testen/scons-release/modm/libmodm.a(vectors.o)
 .debug_aranges
                0x00000400       0x20 build/forward_testen/scons-release/modm/libmodm.a(enable.o)
 .debug_aranges
                0x00000420       0x70 build/forward_testen/scons-release/modm/libmodm.a(i2c_master_1.o)
 .debug_aranges
                0x00000490       0x80 build/forward_testen/scons-release/modm/libmodm.a(timer_2.o)
 .debug_aranges
                0x00000510       0x80 build/forward_testen/scons-release/modm/libmodm.a(timer_3.o)
 .debug_aranges
                0x00000590       0x50 build/forward_testen/scons-release/modm/libmodm.a(uart_1.o)

.debug_frame    0x00000000      0xcdc
 *(.debug_frame)
 .debug_frame   0x00000000      0x104 build/forward_testen/scons-release/logger.o
 .debug_frame   0x00000104      0x2a4 build/forward_testen/scons-release/main.o
 .debug_frame   0x000003a8      0x15c build/forward_testen/scons-release/modm/libmodm.a(new_delete.o)
 .debug_frame   0x00000504       0x48 build/forward_testen/scons-release/modm/libmodm.a(vl53l0.o)
 .debug_frame   0x0000054c      0x100 build/forward_testen/scons-release/modm/libmodm.a(rcc.o)
 .debug_frame   0x0000064c       0x80 build/forward_testen/scons-release/modm/libmodm.a(systick_timer.o)
 .debug_frame   0x000006cc       0x40 build/forward_testen/scons-release/modm/libmodm.a(assert.o)
 .debug_frame   0x0000070c       0x30 build/forward_testen/scons-release/modm/libmodm.a(delay.o)
 .debug_frame   0x0000073c       0x30 build/forward_testen/scons-release/modm/libmodm.a(no_heap.o)
 .debug_frame   0x0000076c       0x58 build/forward_testen/scons-release/modm/libmodm.a(startup.o)
 .debug_frame   0x000007c4       0x20 build/forward_testen/scons-release/modm/libmodm.a(startup_platform.o)
 .debug_frame   0x000007e4       0x30 build/forward_testen/scons-release/modm/libmodm.a(vectors.o)
 .debug_frame   0x00000814       0x20 build/forward_testen/scons-release/modm/libmodm.a(enable.o)
 .debug_frame   0x00000834      0x158 build/forward_testen/scons-release/modm/libmodm.a(i2c_master_1.o)
 .debug_frame   0x0000098c      0x150 build/forward_testen/scons-release/modm/libmodm.a(timer_2.o)
 .debug_frame   0x00000adc      0x150 build/forward_testen/scons-release/modm/libmodm.a(timer_3.o)
 .debug_frame   0x00000c2c       0x90 build/forward_testen/scons-release/modm/libmodm.a(uart_1.o)
 .debug_frame   0x00000cbc       0x20 /opt/homebrew/Cellar/arm-gcc-bin@13/13.2.rel1/bin/../lib/gcc/arm-none-eabi/13.2.1/../../../../arm-none-eabi/lib/thumb/v7e-m+fp/hard/libc_nano.a(libc_a-memset.o)

.debug_info     0x00000000    0x5d959
 *(.debug_info)
 .debug_info    0x00000000     0x841f build/forward_testen/scons-release/logger.o
 .debug_info    0x0000841f    0x15c47 build/forward_testen/scons-release/main.o
 .debug_info    0x0001e066     0x437c build/forward_testen/scons-release/modm/libmodm.a(new_delete.o)
 .debug_info    0x000223e2     0x589e build/forward_testen/scons-release/modm/libmodm.a(vl53l0.o)
 .debug_info    0x00027c80     0x5241 build/forward_testen/scons-release/modm/libmodm.a(rcc.o)
 .debug_info    0x0002cec1     0x4c5c build/forward_testen/scons-release/modm/libmodm.a(systick_timer.o)
 .debug_info    0x00031b1d     0x50d4 build/forward_testen/scons-release/modm/libmodm.a(assert.o)
 .debug_info    0x00036bf1     0x3f0b build/forward_testen/scons-release/modm/libmodm.a(delay.o)
 .debug_info    0x0003aafc      0x7a5 build/forward_testen/scons-release/modm/libmodm.a(no_heap.o)
 .debug_info    0x0003b2a1       0x26 build/forward_testen/scons-release/modm/libmodm.a(reset_handler.o)
 .debug_info    0x0003b2c7      0x6c5 build/forward_testen/scons-release/modm/libmodm.a(startup.o)
 .debug_info    0x0003b98c      0x49c build/forward_testen/scons-release/modm/libmodm.a(startup_platform.o)
 .debug_info    0x0003be28      0x949 build/forward_testen/scons-release/modm/libmodm.a(vectors.o)
 .debug_info    0x0003c771      0x30b build/forward_testen/scons-release/modm/libmodm.a(enable.o)
 .debug_info    0x0003ca7c     0x84a6 build/forward_testen/scons-release/modm/libmodm.a(i2c_master_1.o)
 .debug_info    0x00044f22     0x8df2 build/forward_testen/scons-release/modm/libmodm.a(timer_2.o)
 .debug_info    0x0004dd14     0x8e0b build/forward_testen/scons-release/modm/libmodm.a(timer_3.o)
 .debug_info    0x00056b1f     0x6e3a build/forward_testen/scons-release/modm/libmodm.a(uart_1.o)

.debug_line     0x00000000    0x13eb5
 *(.debug_line)
 .debug_line    0x00000000     0x1e47 build/forward_testen/scons-release/logger.o
 .debug_line    0x00001e47     0x3222 build/forward_testen/scons-release/main.o
 .debug_line    0x00005069     0x104b build/forward_testen/scons-release/modm/libmodm.a(new_delete.o)
 .debug_line    0x000060b4     0x17b0 build/forward_testen/scons-release/modm/libmodm.a(vl53l0.o)
 .debug_line    0x00007864     0x1777 build/forward_testen/scons-release/modm/libmodm.a(rcc.o)
 .debug_line    0x00008fdb     0x12df build/forward_testen/scons-release/modm/libmodm.a(systick_timer.o)
 .debug_line    0x0000a2ba     0x1125 build/forward_testen/scons-release/modm/libmodm.a(assert.o)
 .debug_line    0x0000b3df     0x11ad build/forward_testen/scons-release/modm/libmodm.a(delay.o)
 .debug_line    0x0000c58c      0x1d9 build/forward_testen/scons-release/modm/libmodm.a(no_heap.o)
 .debug_line    0x0000c765       0x67 build/forward_testen/scons-release/modm/libmodm.a(reset_handler.o)
 .debug_line    0x0000c7cc      0x48f build/forward_testen/scons-release/modm/libmodm.a(startup.o)
 .debug_line    0x0000cc5b      0x2d2 build/forward_testen/scons-release/modm/libmodm.a(startup_platform.o)
 .debug_line    0x0000cf2d      0x399 build/forward_testen/scons-release/modm/libmodm.a(vectors.o)
 .debug_line    0x0000d2c6      0x2d5 build/forward_testen/scons-release/modm/libmodm.a(enable.o)
 .debug_line    0x0000d59b     0x2136 build/forward_testen/scons-release/modm/libmodm.a(i2c_master_1.o)
 .debug_line    0x0000f6d1     0x18fa build/forward_testen/scons-release/modm/libmodm.a(timer_2.o)
 .debug_line    0x00010fcb     0x18fd build/forward_testen/scons-release/modm/libmodm.a(timer_3.o)
 .debug_line    0x000128c8     0x15ed build/forward_testen/scons-release/modm/libmodm.a(uart_1.o)

.debug_loc      0x00000000     0x48db
 *(.debug_loc)
 .debug_loc     0x00000000      0x47d build/forward_testen/scons-release/logger.o
 .debug_loc     0x0000047d     0x152d build/forward_testen/scons-release/main.o
 .debug_loc     0x000019aa      0x19d build/forward_testen/scons-release/modm/libmodm.a(new_delete.o)
 .debug_loc     0x00001b47      0x2ce build/forward_testen/scons-release/modm/libmodm.a(vl53l0.o)
 .debug_loc     0x00001e15      0x61b build/forward_testen/scons-release/modm/libmodm.a(rcc.o)
 .debug_loc     0x00002430      0x171 build/forward_testen/scons-release/modm/libmodm.a(systick_timer.o)
 .debug_loc     0x000025a1      0x32b build/forward_testen/scons-release/modm/libmodm.a(assert.o)
 .debug_loc     0x000028cc       0x97 build/forward_testen/scons-release/modm/libmodm.a(delay.o)
 .debug_loc     0x00002963       0x2b build/forward_testen/scons-release/modm/libmodm.a(no_heap.o)
 .debug_loc     0x0000298e      0x162 build/forward_testen/scons-release/modm/libmodm.a(startup.o)
 .debug_loc     0x00002af0       0xcf build/forward_testen/scons-release/modm/libmodm.a(vectors.o)
 .debug_loc     0x00002bbf      0x79c build/forward_testen/scons-release/modm/libmodm.a(i2c_master_1.o)
 .debug_loc     0x0000335b      0xa0a build/forward_testen/scons-release/modm/libmodm.a(timer_2.o)
 .debug_loc     0x00003d65      0xabe build/forward_testen/scons-release/modm/libmodm.a(timer_3.o)
 .debug_loc     0x00004823       0xb8 build/forward_testen/scons-release/modm/libmodm.a(uart_1.o)

.debug_macinfo
 *(.debug_macinfo)

.debug_pubnames
 *(.debug_pubnames)

.debug_pubtypes
 *(.debug_pubtypes)

.debug_ranges   0x00000000      0xcf8
 *(.debug_ranges)
 .debug_ranges  0x00000000       0xb8 build/forward_testen/scons-release/logger.o
 .debug_ranges  0x000000b8      0x5c0 build/forward_testen/scons-release/main.o
 .debug_ranges  0x00000678       0x88 build/forward_testen/scons-release/modm/libmodm.a(new_delete.o)
 .debug_ranges  0x00000700       0x20 build/forward_testen/scons-release/modm/libmodm.a(vl53l0.o)
 .debug_ranges  0x00000720       0xb8 build/forward_testen/scons-release/modm/libmodm.a(rcc.o)
 .debug_ranges  0x000007d8       0x30 build/forward_testen/scons-release/modm/libmodm.a(systick_timer.o)
 .debug_ranges  0x00000808       0x38 build/forward_testen/scons-release/modm/libmodm.a(assert.o)
 .debug_ranges  0x00000840       0x18 build/forward_testen/scons-release/modm/libmodm.a(delay.o)
 .debug_ranges  0x00000858       0x18 build/forward_testen/scons-release/modm/libmodm.a(no_heap.o)
 .debug_ranges  0x00000870       0x98 build/forward_testen/scons-release/modm/libmodm.a(startup.o)
 .debug_ranges  0x00000908       0x10 build/forward_testen/scons-release/modm/libmodm.a(startup_platform.o)
 .debug_ranges  0x00000918       0x58 build/forward_testen/scons-release/modm/libmodm.a(vectors.o)
 .debug_ranges  0x00000970       0x10 build/forward_testen/scons-release/modm/libmodm.a(enable.o)
 .debug_ranges  0x00000980      0x160 build/forward_testen/scons-release/modm/libmodm.a(i2c_master_1.o)
 .debug_ranges  0x00000ae0       0xd0 build/forward_testen/scons-release/modm/libmodm.a(timer_2.o)
 .debug_ranges  0x00000bb0       0xd0 build/forward_testen/scons-release/modm/libmodm.a(timer_3.o)
 .debug_ranges  0x00000c80       0x78 build/forward_testen/scons-release/modm/libmodm.a(uart_1.o)

.debug_str      0x00000000    0xd26a6
 *(.debug_str)
 .debug_str     0x00000000    0xd26a6 build/forward_testen/scons-release/logger.o
                              0xb8b71 (size before relaxing)
 .debug_str     0x000d26a6    0xcdf2f build/forward_testen/scons-release/main.o
 .debug_str     0x000d26a6    0x1562f build/forward_testen/scons-release/modm/libmodm.a(new_delete.o)
 .debug_str     0x000d26a6    0xb402d build/forward_testen/scons-release/modm/libmodm.a(vl53l0.o)
 .debug_str     0x000d26a6    0xb18e4 build/forward_testen/scons-release/modm/libmodm.a(rcc.o)
 .debug_str     0x000d26a6    0xb0c53 build/forward_testen/scons-release/modm/libmodm.a(systick_timer.o)
 .debug_str     0x000d26a6    0xb0c31 build/forward_testen/scons-release/modm/libmodm.a(assert.o)
 .debug_str     0x000d26a6    0xb0ddd build/forward_testen/scons-release/modm/libmodm.a(delay.o)
 .debug_str     0x000d26a6     0x6de2 build/forward_testen/scons-release/modm/libmodm.a(no_heap.o)
 .debug_str     0x000d26a6       0x72 build/forward_testen/scons-release/modm/libmodm.a(reset_handler.o)
 .debug_str     0x000d26a6    0x9f88f build/forward_testen/scons-release/modm/libmodm.a(startup.o)
 .debug_str     0x000d26a6    0x9f31d build/forward_testen/scons-release/modm/libmodm.a(startup_platform.o)
 .debug_str     0x000d26a6    0x9fe36 build/forward_testen/scons-release/modm/libmodm.a(vectors.o)
 .debug_str     0x000d26a6    0x9ff14 build/forward_testen/scons-release/modm/libmodm.a(enable.o)
 .debug_str     0x000d26a6    0xb5ab2 build/forward_testen/scons-release/modm/libmodm.a(i2c_master_1.o)
 .debug_str     0x000d26a6    0xb831c build/forward_testen/scons-release/modm/libmodm.a(timer_2.o)
 .debug_str     0x000d26a6    0xb831c build/forward_testen/scons-release/modm/libmodm.a(timer_3.o)
 .debug_str     0x000d26a6    0xb673b build/forward_testen/scons-release/modm/libmodm.a(uart_1.o)

.comment        0x00000000       0x44
 *(.comment)
 .comment       0x00000000       0x44 build/forward_testen/scons-release/logger.o
                                 0x45 (size before relaxing)
 .comment       0x00000044       0x45 build/forward_testen/scons-release/main.o
 .comment       0x00000044       0x45 build/forward_testen/scons-release/modm/libmodm.a(new_delete.o)
 .comment       0x00000044       0x45 build/forward_testen/scons-release/modm/libmodm.a(vl53l0.o)
 .comment       0x00000044       0x45 build/forward_testen/scons-release/modm/libmodm.a(rcc.o)
 .comment       0x00000044       0x45 build/forward_testen/scons-release/modm/libmodm.a(systick_timer.o)
 .comment       0x00000044       0x45 build/forward_testen/scons-release/modm/libmodm.a(assert.o)
 .comment       0x00000044       0x45 build/forward_testen/scons-release/modm/libmodm.a(delay.o)
 .comment       0x00000044       0x45 build/forward_testen/scons-release/modm/libmodm.a(no_heap.o)
 .comment       0x00000044       0x45 build/forward_testen/scons-release/modm/libmodm.a(startup.o)
 .comment       0x00000044       0x45 build/forward_testen/scons-release/modm/libmodm.a(startup_platform.o)
 .comment       0x00000044       0x45 build/forward_testen/scons-release/modm/libmodm.a(vectors.o)
 .comment       0x00000044       0x45 build/forward_testen/scons-release/modm/libmodm.a(enable.o)
 .comment       0x00000044       0x45 build/forward_testen/scons-release/modm/libmodm.a(i2c_master_1.o)
 .comment       0x00000044       0x45 build/forward_testen/scons-release/modm/libmodm.a(timer_2.o)
 .comment       0x00000044       0x45 build/forward_testen/scons-release/modm/libmodm.a(timer_3.o)
 .comment       0x00000044       0x45 build/forward_testen/scons-release/modm/libmodm.a(uart_1.o)

.ARM.attributes
                0x00000000       0x32
 *(.ARM.attributes)
 .ARM.attributes
                0x00000000       0x34 build/forward_testen/scons-release/logger.o
 .ARM.attributes
                0x00000034       0x34 build/forward_testen/scons-release/main.o
 .ARM.attributes
                0x00000068       0x34 build/forward_testen/scons-release/modm/libmodm.a(atomic.o)
 .ARM.attributes
                0x0000009c       0x34 build/forward_testen/scons-release/modm/libmodm.a(cabi.o)
 .ARM.attributes
                0x000000d0       0x34 build/forward_testen/scons-release/modm/libmodm.a(cxxabi.o)
 .ARM.attributes
                0x00000104       0x34 build/forward_testen/scons-release/modm/libmodm.a(new_delete.o)
 .ARM.attributes
                0x00000138       0x34 build/forward_testen/scons-release/modm/libmodm.a(flag.o)
 .ARM.attributes
                0x0000016c       0x34 build/forward_testen/scons-release/modm/libmodm.a(smart_pointer.o)
 .ARM.attributes
                0x000001a0       0x34 build/forward_testen/scons-release/modm/libmodm.a(vl53l0.o)
 .ARM.attributes
                0x000001d4       0x34 build/forward_testen/scons-release/modm/libmodm.a(iostream.o)
 .ARM.attributes
                0x00000208       0x34 build/forward_testen/scons-release/modm/libmodm.a(iostream_printf.o)
 .ARM.attributes
                0x0000023c       0x34 build/forward_testen/scons-release/modm/libmodm.a(bit_operation.o)
 .ARM.attributes
                0x00000270       0x34 build/forward_testen/scons-release/modm/libmodm.a(operator.o)
 .ARM.attributes
                0x000002a4       0x34 build/forward_testen/scons-release/modm/libmodm.a(rcc.o)
 .ARM.attributes
                0x000002d8       0x34 build/forward_testen/scons-release/modm/libmodm.a(systick_timer.o)
 .ARM.attributes
                0x0000030c       0x34 build/forward_testen/scons-release/modm/libmodm.a(assert.o)
 .ARM.attributes
                0x00000340       0x34 build/forward_testen/scons-release/modm/libmodm.a(delay.o)
 .ARM.attributes
                0x00000374       0x34 build/forward_testen/scons-release/modm/libmodm.a(delay_ns.o)
 .ARM.attributes
                0x000003a8       0x34 build/forward_testen/scons-release/modm/libmodm.a(no_heap.o)
 .ARM.attributes
                0x000003dc       0x20 build/forward_testen/scons-release/modm/libmodm.a(reset_handler.o)
 .ARM.attributes
                0x000003fc       0x34 build/forward_testen/scons-release/modm/libmodm.a(startup.o)
 .ARM.attributes
                0x00000430       0x34 build/forward_testen/scons-release/modm/libmodm.a(startup_platform.o)
 .ARM.attributes
                0x00000464       0x34 build/forward_testen/scons-release/modm/libmodm.a(vectors.o)
 .ARM.attributes
                0x00000498       0x34 build/forward_testen/scons-release/modm/libmodm.a(enable.o)
 .ARM.attributes
                0x000004cc       0x34 build/forward_testen/scons-release/modm/libmodm.a(i2c_master_1.o)
 .ARM.attributes
                0x00000500       0x34 build/forward_testen/scons-release/modm/libmodm.a(timer_15.o)
 .ARM.attributes
                0x00000534       0x34 build/forward_testen/scons-release/modm/libmodm.a(timer_2.o)
 .ARM.attributes
                0x00000568       0x34 build/forward_testen/scons-release/modm/libmodm.a(timer_3.o)
 .ARM.attributes
                0x0000059c       0x34 build/forward_testen/scons-release/modm/libmodm.a(uart_1.o)
 .ARM.attributes
                0x000005d0       0x34 build/forward_testen/scons-release/modm/libmodm.a(context_arm_m.o)
 .ARM.attributes
                0x00000604       0x34 build/forward_testen/scons-release/modm/libmodm.a(scheduler.o)
 .ARM.attributes
                0x00000638       0x34 build/forward_testen/scons-release/modm/libmodm.a(printf.o)
 .ARM.attributes
                0x0000066c       0x34 /opt/homebrew/Cellar/arm-gcc-bin@13/13.2.rel1/bin/../lib/gcc/arm-none-eabi/13.2.1/../../../../arm-none-eabi/lib/thumb/v7e-m+fp/hard/libstdc++_nano.a(new_handler.o)
 .ARM.attributes
                0x000006a0       0x34 /opt/homebrew/Cellar/arm-gcc-bin@13/13.2.rel1/bin/../lib/gcc/arm-none-eabi/13.2.1/../../../../arm-none-eabi/lib/thumb/v7e-m+fp/hard/libm.a(libm_a-w_sqrt.o)
 .ARM.attributes
                0x000006d4       0x34 /opt/homebrew/Cellar/arm-gcc-bin@13/13.2.rel1/bin/../lib/gcc/arm-none-eabi/13.2.1/../../../../arm-none-eabi/lib/thumb/v7e-m+fp/hard/libm.a(libm_a-e_sqrt.o)
 .ARM.attributes
                0x00000708       0x34 /opt/homebrew/Cellar/arm-gcc-bin@13/13.2.rel1/bin/../lib/gcc/arm-none-eabi/13.2.1/../../../../arm-none-eabi/lib/thumb/v7e-m+fp/hard/libm.a(libm_a-s_round.o)
 .ARM.attributes
                0x0000073c       0x22 /opt/homebrew/Cellar/arm-gcc-bin@13/13.2.rel1/bin/../lib/gcc/arm-none-eabi/13.2.1/thumb/v7e-m+fp/hard/libgcc.a(_arm_muldf3.o)
 .ARM.attributes
                0x0000075e       0x22 /opt/homebrew/Cellar/arm-gcc-bin@13/13.2.rel1/bin/../lib/gcc/arm-none-eabi/13.2.1/thumb/v7e-m+fp/hard/libgcc.a(_arm_addsubdf3.o)
 .ARM.attributes
                0x00000780       0x22 /opt/homebrew/Cellar/arm-gcc-bin@13/13.2.rel1/bin/../lib/gcc/arm-none-eabi/13.2.1/thumb/v7e-m+fp/hard/libgcc.a(_arm_muldivdf3.o)
 .ARM.attributes
                0x000007a2       0x22 /opt/homebrew/Cellar/arm-gcc-bin@13/13.2.rel1/bin/../lib/gcc/arm-none-eabi/13.2.1/thumb/v7e-m+fp/hard/libgcc.a(_arm_cmpdf2.o)
 .ARM.attributes
                0x000007c4       0x22 /opt/homebrew/Cellar/arm-gcc-bin@13/13.2.rel1/bin/../lib/gcc/arm-none-eabi/13.2.1/thumb/v7e-m+fp/hard/libgcc.a(_arm_unorddf2.o)
 .ARM.attributes
                0x000007e6       0x22 /opt/homebrew/Cellar/arm-gcc-bin@13/13.2.rel1/bin/../lib/gcc/arm-none-eabi/13.2.1/thumb/v7e-m+fp/hard/libgcc.a(_arm_fixdfsi.o)
 .ARM.attributes
                0x00000808       0x22 /opt/homebrew/Cellar/arm-gcc-bin@13/13.2.rel1/bin/../lib/gcc/arm-none-eabi/13.2.1/thumb/v7e-m+fp/hard/libgcc.a(_arm_fixunsdfsi.o)
 .ARM.attributes
                0x0000082a       0x22 /opt/homebrew/Cellar/arm-gcc-bin@13/13.2.rel1/bin/../lib/gcc/arm-none-eabi/13.2.1/thumb/v7e-m+fp/hard/libgcc.a(_aeabi_ldivmod.o)
 .ARM.attributes
                0x0000084c       0x22 /opt/homebrew/Cellar/arm-gcc-bin@13/13.2.rel1/bin/../lib/gcc/arm-none-eabi/13.2.1/thumb/v7e-m+fp/hard/libgcc.a(_aeabi_uldivmod.o)
 .ARM.attributes
                0x0000086e       0x34 /opt/homebrew/Cellar/arm-gcc-bin@13/13.2.rel1/bin/../lib/gcc/arm-none-eabi/13.2.1/thumb/v7e-m+fp/hard/libgcc.a(_fixdfdi.o)
 .ARM.attributes
                0x000008a2       0x34 /opt/homebrew/Cellar/arm-gcc-bin@13/13.2.rel1/bin/../lib/gcc/arm-none-eabi/13.2.1/thumb/v7e-m+fp/hard/libgcc.a(_fixunsdfdi.o)
 .ARM.attributes
                0x000008d6       0x34 /opt/homebrew/Cellar/arm-gcc-bin@13/13.2.rel1/bin/../lib/gcc/arm-none-eabi/13.2.1/thumb/v7e-m+fp/hard/libgcc.a(_udivmoddi4.o)
 .ARM.attributes
                0x0000090a       0x22 /opt/homebrew/Cellar/arm-gcc-bin@13/13.2.rel1/bin/../lib/gcc/arm-none-eabi/13.2.1/thumb/v7e-m+fp/hard/libgcc.a(_dvmd_tls.o)
 .ARM.attributes
                0x0000092c       0x34 /opt/homebrew/Cellar/arm-gcc-bin@13/13.2.rel1/bin/../lib/gcc/arm-none-eabi/13.2.1/../../../../arm-none-eabi/lib/thumb/v7e-m+fp/hard/libc_nano.a(libc_a-malloc.o)
 .ARM.attributes
                0x00000960       0x34 /opt/homebrew/Cellar/arm-gcc-bin@13/13.2.rel1/bin/../lib/gcc/arm-none-eabi/13.2.1/../../../../arm-none-eabi/lib/thumb/v7e-m+fp/hard/libc_nano.a(libc_a-mallocr.o)
 .ARM.attributes
                0x00000994       0x34 /opt/homebrew/Cellar/arm-gcc-bin@13/13.2.rel1/bin/../lib/gcc/arm-none-eabi/13.2.1/../../../../arm-none-eabi/lib/thumb/v7e-m+fp/hard/libc_nano.a(libc_a-mlock.o)
 .ARM.attributes
                0x000009c8       0x34 /opt/homebrew/Cellar/arm-gcc-bin@13/13.2.rel1/bin/../lib/gcc/arm-none-eabi/13.2.1/../../../../arm-none-eabi/lib/thumb/v7e-m+fp/hard/libc_nano.a(libc_a-memcmp.o)
 .ARM.attributes
                0x000009fc       0x34 /opt/homebrew/Cellar/arm-gcc-bin@13/13.2.rel1/bin/../lib/gcc/arm-none-eabi/13.2.1/../../../../arm-none-eabi/lib/thumb/v7e-m+fp/hard/libc_nano.a(libc_a-memset.o)
 .ARM.attributes
                0x00000a30       0x34 /opt/homebrew/Cellar/arm-gcc-bin@13/13.2.rel1/bin/../lib/gcc/arm-none-eabi/13.2.1/../../../../arm-none-eabi/lib/thumb/v7e-m+fp/hard/libc_nano.a(libc_a-impure.o)
 .ARM.attributes
                0x00000a64       0x34 /opt/homebrew/Cellar/arm-gcc-bin@13/13.2.rel1/bin/../lib/gcc/arm-none-eabi/13.2.1/../../../../arm-none-eabi/lib/thumb/v7e-m+fp/hard/libc_nano.a(libc_a-errno.o)
 .ARM.attributes
                0x00000a98       0x34 /opt/homebrew/Cellar/arm-gcc-bin@13/13.2.rel1/bin/../lib/gcc/arm-none-eabi/13.2.1/../../../../arm-none-eabi/lib/thumb/v7e-m+fp/hard/libc_nano.a(libc_a-lock.o)
 .ARM.attributes
                0x00000acc       0x34 /opt/homebrew/Cellar/arm-gcc-bin@13/13.2.rel1/bin/../lib/gcc/arm-none-eabi/13.2.1/../../../../arm-none-eabi/lib/thumb/v7e-m+fp/hard/libc_nano.a(libc_a-memcpy-stub.o)
 .ARM.attributes
                0x00000b00       0x34 /opt/homebrew/Cellar/arm-gcc-bin@13/13.2.rel1/bin/../lib/gcc/arm-none-eabi/13.2.1/../../../../arm-none-eabi/lib/thumb/v7e-m+fp/hard/libc_nano.a(libc_a-freer.o)

/DISCARD/
 *(.note.GNU-stack)
OUTPUT(build/forward_testen/scons-release/forward_testen.elf elf32-littlearm)
LOAD linker stubs

.debug_macro    0x00000000    0x29eb6
 .debug_macro   0x00000000     0x10b3 build/forward_testen/scons-release/logger.o
 .debug_macro   0x000010b3      0xcb8 build/forward_testen/scons-release/logger.o
 .debug_macro   0x00001d6b       0x56 build/forward_testen/scons-release/logger.o
 .debug_macro   0x00001dc1      0x105 build/forward_testen/scons-release/logger.o
 .debug_macro   0x00001ec6       0x28 build/forward_testen/scons-release/logger.o
 .debug_macro   0x00001eee      0x1f2 build/forward_testen/scons-release/logger.o
 .debug_macro   0x000020e0       0x10 build/forward_testen/scons-release/logger.o
 .debug_macro   0x000020f0       0xd6 build/forward_testen/scons-release/logger.o
 .debug_macro   0x000021c6      0x103 build/forward_testen/scons-release/logger.o
 .debug_macro   0x000022c9      0x361 build/forward_testen/scons-release/logger.o
 .debug_macro   0x0000262a      0x197 build/forward_testen/scons-release/logger.o
 .debug_macro   0x000027c1       0x58 build/forward_testen/scons-release/logger.o
 .debug_macro   0x00002819       0x22 build/forward_testen/scons-release/logger.o
 .debug_macro   0x0000283b       0x75 build/forward_testen/scons-release/logger.o
 .debug_macro   0x000028b0       0x2a build/forward_testen/scons-release/logger.o
 .debug_macro   0x000028da       0x5c build/forward_testen/scons-release/logger.o
 .debug_macro   0x00002936       0x3c build/forward_testen/scons-release/logger.o
 .debug_macro   0x00002972      0x103 build/forward_testen/scons-release/logger.o
 .debug_macro   0x00002a75       0x3a build/forward_testen/scons-release/logger.o
 .debug_macro   0x00002aaf       0x1c build/forward_testen/scons-release/logger.o
 .debug_macro   0x00002acb       0x57 build/forward_testen/scons-release/logger.o
 .debug_macro   0x00002b22       0x6a build/forward_testen/scons-release/logger.o
 .debug_macro   0x00002b8c      0x1df build/forward_testen/scons-release/logger.o
 .debug_macro   0x00002d6b       0x3c build/forward_testen/scons-release/logger.o
 .debug_macro   0x00002da7      0x4cc build/forward_testen/scons-release/logger.o
 .debug_macro   0x00003273       0xb0 build/forward_testen/scons-release/logger.o
 .debug_macro   0x00003323      0x38c build/forward_testen/scons-release/logger.o
 .debug_macro   0x000036af       0x7c build/forward_testen/scons-release/logger.o
 .debug_macro   0x0000372b       0x17 build/forward_testen/scons-release/logger.o
 .debug_macro   0x00003742       0xc4 build/forward_testen/scons-release/logger.o
 .debug_macro   0x00003806       0x1c build/forward_testen/scons-release/logger.o
 .debug_macro   0x00003822      0x14a build/forward_testen/scons-release/logger.o
 .debug_macro   0x0000396c       0x16 build/forward_testen/scons-release/logger.o
 .debug_macro   0x00003982       0x4a build/forward_testen/scons-release/logger.o
 .debug_macro   0x000039cc       0x34 build/forward_testen/scons-release/logger.o
 .debug_macro   0x00003a00       0x10 build/forward_testen/scons-release/logger.o
 .debug_macro   0x00003a10       0x58 build/forward_testen/scons-release/logger.o
 .debug_macro   0x00003a68      0x1de build/forward_testen/scons-release/logger.o
 .debug_macro   0x00003c46       0x10 build/forward_testen/scons-release/logger.o
 .debug_macro   0x00003c56       0x10 build/forward_testen/scons-release/logger.o
 .debug_macro   0x00003c66       0x10 build/forward_testen/scons-release/logger.o
 .debug_macro   0x00003c76       0xb8 build/forward_testen/scons-release/logger.o
 .debug_macro   0x00003d2e       0x2e build/forward_testen/scons-release/logger.o
 .debug_macro   0x00003d5c       0x40 build/forward_testen/scons-release/logger.o
 .debug_macro   0x00003d9c       0x18 build/forward_testen/scons-release/logger.o
 .debug_macro   0x00003db4       0x49 build/forward_testen/scons-release/logger.o
 .debug_macro   0x00003dfd       0x10 build/forward_testen/scons-release/logger.o
 .debug_macro   0x00003e0d       0x10 build/forward_testen/scons-release/logger.o
 .debug_macro   0x00003e1d       0x20 build/forward_testen/scons-release/logger.o
 .debug_macro   0x00003e3d       0x2b build/forward_testen/scons-release/logger.o
 .debug_macro   0x00003e68       0x22 build/forward_testen/scons-release/logger.o
 .debug_macro   0x00003e8a       0x43 build/forward_testen/scons-release/logger.o
 .debug_macro   0x00003ecd       0x39 build/forward_testen/scons-release/logger.o
 .debug_macro   0x00003f06      0x173 build/forward_testen/scons-release/logger.o
 .debug_macro   0x00004079       0x1c build/forward_testen/scons-release/logger.o
 .debug_macro   0x00004095       0x10 build/forward_testen/scons-release/logger.o
 .debug_macro   0x000040a5       0x10 build/forward_testen/scons-release/logger.o
 .debug_macro   0x000040b5       0x1f build/forward_testen/scons-release/logger.o
 .debug_macro   0x000040d4       0x25 build/forward_testen/scons-release/logger.o
 .debug_macro   0x000040f9       0x11 build/forward_testen/scons-release/logger.o
 .debug_macro   0x0000410a       0x17 build/forward_testen/scons-release/logger.o
 .debug_macro   0x00004121       0x10 build/forward_testen/scons-release/logger.o
 .debug_macro   0x00004131       0x28 build/forward_testen/scons-release/logger.o
 .debug_macro   0x00004159       0x2e build/forward_testen/scons-release/logger.o
 .debug_macro   0x00004187       0x11 build/forward_testen/scons-release/logger.o
 .debug_macro   0x00004198       0x10 build/forward_testen/scons-release/logger.o
 .debug_macro   0x000041a8       0x2e build/forward_testen/scons-release/logger.o
 .debug_macro   0x000041d6       0x16 build/forward_testen/scons-release/logger.o
 .debug_macro   0x000041ec       0x46 build/forward_testen/scons-release/logger.o
 .debug_macro   0x00004232       0x5e build/forward_testen/scons-release/logger.o
 .debug_macro   0x00004290       0x11 build/forward_testen/scons-release/logger.o
 .debug_macro   0x000042a1       0x2f build/forward_testen/scons-release/logger.o
 .debug_macro   0x000042d0       0x16 build/forward_testen/scons-release/logger.o
 .debug_macro   0x000042e6       0x2c build/forward_testen/scons-release/logger.o
 .debug_macro   0x00004312       0x11 build/forward_testen/scons-release/logger.o
 .debug_macro   0x00004323       0x32 build/forward_testen/scons-release/logger.o
 .debug_macro   0x00004355       0x11 build/forward_testen/scons-release/logger.o
 .debug_macro   0x00004366       0x1f build/forward_testen/scons-release/logger.o
 .debug_macro   0x00004385       0x11 build/forward_testen/scons-release/logger.o
 .debug_macro   0x00004396       0x88 build/forward_testen/scons-release/logger.o
 .debug_macro   0x0000441e       0x19 build/forward_testen/scons-release/logger.o
 .debug_macro   0x00004437       0x1c build/forward_testen/scons-release/logger.o
 .debug_macro   0x00004453       0x12 build/forward_testen/scons-release/logger.o
 .debug_macro   0x00004465       0x17 build/forward_testen/scons-release/logger.o
 .debug_macro   0x0000447c       0x17 build/forward_testen/scons-release/logger.o
 .debug_macro   0x00004493       0x1e build/forward_testen/scons-release/logger.o
 .debug_macro   0x000044b1       0x1e build/forward_testen/scons-release/logger.o
 .debug_macro   0x000044cf       0x11 build/forward_testen/scons-release/logger.o
 .debug_macro   0x000044e0       0x10 build/forward_testen/scons-release/logger.o
 .debug_macro   0x000044f0       0x16 build/forward_testen/scons-release/logger.o
 .debug_macro   0x00004506       0x22 build/forward_testen/scons-release/logger.o
 .debug_macro   0x00004528       0x1c build/forward_testen/scons-release/logger.o
 .debug_macro   0x00004544       0xde build/forward_testen/scons-release/logger.o
 .debug_macro   0x00004622       0x1c build/forward_testen/scons-release/logger.o
 .debug_macro   0x0000463e       0x10 build/forward_testen/scons-release/logger.o
 .debug_macro   0x0000464e       0x16 build/forward_testen/scons-release/logger.o
 .debug_macro   0x00004664      0x10e build/forward_testen/scons-release/logger.o
 .debug_macro   0x00004772      0x11d build/forward_testen/scons-release/logger.o
 .debug_macro   0x0000488f       0x10 build/forward_testen/scons-release/logger.o
 .debug_macro   0x0000489f      0x242 build/forward_testen/scons-release/logger.o
 .debug_macro   0x00004ae1       0x19 build/forward_testen/scons-release/logger.o
 .debug_macro   0x00004afa       0x18 build/forward_testen/scons-release/logger.o
 .debug_macro   0x00004b12       0x1f build/forward_testen/scons-release/logger.o
 .debug_macro   0x00004b31       0x17 build/forward_testen/scons-release/logger.o
 .debug_macro   0x00004b48       0x17 build/forward_testen/scons-release/logger.o
 .debug_macro   0x00004b5f       0x10 build/forward_testen/scons-release/logger.o
 .debug_macro   0x00004b6f       0x10 build/forward_testen/scons-release/logger.o
 .debug_macro   0x00004b7f       0x76 build/forward_testen/scons-release/logger.o
 .debug_macro   0x00004bf5       0x1c build/forward_testen/scons-release/logger.o
 .debug_macro   0x00004c11       0x1e build/forward_testen/scons-release/logger.o
 .debug_macro   0x00004c2f       0x1e build/forward_testen/scons-release/logger.o
 .debug_macro   0x00004c4d       0x33 build/forward_testen/scons-release/logger.o
 .debug_macro   0x00004c80       0x26 build/forward_testen/scons-release/logger.o
 .debug_macro   0x00004ca6       0x11 build/forward_testen/scons-release/logger.o
 .debug_macro   0x00004cb7       0x12 build/forward_testen/scons-release/logger.o
 .debug_macro   0x00004cc9       0x17 build/forward_testen/scons-release/logger.o
 .debug_macro   0x00004ce0       0x10 build/forward_testen/scons-release/logger.o
 .debug_macro   0x00004cf0       0x12 build/forward_testen/scons-release/logger.o
 .debug_macro   0x00004d02       0x12 build/forward_testen/scons-release/logger.o
 .debug_macro   0x00004d14       0x11 build/forward_testen/scons-release/logger.o
 .debug_macro   0x00004d25       0x24 build/forward_testen/scons-release/logger.o
 .debug_macro   0x00004d49       0x10 build/forward_testen/scons-release/logger.o
 .debug_macro   0x00004d59       0x48 build/forward_testen/scons-release/logger.o
 .debug_macro   0x00004da1       0x18 build/forward_testen/scons-release/logger.o
 .debug_macro   0x00004db9       0x24 build/forward_testen/scons-release/logger.o
 .debug_macro   0x00004ddd       0x16 build/forward_testen/scons-release/logger.o
 .debug_macro   0x00004df3       0x16 build/forward_testen/scons-release/logger.o
 .debug_macro   0x00004e09       0x8e build/forward_testen/scons-release/logger.o
 .debug_macro   0x00004e97       0x30 build/forward_testen/scons-release/logger.o
 .debug_macro   0x00004ec7       0x22 build/forward_testen/scons-release/logger.o
 .debug_macro   0x00004ee9       0x16 build/forward_testen/scons-release/logger.o
 .debug_macro   0x00004eff       0x40 build/forward_testen/scons-release/logger.o
 .debug_macro   0x00004f3f       0x3c build/forward_testen/scons-release/logger.o
 .debug_macro   0x00004f7b       0x10 build/forward_testen/scons-release/logger.o
 .debug_macro   0x00004f8b       0x28 build/forward_testen/scons-release/logger.o
 .debug_macro   0x00004fb3       0x2e build/forward_testen/scons-release/logger.o
 .debug_macro   0x00004fe1       0x10 build/forward_testen/scons-release/logger.o
 .debug_macro   0x00004ff1       0x34 build/forward_testen/scons-release/logger.o
 .debug_macro   0x00005025      0x26d build/forward_testen/scons-release/logger.o
 .debug_macro   0x00005292       0x28 build/forward_testen/scons-release/logger.o
 .debug_macro   0x000052ba     0x11ae build/forward_testen/scons-release/logger.o
 .debug_macro   0x00006468      0x11f build/forward_testen/scons-release/logger.o
 .debug_macro   0x00006587    0x18b45 build/forward_testen/scons-release/logger.o
 .debug_macro   0x0001f0cc       0xe5 build/forward_testen/scons-release/logger.o
 .debug_macro   0x0001f1b1      0x3db build/forward_testen/scons-release/logger.o
 .debug_macro   0x0001f58c       0x16 build/forward_testen/scons-release/logger.o
 .debug_macro   0x0001f5a2       0x11 build/forward_testen/scons-release/logger.o
 .debug_macro   0x0001f5b3       0x17 build/forward_testen/scons-release/logger.o
 .debug_macro   0x0001f5ca       0x17 build/forward_testen/scons-release/logger.o
 .debug_macro   0x0001f5e1       0x17 build/forward_testen/scons-release/logger.o
 .debug_macro   0x0001f5f8       0x17 build/forward_testen/scons-release/logger.o
 .debug_macro   0x0001f60f       0x17 build/forward_testen/scons-release/logger.o
 .debug_macro   0x0001f626       0x17 build/forward_testen/scons-release/logger.o
 .debug_macro   0x0001f63d       0x10 build/forward_testen/scons-release/logger.o
 .debug_macro   0x0001f64d       0x2a build/forward_testen/scons-release/logger.o
 .debug_macro   0x0001f677       0x16 build/forward_testen/scons-release/logger.o
 .debug_macro   0x0001f68d       0x4c build/forward_testen/scons-release/logger.o
 .debug_macro   0x0001f6d9       0x2e build/forward_testen/scons-release/logger.o
 .debug_macro   0x0001f707       0x2d build/forward_testen/scons-release/logger.o
 .debug_macro   0x0001f734       0x41 build/forward_testen/scons-release/logger.o
 .debug_macro   0x0001f775       0x5e build/forward_testen/scons-release/logger.o
 .debug_macro   0x0001f7d3       0x1e build/forward_testen/scons-release/logger.o
 .debug_macro   0x0001f7f1       0x2d build/forward_testen/scons-release/logger.o
 .debug_macro   0x0001f81e       0x10 build/forward_testen/scons-release/logger.o
 .debug_macro   0x0001f82e       0x51 build/forward_testen/scons-release/logger.o
 .debug_macro   0x0001f87f       0x1c build/forward_testen/scons-release/logger.o
 .debug_macro   0x0001f89b       0x10 build/forward_testen/scons-release/logger.o
 .debug_macro   0x0001f8ab       0x10 build/forward_testen/scons-release/logger.o
 .debug_macro   0x0001f8bb       0x10 build/forward_testen/scons-release/logger.o
 .debug_macro   0x0001f8cb       0x38 build/forward_testen/scons-release/logger.o
 .debug_macro   0x0001f903       0x32 build/forward_testen/scons-release/logger.o
 .debug_macro   0x0001f935       0x32 build/forward_testen/scons-release/logger.o
 .debug_macro   0x0001f967       0x12 build/forward_testen/scons-release/logger.o
 .debug_macro   0x0001f979       0x2c build/forward_testen/scons-release/logger.o
 .debug_macro   0x0001f9a5       0x12 build/forward_testen/scons-release/logger.o
 .debug_macro   0x0001f9b7       0x55 build/forward_testen/scons-release/logger.o
 .debug_macro   0x0001fa0c     0x10b0 build/forward_testen/scons-release/main.o
 .debug_macro   0x00020abc       0x56 build/forward_testen/scons-release/main.o
 .debug_macro   0x00020b12       0x51 build/forward_testen/scons-release/main.o
 .debug_macro   0x00020b63       0x7b build/forward_testen/scons-release/main.o
 .debug_macro   0x00020bde      0x9cf build/forward_testen/scons-release/modm/libmodm.a(new_delete.o)
 .debug_macro   0x000215ad       0x19 build/forward_testen/scons-release/modm/libmodm.a(new_delete.o)
 .debug_macro   0x000215c6       0x34 build/forward_testen/scons-release/modm/libmodm.a(new_delete.o)
 .debug_macro   0x000215fa      0x11c build/forward_testen/scons-release/modm/libmodm.a(new_delete.o)
 .debug_macro   0x00021716       0xa2 build/forward_testen/scons-release/modm/libmodm.a(new_delete.o)
 .debug_macro   0x000217b8       0x10 build/forward_testen/scons-release/modm/libmodm.a(new_delete.o)
 .debug_macro   0x000217c8       0x16 build/forward_testen/scons-release/modm/libmodm.a(new_delete.o)
 .debug_macro   0x000217de       0x10 build/forward_testen/scons-release/modm/libmodm.a(new_delete.o)
 .debug_macro   0x000217ee      0xde0 build/forward_testen/scons-release/modm/libmodm.a(vl53l0.o)
 .debug_macro   0x000225ce       0x10 build/forward_testen/scons-release/modm/libmodm.a(vl53l0.o)
 .debug_macro   0x000225de       0x33 build/forward_testen/scons-release/modm/libmodm.a(vl53l0.o)
 .debug_macro   0x00022611       0x52 build/forward_testen/scons-release/modm/libmodm.a(vl53l0.o)
 .debug_macro   0x00022663      0xbab build/forward_testen/scons-release/modm/libmodm.a(rcc.o)
 .debug_macro   0x0002320e       0x32 build/forward_testen/scons-release/modm/libmodm.a(rcc.o)
 .debug_macro   0x00023240       0xf0 build/forward_testen/scons-release/modm/libmodm.a(rcc.o)
 .debug_macro   0x00023330      0xaeb build/forward_testen/scons-release/modm/libmodm.a(systick_timer.o)
 .debug_macro   0x00023e1b       0x10 build/forward_testen/scons-release/modm/libmodm.a(systick_timer.o)
 .debug_macro   0x00023e2b      0xa5a build/forward_testen/scons-release/modm/libmodm.a(assert.o)
 .debug_macro   0x00024885      0xb49 build/forward_testen/scons-release/modm/libmodm.a(delay.o)
 .debug_macro   0x000253ce       0xec build/forward_testen/scons-release/modm/libmodm.a(no_heap.o)
 .debug_macro   0x000254ba       0x10 build/forward_testen/scons-release/modm/libmodm.a(no_heap.o)
 .debug_macro   0x000254ca      0x10f build/forward_testen/scons-release/modm/libmodm.a(startup.o)
 .debug_macro   0x000255d9       0x8e build/forward_testen/scons-release/modm/libmodm.a(startup.o)
 .debug_macro   0x00025667     0x11ae build/forward_testen/scons-release/modm/libmodm.a(startup.o)
 .debug_macro   0x00026815       0xfd build/forward_testen/scons-release/modm/libmodm.a(startup_platform.o)
 .debug_macro   0x00026912      0x111 build/forward_testen/scons-release/modm/libmodm.a(vectors.o)
 .debug_macro   0x00026a23      0x10b build/forward_testen/scons-release/modm/libmodm.a(enable.o)
 .debug_macro   0x00026b2e      0xddc build/forward_testen/scons-release/modm/libmodm.a(i2c_master_1.o)
 .debug_macro   0x0002790a       0x1c build/forward_testen/scons-release/modm/libmodm.a(i2c_master_1.o)
 .debug_macro   0x00027926       0x11 build/forward_testen/scons-release/modm/libmodm.a(i2c_master_1.o)
 .debug_macro   0x00027937       0x2c build/forward_testen/scons-release/modm/libmodm.a(i2c_master_1.o)
 .debug_macro   0x00027963       0x16 build/forward_testen/scons-release/modm/libmodm.a(i2c_master_1.o)
 .debug_macro   0x00027979       0x1f build/forward_testen/scons-release/modm/libmodm.a(i2c_master_1.o)
 .debug_macro   0x00027998       0x18 build/forward_testen/scons-release/modm/libmodm.a(i2c_master_1.o)
 .debug_macro   0x000279b0      0xbda build/forward_testen/scons-release/modm/libmodm.a(timer_2.o)
 .debug_macro   0x0002858a      0xbda build/forward_testen/scons-release/modm/libmodm.a(timer_3.o)
 .debug_macro   0x00029164      0xd52 build/forward_testen/scons-release/modm/libmodm.a(uart_1.o)

Cross Reference Table

Symbol                                            File
ADC1_2_IRQHandler                                 build/forward_testen/scons-release/modm/libmodm.a(vectors.o)
ADC3_IRQHandler                                   build/forward_testen/scons-release/modm/libmodm.a(vectors.o)
ADC4_IRQHandler                                   build/forward_testen/scons-release/modm/libmodm.a(vectors.o)
ADC5_IRQHandler                                   build/forward_testen/scons-release/modm/libmodm.a(vectors.o)
Board::initialize()                               build/forward_testen/scons-release/main.o
BusFault_Handler                                  build/forward_testen/scons-release/modm/libmodm.a(vectors.o)
COMP1_2_3_IRQHandler                              build/forward_testen/scons-release/modm/libmodm.a(vectors.o)
COMP4_5_6_IRQHandler                              build/forward_testen/scons-release/modm/libmodm.a(vectors.o)
COMP7_IRQHandler                                  build/forward_testen/scons-release/modm/libmodm.a(vectors.o)
CORDIC_IRQHandler                                 build/forward_testen/scons-release/modm/libmodm.a(vectors.o)
CRS_IRQHandler                                    build/forward_testen/scons-release/modm/libmodm.a(vectors.o)
DMA1_Channel1_IRQHandler                          build/forward_testen/scons-release/modm/libmodm.a(vectors.o)
DMA1_Channel2_IRQHandler                          build/forward_testen/scons-release/modm/libmodm.a(vectors.o)
DMA1_Channel3_IRQHandler                          build/forward_testen/scons-release/modm/libmodm.a(vectors.o)
DMA1_Channel4_IRQHandler                          build/forward_testen/scons-release/modm/libmodm.a(vectors.o)
DMA1_Channel5_IRQHandler                          build/forward_testen/scons-release/modm/libmodm.a(vectors.o)
DMA1_Channel6_IRQHandler                          build/forward_testen/scons-release/modm/libmodm.a(vectors.o)
DMA1_Channel7_IRQHandler                          build/forward_testen/scons-release/modm/libmodm.a(vectors.o)
DMA1_Channel8_IRQHandler                          build/forward_testen/scons-release/modm/libmodm.a(vectors.o)
DMA2_Channel1_IRQHandler                          build/forward_testen/scons-release/modm/libmodm.a(vectors.o)
DMA2_Channel2_IRQHandler                          build/forward_testen/scons-release/modm/libmodm.a(vectors.o)
DMA2_Channel3_IRQHandler                          build/forward_testen/scons-release/modm/libmodm.a(vectors.o)
DMA2_Channel4_IRQHandler                          build/forward_testen/scons-release/modm/libmodm.a(vectors.o)
DMA2_Channel5_IRQHandler                          build/forward_testen/scons-release/modm/libmodm.a(vectors.o)
DMA2_Channel6_IRQHandler                          build/forward_testen/scons-release/modm/libmodm.a(vectors.o)
DMA2_Channel7_IRQHandler                          build/forward_testen/scons-release/modm/libmodm.a(vectors.o)
DMA2_Channel8_IRQHandler                          build/forward_testen/scons-release/modm/libmodm.a(vectors.o)
DMAMUX_OVR_IRQHandler                             build/forward_testen/scons-release/modm/libmodm.a(vectors.o)
DebugMon_Handler                                  build/forward_testen/scons-release/modm/libmodm.a(vectors.o)
EXTI0_IRQHandler                                  build/forward_testen/scons-release/modm/libmodm.a(vectors.o)
EXTI15_10_IRQHandler                              build/forward_testen/scons-release/modm/libmodm.a(vectors.o)
EXTI1_IRQHandler                                  build/forward_testen/scons-release/modm/libmodm.a(vectors.o)
EXTI2_IRQHandler                                  build/forward_testen/scons-release/modm/libmodm.a(vectors.o)
EXTI3_IRQHandler                                  build/forward_testen/scons-release/modm/libmodm.a(vectors.o)
EXTI4_IRQHandler                                  build/forward_testen/scons-release/modm/libmodm.a(vectors.o)
EXTI9_5_IRQHandler                                build/forward_testen/scons-release/modm/libmodm.a(vectors.o)
FDCAN1_IT0_IRQHandler                             build/forward_testen/scons-release/modm/libmodm.a(vectors.o)