Archive member included to satisfy reference by file (symbol)

build/led_testen/scons-release/modm/libmodm.a(atomic.o)
                              (--whole-archive)
build/led_testen/scons-release/modm/libmodm.a(cabi.o)
                              (--whole-archive)
build/led_testen/scons-release/modm/libmodm.a(cxxabi.o)
                              (--whole-archive)
build/led_testen/scons-release/modm/libmodm.a(new_delete.o)
                              (--whole-archive)
build/led_testen/scons-release/modm/libmodm.a(flag.o)
                              (--whole-archive)
build/led_testen/scons-release/modm/libmodm.a(smart_pointer.o)
                              (--whole-archive)
build/led_testen/scons-release/modm/libmodm.a(vl53l0.o)
                              (--whole-archive)
build/led_testen/scons-release/modm/libmodm.a(iostream.o)
                              (--whole-archive)
build/led_testen/scons-release/modm/libmodm.a(iostream_printf.o)
                              (--whole-archive)
build/led_testen/scons-release/modm/libmodm.a(bit_operation.o)
                              (--whole-archive)
build/led_testen/scons-release/modm/libmodm.a(operator.o)
                              (--whole-archive)
build/led_testen/scons-release/modm/libmodm.a(rcc.o)
                              (--whole-archive)
build/led_testen/scons-release/modm/libmodm.a(systick_timer.o)
                              (--whole-archive)
build/led_testen/scons-release/modm/libmodm.a(assert.o)
                              (--whole-archive)
build/led_testen/scons-release/modm/libmodm.a(delay.o)
                              (--whole-archive)
build/led_testen/scons-release/modm/libmodm.a(delay_ns.o)
                              (--whole-archive)
build/led_testen/scons-release/modm/libmodm.a(no_heap.o)
                              (--whole-archive)
build/led_testen/scons-release/modm/libmodm.a(reset_handler.o)
                              (--whole-archive)
build/led_testen/scons-release/modm/libmodm.a(startup.o)
                              (--whole-archive)
build/led_testen/scons-release/modm/libmodm.a(startup_platform.o)
                              (--whole-archive)
build/led_testen/scons-release/modm/libmodm.a(vectors.o)
                              (--whole-archive)
build/led_testen/scons-release/modm/libmodm.a(enable.o)
                              (--whole-archive)
build/led_testen/scons-release/modm/libmodm.a(i2c_master_1.o)
                              (--whole-archive)
build/led_testen/scons-release/modm/libmodm.a(timer_15.o)
                              (--whole-archive)
build/led_testen/scons-release/modm/libmodm.a(uart_1.o)
                              (--whole-archive)
build/led_testen/scons-release/modm/libmodm.a(context_arm_m.o)
                              (--whole-archive)
build/led_testen/scons-release/modm/libmodm.a(scheduler.o)
                              (--whole-archive)
build/led_testen/scons-release/modm/libmodm.a(printf.o)
                              (--whole-archive)
/opt/homebrew/Cellar/arm-gcc-bin@13/13.2.rel1/bin/../lib/gcc/arm-none-eabi/13.2.1/../../../../arm-none-eabi/lib/thumb/v7e-m+fp/hard/libstdc++_nano.a(new_handler.o)
                              build/led_testen/scons-release/modm/libmodm.a(new_delete.o) (std::get_new_handler())
/opt/homebrew/Cellar/arm-gcc-bin@13/13.2.rel1/bin/../lib/gcc/arm-none-eabi/13.2.1/../../../../arm-none-eabi/lib/thumb/v7e-m+fp/hard/libm.a(libm_a-w_sqrt.o)
                              build/led_testen/scons-release/modm/libmodm.a(operator.o) (sqrt)
/opt/homebrew/Cellar/arm-gcc-bin@13/13.2.rel1/bin/../lib/gcc/arm-none-eabi/13.2.1/../../../../arm-none-eabi/lib/thumb/v7e-m+fp/hard/libm.a(libm_a-e_sqrt.o)
                              /opt/homebrew/Cellar/arm-gcc-bin@13/13.2.rel1/bin/../lib/gcc/arm-none-eabi/13.2.1/../../../../arm-none-eabi/lib/thumb/v7e-m+fp/hard/libm.a(libm_a-w_sqrt.o) (__ieee754_sqrt)
/opt/homebrew/Cellar/arm-gcc-bin@13/13.2.rel1/bin/../lib/gcc/arm-none-eabi/13.2.1/../../../../arm-none-eabi/lib/thumb/v7e-m+fp/hard/libm.a(libm_a-s_round.o)
                              build/led_testen/scons-release/modm/libmodm.a(operator.o) (round)
/opt/homebrew/Cellar/arm-gcc-bin@13/13.2.rel1/bin/../lib/gcc/arm-none-eabi/13.2.1/thumb/v7e-m+fp/hard/libgcc.a(_arm_muldf3.o)
                              build/led_testen/scons-release/modm/libmodm.a(printf.o) (__aeabi_dmul)
/opt/homebrew/Cellar/arm-gcc-bin@13/13.2.rel1/bin/../lib/gcc/arm-none-eabi/13.2.1/thumb/v7e-m+fp/hard/libgcc.a(_arm_addsubdf3.o)
                              build/led_testen/scons-release/modm/libmodm.a(printf.o) (__aeabi_dsub)
/opt/homebrew/Cellar/arm-gcc-bin@13/13.2.rel1/bin/../lib/gcc/arm-none-eabi/13.2.1/thumb/v7e-m+fp/hard/libgcc.a(_arm_muldivdf3.o)
                              build/led_testen/scons-release/modm/libmodm.a(printf.o) (__aeabi_ddiv)
/opt/homebrew/Cellar/arm-gcc-bin@13/13.2.rel1/bin/../lib/gcc/arm-none-eabi/13.2.1/thumb/v7e-m+fp/hard/libgcc.a(_arm_cmpdf2.o)
[...]
Memory Configuration

Name             Origin             Length             Attributes
FLASH            0x08000000         0x00080000         xr
CCM              0x10000000         0x00008000         xrw
SRAM1            0x20000000         0x00014000         xrw
SRAM2            0x20014000         0x00004000         xrw
CONT_SRAM1       0x20000000         0x00018000         xrw
*default*        0x00000000         0xffffffff

Linker script and memory map

LOAD build/led_testen/scons-release/logger.o
LOAD build/led_testen/scons-release/main.o
START GROUP
LOAD build/led_testen/scons-release/modm/libmodm.a
END GROUP
LOAD /opt/homebrew/Cellar/arm-gcc-bin@13/13.2.rel1/bin/../lib/gcc/arm-none-eabi/13.2.1/../../../../arm-none-eabi/lib/thumb/v7e-m+fp/hard/libstdc++_nano.a
LOAD /opt/homebrew/Cellar/arm-gcc-bin@13/13.2.rel1/bin/../lib/gcc/arm-none-eabi/13.2.1/../../../../arm-none-eabi/lib/thumb/v7e-m+fp/hard/libm.a
START GROUP
LOAD /opt/homebrew/Cellar/arm-gcc-bin@13/13.2.rel1/bin/../lib/gcc/arm-none-eabi/13.2.1/thumb/v7e-m+fp/hard/libgcc.a
LOAD /opt/homebrew/Cellar/arm-gcc-bin@13/13.2.rel1/bin/../lib/gcc/arm-none-eabi/13.2.1/../../../../arm-none-eabi/lib/thumb/v7e-m+fp/hard/libc_nano.a
END GROUP
START GROUP
LOAD /opt/homebrew/Cellar/arm-gcc-bin@13/13.2.rel1/bin/../lib/gcc/arm-none-eabi/13.2.1/thumb/v7e-m+fp/hard/libgcc.a
LOAD /opt/homebrew/Cellar/arm-gcc-bin@13/13.2.rel1/bin/../lib/gcc/arm-none-eabi/13.2.1/../../../../arm-none-eabi/lib/thumb/v7e-m+fp/hard/libc_nano.a
LOAD /opt/homebrew/Cellar/arm-gcc-bin@13/13.2.rel1/bin/../lib/gcc/arm-none-eabi/13.2.1/../../../../arm-none-eabi/lib/thumb/v7e-m+fp/hard/libnosys.a
END GROUP
START GROUP
LOAD /opt/homebrew/Cellar/arm-gcc-bin@13/13.2.rel1/bin/../lib/gcc/arm-none-eabi/13.2.1/thumb/v7e-m+fp/hard/libgcc.a
LOAD /opt/homebrew/Cellar/arm-gcc-bin@13/13.2.rel1/bin/../lib/gcc/arm-none-eabi/13.2.1/../../../../arm-none-eabi/lib/thumb/v7e-m+fp/hard/libc_nano.a
LOAD /opt/homebrew/Cellar/arm-gcc-bin@13/13.2.rel1/bin/../lib/gcc/arm-none-eabi/13.2.1/../../../../arm-none-eabi/lib/thumb/v7e-m+fp/hard/libnosys.a
END GROUP
                0x08000000                        __flash_start = ORIGIN (FLASH)
                0x08080000                        __flash_end = (ORIGIN (FLASH) + LENGTH (FLASH))
                0x10000000                        __ccm_start = ORIGIN (CCM)
                0x10008000                        __ccm_end = (ORIGIN (CCM) + LENGTH (CCM))
                0x20000000                        __sram1_start = ORIGIN (SRAM1)
                0x20014000                        __sram1_end = (ORIGIN (SRAM1) + LENGTH (SRAM1))
                0x20014000                        __sram2_start = ORIGIN (SRAM2)
                0x20018000                        __sram2_end = (ORIGIN (SRAM2) + LENGTH (SRAM2))
                0x00000c00                        MAIN_STACK_SIZE = 0xc00
                0x0000006c                        EXCEPTION_FRAME_SIZE = 0x6c
                0x08000000                        __rom_start = ORIGIN (FLASH)

.text           0x08000000      0x1d8
                0x08000000                        __vector_table_rom_start = .
                0x08000000                        __vector_table_ram_load = .
 *(.vector_rom)
 .vector_rom    0x08000000      0x1d8 build/led_testen/scons-release/modm/libmodm.a(vectors.o)
                0x08000000                vectorsRom
                0x080001d8                        __vector_table_rom_end = .

.glue_7         0x080001d8        0x0
 .glue_7        0x080001d8        0x0 linker stubs

.glue_7t        0x080001d8        0x0
 .glue_7t       0x080001d8        0x0 linker stubs

.vfp11_veneer   0x080001d8        0x0
 .vfp11_veneer  0x080001d8        0x0 linker stubs

.v4_bx          0x080001d8        0x0
 .v4_bx         0x080001d8        0x0 linker stubs

.iplt           0x080001d8        0x0
 .iplt          0x080001d8        0x0 build/led_testen/scons-release/logger.o

.build_id       0x080001d8       0x24
                0x080001d8                        __build_id = .
 *(.note.gnu.build-id)
 .note.gnu.build-id
                0x080001d8       0x24 linker stubs

.text           0x08000200      0xdd0
 *(.text .text.* .gnu.linkonce.t.*)
 .text._ZN4modm8IODevice5writeEPKc
                0x08000200       0x18 build/led_testen/scons-release/logger.o
                0x08000200                modm::IODevice::write(char const*)
 .text._ZZN4modm23inplace_function_detail6vtableIbJbEEC4EvENUlPvS3_E_4_FUNES3_S3_
                0x08000218        0x2 build/led_testen/scons-release/logger.o
                0x08000218                modm::inplace_function_detail::vtable<bool, bool>::vtable()::{lambda(void*, void*)#1}::_FUN(void*, void*)
 .text._ZZN4modm23inplace_function_detail6vtableIbJbEEC4EvENUlPvS3_E0_4_FUNES3_S3_
                0x0800021a        0x2 build/led_testen/scons-release/logger.o
                0x0800021a                modm::inplace_function_detail::vtable<bool, bool>::vtable()::{lambda(void*, void*)#2}::_FUN(void*, void*)
                0x0800021a                modm::inplace_function_detail::vtable<bool, bool>::vtable()::{lambda(void*, void*)#3}::_FUN(void*, void*)
 .text._ZZN4modm23inplace_function_detail6vtableIbJbEEC4EvENUlPvE_4_FUNES3_
                0x0800021c        0x2 build/led_testen/scons-release/logger.o
                0x0800021c                modm::inplace_function_detail::vtable<bool, bool>::vtable()::{lambda(void*)#4}::_FUN(void*)
                0x0800021c                modm::inplace_function_detail::vtable<bool, bool>::vtable()::{lambda(void*)#1}::_FUN(void*)
 .text._ZN4modm15IODeviceWrapperINS_8platform12BufferedUartINS1_9UsartHal1EJEEELNS_8IOBufferE0EED2Ev
                0x0800021e        0x2 build/led_testen/scons-release/logger.o
                0x0800021e                modm::IODeviceWrapper<modm::platform::BufferedUart<modm::platform::UsartHal1>, (modm::IOBuffer)0>::~IODeviceWrapper()
                0x0800021e                modm::IODeviceWrapper<modm::platform::BufferedUart<modm::platform::UsartHal1>, (modm::IOBuffer)0>::~IODeviceWrapper()
 .text._ZN4modm15IODeviceWrapperINS_8platform12BufferedUartINS1_9UsartHal1EJEEELNS_8IOBufferE0EE4readERc
                0x08000220       0x18 build/led_testen/scons-release/logger.o
                0x08000220                modm::IODeviceWrapper<modm::platform::BufferedUart<modm::platform::UsartHal1>, (modm::IOBuffer)0>::read(char&)
 .text._ZN4modm15IODeviceWrapperINS_8platform12BufferedUartINS1_9UsartHal1EJEEELNS_8IOBufferE0EED0Ev
                0x08000238        0xe build/led_testen/scons-release/logger.o
                0x08000238                modm::IODeviceWrapper<modm::platform::BufferedUart<modm::platform::UsartHal1>, (modm::IOBuffer)0>::~IODeviceWrapper()
 *fill*         0x08000246        0x2 
 .text._ZN4modm15IODeviceWrapperINS_8platform12BufferedUartINS1_9UsartHal1EJEEELNS_8IOBufferE0EE5writeEc
                0x08000248       0x10 build/led_testen/scons-release/logger.o
                0x08000248                modm::IODeviceWrapper<modm::platform::BufferedUart<modm::platform::UsartHal1>, (modm::IOBuffer)0>::write(char)
 .text._ZZN4modm23inplace_function_detail6vtableIbJbEEC4EvENUlPvObE_4_FUNES3_S4_
                0x08000258       0x1c build/led_testen/scons-release/logger.o
                0x08000258                modm::inplace_function_detail::vtable<bool, bool>::vtable()::{lambda(void*, bool&&)#1}::_FUN(void*, bool&&)
 .text._ZN4modm8IOStream8out_charEcPv
                0x08000274       0x10 build/led_testen/scons-release/logger.o
                0x08000274                modm::IOStream::out_char(char, void*)
 .text._ZN4modm15IODeviceWrapperINS_8platform12BufferedUartINS1_9UsartHal1EJEEELNS_8IOBufferE0EE5flushEv
                0x08000284       0x10 build/led_testen/scons-release/logger.o
                0x08000284                modm::IODeviceWrapper<modm::platform::BufferedUart<modm::platform::UsartHal1>, (modm::IOBuffer)0>::flush()
 .text.startup._GLOBAL__sub_I_loggerDevice
                0x08000294       0x84 build/led_testen/scons-release/logger.o
 .text._ZZN4modm5fiber4TaskC4ILj1024EN11fiber_blinkMUlvE_EEERNS0_5StackIXT_EEEOT0_NS0_5StartEENUlPFvvEE_4_FUNESC_
                0x08000318       0x30 build/led_testen/scons-release/main.o
                0x08000318                modm::fiber::Task::Task<1024u, fiber_blink::{lambda()#1}>(modm::fiber::Stack<1024u>&, fiber_blink::{lambda()#1}&&, modm::fiber::Start)::{lambda(void (*)())#1}::_FUN(void (*)())
                0x08000318                modm::fiber::Task::Task<1024u, fiber_blink::{lambda()#1}>(modm::fiber::Stack<1024u>&, fiber_blink::{lambda()#1}&&, modm::fiber::Start)::{lambda(void (*)())#1}::_FUN(void ())
 .text._ZN11fiber_blinkMUlvE_4_FUNEv
                0x08000348       0x54 build/led_testen/scons-release/main.o
                0x08000348                fiber_blink::{lambda()#1}::_FUN()
 .text.startup.main
                0x0800039c      0x1cc build/led_testen/scons-release/main.o
                0x0800039c                main
 .text.startup._GLOBAL__sub_I_fiber_blink
                0x08000568       0x6c build/led_testen/scons-release/main.o
 .text.operator_delete
                0x080005d4        0x2 build/led_testen/scons-release/modm/libmodm.a(new_delete.o)
                0x080005d4                operator_delete
 .text._ZdlPvj  0x080005d6        0x8 build/led_testen/scons-release/modm/libmodm.a(new_delete.o)
                0x080005d6                operator delete(void*, unsigned int)
 *fill*         0x080005de        0x2 
 .text.startup._GLOBAL__sub_I__ZN4modm14vl53l0_private18configurationFlashE
                0x080005e0       0x10 build/led_testen/scons-release/modm/libmodm.a(vl53l0.o)
 .text._ZN4modm8platform3Rcc19enableInternalClockEm
                0x080005f0       0x20 build/led_testen/scons-release/modm/libmodm.a(rcc.o)
                0x080005f0                modm::platform::Rcc::enableInternalClock(unsigned long)
 .text._ZN4modm8platform3Rcc9enablePllENS1_9PllSourceERKNS1_10PllFactorsEm
                0x08000610       0x78 build/led_testen/scons-release/modm/libmodm.a(rcc.o)
                0x08000610                modm::platform::Rcc::enablePll(modm::platform::Rcc::PllSource, modm::platform::Rcc::PllFactors const&, unsigned long)
 .text._ZN4modm8platform3Rcc17setVoltageScalingENS1_14VoltageScalingEm
                0x08000688       0x64 build/led_testen/scons-release/modm/libmodm.a(rcc.o)
                0x08000688                modm::platform::Rcc::setVoltageScaling(modm::platform::Rcc::VoltageScaling, unsigned long)
 .text._ZN4modm8platform3Rcc17enableSystemClockENS1_17SystemClockSourceEm
                0x080006ec       0x28 build/led_testen/scons-release/modm/libmodm.a(rcc.o)
                0x080006ec                modm::platform::Rcc::enableSystemClock(modm::platform::Rcc::SystemClockSource, unsigned long)
 .text.SysTick_Handler
                0x08000714       0x28 build/led_testen/scons-release/modm/libmodm.a(systick_timer.o)
                0x08000714                SysTick_Handler
 .text._ZN4modm8platform12SysTickTimer6enableEmb
                0x0800073c       0x28 build/led_testen/scons-release/modm/libmodm.a(systick_timer.o)
                0x0800073c                modm::platform::SysTickTimer::enable(unsigned long, bool)
 .text._ZN4modm6chrono11milli_clock3nowEv
                0x08000764       0x38 build/led_testen/scons-release/modm/libmodm.a(systick_timer.o)
                0x08000764                modm::chrono::milli_clock::now()
 .text.modm_abandon
                0x0800079c        0x2 build/led_testen/scons-release/modm/libmodm.a(assert.o)
                0x0800079c                modm_abandon
 *fill*         0x0800079e        0x2 
 .text.modm_assert_report
                0x080007a0       0x5c build/led_testen/scons-release/modm/libmodm.a(assert.o)
                0x080007a0                modm_assert_report
 .text._Z15modm_dwt_enablev
                0x080007fc       0x2c build/led_testen/scons-release/modm/libmodm.a(delay.o)
                0x080007fc                modm_dwt_enable()
 .text.__modm_initialize_memory
                0x08000828        0x2 build/led_testen/scons-release/modm/libmodm.a(no_heap.o)
                0x08000828                __modm_initialize_memory
 *fill*         0x0800082a        0x6 
 .text          0x08000830       0x20 build/led_testen/scons-release/modm/libmodm.a(reset_handler.o)
                0x08000830                Reset_Handler
 .text.table_copy
                0x08000850       0x1e build/led_testen/scons-release/modm/libmodm.a(startup.o)
 .text.modm_initialize_platform
                0x0800086e        0x2 build/led_testen/scons-release/modm/libmodm.a(startup.o)
                0x0800086e                modm_initialize_platform
 .text.__modm_startup
                0x08000870       0xec build/led_testen/scons-release/modm/libmodm.a(startup.o)
                0x08000870                __modm_startup
 .text.__modm_initialize_platform
                0x0800095c       0x30 build/led_testen/scons-release/modm/libmodm.a(startup_platform.o)
                0x0800095c                __modm_initialize_platform
 .text.Undefined_Handler
                0x0800098c       0x64 build/led_testen/scons-release/modm/libmodm.a(vectors.o)
                0x0800098c                TIM1_BRK_TIM15_IRQHandler
                0x0800098c                EXTI2_IRQHandler
                0x0800098c                TIM8_TRG_COM_IRQHandler
                0x0800098c                TIM8_CC_IRQHandler
                0x0800098c                HRTIM1_Master_IRQHandler
                0x0800098c                DebugMon_Handler
                0x0800098c                SPI4_IRQHandler
                0x0800098c                FDCAN3_IT0_IRQHandler
                0x0800098c                TIM1_CC_IRQHandler
                0x0800098c                HardFault_Handler
                0x0800098c                HRTIM1_FLT_IRQHandler
                0x0800098c                HRTIM1_TIMF_IRQHandler
                0x0800098c                USB_HP_IRQHandler
                0x0800098c                CORDIC_IRQHandler
                0x0800098c                HRTIM1_TIMD_IRQHandler
                0x0800098c                PendSV_Handler
                0x0800098c                NMI_Handler
                0x0800098c                DMA2_Channel8_IRQHandler
                0x0800098c                EXTI3_IRQHandler
                0x0800098c                I2C3_ER_IRQHandler
                0x0800098c                Undefined_Handler
                0x0800098c                EXTI0_IRQHandler
                0x0800098c                I2C2_EV_IRQHandler
                0x0800098c                FPU_IRQHandler
                0x0800098c                FDCAN1_IT1_IRQHandler
                0x0800098c                TIM1_UP_TIM16_IRQHandler
                0x0800098c                UsageFault_Handler
                0x0800098c                ADC1_2_IRQHandler
                0x0800098c                HRTIM1_TIME_IRQHandler
                0x0800098c                SPI1_IRQHandler
                0x0800098c                TIM6_DAC_IRQHandler
                0x0800098c                HRTIM1_TIMC_IRQHandler
                0x0800098c                TIM8_UP_IRQHandler
                0x0800098c                DMA2_Channel2_IRQHandler
                0x0800098c                DMA1_Channel4_IRQHandler
                0x0800098c                TIM20_TRG_COM_IRQHandler
                0x0800098c                USART3_IRQHandler
                0x0800098c                DMA1_Channel7_IRQHandler
                0x0800098c                UART5_IRQHandler
                0x0800098c                ADC3_IRQHandler
                0x0800098c                TIM4_IRQHandler
                0x0800098c                DMA2_Channel1_IRQHandler
                0x0800098c                QUADSPI_IRQHandler
                0x0800098c                DMA1_Channel6_IRQHandler
                0x0800098c                UART4_IRQHandler
                0x0800098c                DMA2_Channel4_IRQHandler
                0x0800098c                TIM3_IRQHandler
                0x0800098c                RCC_IRQHandler
                0x0800098c                TIM20_UP_IRQHandler
                0x0800098c                DMA1_Channel1_IRQHandler
                0x0800098c                DMA2_Channel7_IRQHandler
                0x0800098c                RTC_TAMP_LSECSS_IRQHandler
                0x0800098c                FMAC_IRQHandler
                0x0800098c                EXTI15_10_IRQHandler
                0x0800098c                DMA1_Channel8_IRQHandler
                0x0800098c                HRTIM1_TIMA_IRQHandler
                0x0800098c                TIM7_DAC_IRQHandler
                0x0800098c                FDCAN3_IT1_IRQHandler
                0x0800098c                TIM5_IRQHandler
                0x0800098c                UCPD1_IRQHandler
                0x0800098c                I2C3_EV_IRQHandler
                0x0800098c                EXTI9_5_IRQHandler
                0x0800098c                RTC_WKUP_IRQHandler
                0x0800098c                PVD_PVM_IRQHandler
                0x0800098c                SPI2_IRQHandler
                0x0800098c                MemManage_Handler
                0x0800098c                ADC5_IRQHandler
                0x0800098c                SVC_Handler
                0x0800098c                DMA2_Channel5_IRQHandler
                0x0800098c                CRS_IRQHandler
                0x0800098c                DMA1_Channel5_IRQHandler
                0x0800098c                USB_LP_IRQHandler
                0x0800098c                EXTI4_IRQHandler
                0x0800098c                RNG_IRQHandler
                0x0800098c                HRTIM1_TIMB_IRQHandler
                0x0800098c                TIM1_TRG_COM_TIM17_IRQHandler
                0x0800098c                FDCAN2_IT1_IRQHandler
                0x0800098c                DMA1_Channel3_IRQHandler
                0x0800098c                ADC4_IRQHandler
                0x0800098c                WWDG_IRQHandler
                0x0800098c                I2C4_EV_IRQHandler
                0x0800098c                FDCAN2_IT0_IRQHandler
                0x0800098c                LPUART1_IRQHandler
                0x0800098c                DMA2_Channel6_IRQHandler
                0x0800098c                FDCAN1_IT0_IRQHandler
                0x0800098c                TIM2_IRQHandler
                0x0800098c                COMP7_IRQHandler
                0x0800098c                COMP1_2_3_IRQHandler
                0x0800098c                EXTI1_IRQHandler
                0x0800098c                USART2_IRQHandler
                0x0800098c                COMP4_5_6_IRQHandler
                0x0800098c                TIM20_BRK_IRQHandler
                0x0800098c                I2C2_ER_IRQHandler
                0x0800098c                DMA1_Channel2_IRQHandler
                0x0800098c                TIM8_BRK_IRQHandler
                0x0800098c                FLASH_IRQHandler
                0x0800098c                TIM20_CC_IRQHandler
                0x0800098c                BusFault_Handler
                0x0800098c                SPI3_IRQHandler
                0x0800098c                FMC_IRQHandler
                0x0800098c                LPTIM1_IRQHandler
                0x0800098c                DMAMUX_OVR_IRQHandler
                0x0800098c                I2C4_ER_IRQHandler
                0x0800098c                USBWakeUp_IRQHandler
                0x0800098c                SAI1_IRQHandler
                0x0800098c                DMA2_Channel3_IRQHandler
                0x0800098c                RTC_Alarm_IRQHandler
 .text._Z16modm_gpio_enablev
                0x080009f0       0x20 build/led_testen/scons-release/modm/libmodm.a(enable.o)
                0x080009f0                modm_gpio_enable()
 .text._ZN12_GLOBAL__N_1L18callWriteOperationEb
                0x08000a10       0xa4 build/led_testen/scons-release/modm/libmodm.a(i2c_master_1.o)
 .text._ZN12_GLOBAL__N_1L17callReadOperationEb
                0x08000ab4       0x90 build/led_testen/scons-release/modm/libmodm.a(i2c_master_1.o)
 .text._ZN12_GLOBAL__N_1L12callStartingEv
                0x08000b44       0xc0 build/led_testen/scons-release/modm/libmodm.a(i2c_master_1.o)
 .text._ZN12_GLOBAL__N_1L19callNextTransactionEv
                0x08000c04       0x60 build/led_testen/scons-release/modm/libmodm.a(i2c_master_1.o)
 .text.I2C1_EV_IRQHandler
                0x08000c64      0x18c build/led_testen/scons-release/modm/libmodm.a(i2c_master_1.o)
                0x08000c64                I2C1_EV_IRQHandler
 .text.I2C1_ER_IRQHandler
                0x08000df0       0x8c build/led_testen/scons-release/modm/libmodm.a(i2c_master_1.o)
                0x08000df0                I2C1_ER_IRQHandler
 .text.startup._GLOBAL__sub_I_I2C1_EV_IRQHandler
                0x08000e7c       0x44 build/led_testen/scons-release/modm/libmodm.a(i2c_master_1.o)
 .text.USART1_IRQHandler
                0x08000ec0       0x2c build/led_testen/scons-release/modm/libmodm.a(uart_1.o)
                0x08000ec0                USART1_IRQHandler
 .text.startup._GLOBAL__sub_I_USART1_IRQHandler
                0x08000eec       0x20 build/led_testen/scons-release/modm/libmodm.a(uart_1.o)
 .text._ZN12_GLOBAL__N_118modm_context_entryEv
                0x08000f0c        0x4 build/led_testen/scons-release/modm/libmodm.a(context_arm_m.o)
 .text.modm_context_init
                0x08000f10       0x16 build/led_testen/scons-release/modm/libmodm.a(context_arm_m.o)
                0x08000f10                modm_context_init
 *fill*         0x08000f26        0x2 
 .text.modm_context_reset
                0x08000f28       0x1c build/led_testen/scons-release/modm/libmodm.a(context_arm_m.o)
                0x08000f28                modm_context_reset
 .text.modm_context_start
                0x08000f44       0x20 build/led_testen/scons-release/modm/libmodm.a(context_arm_m.o)
                0x08000f44                modm_context_start
 .text.modm_context_jump
                0x08000f64       0x30 build/led_testen/scons-release/modm/libmodm.a(context_arm_m.o)
                0x08000f64                modm_context_jump
 .text.modm_context_end
                0x08000f94       0x14 build/led_testen/scons-release/modm/libmodm.a(context_arm_m.o)
                0x08000f94                modm_context_end
 .text._ZN4modm10this_fiber5yieldEv
                0x08000fa8       0x18 build/led_testen/scons-release/modm/libmodm.a(scheduler.o)
                0x08000fa8                modm::this_fiber::yield()
 .text.memset   0x08000fc0       0x10 /opt/homebrew/Cellar/arm-gcc-bin@13/13.2.rel1/bin/../lib/gcc/arm-none-eabi/13.2.1/../../../../arm-none-eabi/lib/thumb/v7e-m+fp/hard/libc_nano.a(libc_a-memset.o)
                0x08000fc0                memset

.rodata         0x08000fd0      0x11c
 *(.rodata .rodata.* .gnu.linkonce.r.*)
 .rodata._ZZN4modm23inplace_function_detail6vtableIbJbEEC4EvENUlPvObE_4_FUNES3_S4_.str1.1
                0x08000fd0       0x27 build/led_testen/scons-release/logger.o
                                  0xc (size before relaxing)
 *fill*         0x08000ff7        0x1 
 .rodata._ZTVN4modm15IODeviceWrapperINS_8platform12BufferedUartINS1_9UsartHal1EJEEELNS_8IOBufferE0EEE
                0x08000ff8       0x20 build/led_testen/scons-release/logger.o
                0x08000ff8                vtable for modm::IODeviceWrapper<modm::platform::BufferedUart<modm::platform::UsartHal1>, (modm::IOBuffer)0>
 .rodata._ZN4modm23inplace_function_detail12empty_vtableIbJbEEE
                0x08001018       0x10 build/led_testen/scons-release/logger.o
                0x08001018                modm::inplace_function_detail::empty_vtable<bool, bool>
 .rodata._ZN11fiber_blinkMUlvE_4_FUNEv.str1.1
                0x08001028        0x6 build/led_testen/scons-release/main.o
 .rodata.main.str1.1
                0x08001028        0xa build/led_testen/scons-release/main.o
 .rodata        0x08001028        0x6 build/led_testen/scons-release/main.o
 .rodata._ZN4modm14vl53l0_private18configurationFlashE
                0x0800102e       0xa0 build/led_testen/scons-release/modm/libmodm.a(vl53l0.o)
                0x0800102e                modm::vl53l0_private::configurationFlash
 .rodata.Undefined_Handler.str1.1
                0x080010ce        0xb build/led_testen/scons-release/modm/libmodm.a(vectors.o)
 *(.init)
                0x080010dc                        . = ALIGN (0x4)
 *fill*         0x080010ce        0x2 
                0x080010d0                        __init_array_start = .
 *(SORT_BY_NAME(.init_array.*))
 *(.init_array)
 .init_array    0x080010d0        0x4 build/led_testen/scons-release/logger.o
 .init_array    0x080010d4        0x4 build/led_testen/scons-release/main.o
 .init_array    0x080010d8        0x4 build/led_testen/scons-release/modm/libmodm.a(vl53l0.o)
 .init_array    0x080010dc        0x4 build/led_testen/scons-release/modm/libmodm.a(i2c_master_1.o)
 .init_array    0x080010e0        0x4 build/led_testen/scons-release/modm/libmodm.a(uart_1.o)
                0x080010e4                        . = ALIGN (0x4)
                0x080010e4                        __init_array_end = .
                0x080010e4                        __hardware_init_start = .
 *(SORT_BY_NAME(.hardware_init.order_*))
 .hardware_init.order_100
                0x080010e4        0x4 build/led_testen/scons-release/modm/libmodm.a(delay.o)
 .hardware_init.order_80
                0x080010e8        0x4 build/led_testen/scons-release/modm/libmodm.a(enable.o)
 *(SORT_BY_NAME(.hardware_init))
                0x080010ec                        . = ALIGN (0x4)
                0x080010ec                        __hardware_init_end = .
                0x080010ec                        __assertion_table_start = .
 *(.assertion)
                0x080010ec                        . = ALIGN (0x4)
                0x080010ec                        __assertion_table_end = .

/DISCARD/
 *(.fini_array .fini_array.*)
 *(.ARM.extab* .gnu.linkonce.armextab.*)
 *(.ARM.exidx* .gnu.linkonce.armexidx.*)
 *(.eh_frame*)
 *(.Heap_is_not_implemented!__Please_include_the__modm:platform:heap__module_in_your_project!)

.stack          0x20000000      0xc00
                0x20000000                        __stack_start = .
                0x20000000                        __main_stack_bottom = .
                0x2000006c                        __main_stack_limit = (. + EXCEPTION_FRAME_SIZE)
                0x20000c00                        . = (. + MAIN_STACK_SIZE)
 *fill*         0x20000000      0xc00 
                0x20000c00                        . = ALIGN (0x8)
                0x20000c00                        __main_stack_top = .
                0x20000c00                        __stack_end = .

.data           0x20000c00        0x4 load address 0x080010ec
                0x20000c00                        . = ALIGN (0x4)
                0x080010ec                        __data_load = LOADADDR (.data)
                0x20000c00                        __data_start = .
 *(.data .data.* .gnu.linkonce.d.*)
 .data.loggerDevice
                0x20000c00        0x4 build/led_testen/scons-release/logger.o
                0x20000c00                loggerDevice
                0x20000c04                        . = ALIGN (0x4)
                0x20000c04                        __data_end = .

.igot.plt       0x20000c04        0x0 load address 0x080010f0
 .igot.plt      0x20000c04        0x0 build/led_testen/scons-release/logger.o

.data_sram1     0x20000c04        0x0 load address 0x080010f0
                0x080010f0                        __data_sram1_load = LOADADDR (.data_sram1)
                0x20000c04                        __data_sram1_start = .
 *(.data_sram1 .data_sram1.*)
                0x20000c04                        . = ALIGN (0x4)
                0x20000c04                        __data_sram1_end = .

.bss            0x20000c04      0x110 load address 0x080010f0
                0x20000c04                        __bss_start = .
 *(.bss .bss.* .gnu.linkonce.b.*)
 .bss._ZGVN4modm8platform9UsartHal117InterruptCallbackE
                0x20000c04        0x4 build/led_testen/scons-release/logger.o
                0x20000c04                guard variable for modm::platform::UsartHal1::InterruptCallback
 .bss._ZN4modm3log5errorE
                0x20000c08       0x1c build/led_testen/scons-release/logger.o
                0x20000c08                modm::log::error
 .bss._ZN4modm3log7warningE
                0x20000c24       0x1c build/led_testen/scons-release/logger.o
                0x20000c24                modm::log::warning
 .bss._ZN4modm3log4infoE
                0x20000c40       0x1c build/led_testen/scons-release/logger.o
                0x20000c40                modm::log::info
 .bss._ZN4modm3log5debugE
                0x20000c5c       0x1c build/led_testen/scons-release/logger.o
                0x20000c5c                modm::log::debug
 .bss._ZN4modm8platform9UsartHal117InterruptCallbackE
                0x20000c78        0x8 build/led_testen/scons-release/logger.o
                0x20000c78                modm::platform::UsartHal1::InterruptCallback
 .bss._ZN4modm8platform12SysTickTimer14us_per_NcyclesE
                0x20000c80        0x4 build/led_testen/scons-release/main.o
                0x20000c80                modm::platform::SysTickTimer::us_per_Ncycles
 .bss._ZN4modm8platform12SysTickTimer14ms_per_NcyclesE
                0x20000c84        0x4 build/led_testen/scons-release/main.o
                0x20000c84                modm::platform::SysTickTimer::ms_per_Ncycles
 .bss._ZZN4modm5fiber9Scheduler8instanceEvE4main
                0x20000c88        0x8 build/led_testen/scons-release/main.o
                0x20000c88                modm::fiber::Scheduler::instance()::main
 .bss._ZN4modm14vl53l0_private13configurationE
                0x20000c90        0x4 build/led_testen/scons-release/modm/libmodm.a(vl53l0.o)
                0x20000c90                modm::vl53l0_private::configuration
 .bss._ZL9interrupt
                0x20000c94        0x1 build/led_testen/scons-release/modm/libmodm.a(systick_timer.o)
 *fill*         0x20000c95        0x3 
 .bss._ZL10micro_time
                0x20000c98        0x4 build/led_testen/scons-release/modm/libmodm.a(systick_timer.o)
 .bss._ZL10milli_time
                0x20000c9c        0x4 build/led_testen/scons-release/modm/libmodm.a(systick_timer.o)
 .bss._ZN12_GLOBAL__N_1L7readingE
                0x20000ca0        0xc build/led_testen/scons-release/modm/libmodm.a(i2c_master_1.o)
 .bss._ZN12_GLOBAL__N_1L7writingE
                0x20000cac        0xc build/led_testen/scons-release/modm/libmodm.a(i2c_master_1.o)
 .bss._ZN12_GLOBAL__N_1L8startingE
                0x20000cb8        0x2 build/led_testen/scons-release/modm/libmodm.a(i2c_master_1.o)
 .bss._ZN12_GLOBAL__N_1L5errorE
                0x20000cba        0x1 build/led_testen/scons-release/modm/libmodm.a(i2c_master_1.o)
 *fill*         0x20000cbb        0x1 
 .bss._ZN12_GLOBAL__N_1L11transactionE
                0x20000cbc        0x4 build/led_testen/scons-release/modm/libmodm.a(i2c_master_1.o)
 .bss._ZN12_GLOBAL__N_1L13configurationE
                0x20000cc0        0x4 build/led_testen/scons-release/modm/libmodm.a(i2c_master_1.o)
 .bss._ZN12_GLOBAL__N_1L5queueE
                0x20000cc4       0x4c build/led_testen/scons-release/modm/libmodm.a(i2c_master_1.o)
 .bss._ZN12_GLOBAL__N_1L13nextOperationE
                0x20000d10        0x1 build/led_testen/scons-release/modm/libmodm.a(i2c_master_1.o)
                0x20000d14                        . = ALIGN (0x4)
 *fill*         0x20000d11        0x3 

.bss_sram1      0x20000d14        0x0 load address 0x080010f0
                0x20000d14                        __bss_sram1_start = .
 *(.bss_sram1 .bss_sram1.*)
                0x20000d14                        . = ALIGN (0x4)
                0x20000d14                        __bss_sram1_end = .
                0x20000d14                        __bss_end = .

.noinit         0x20000d14        0x0 load address 0x080010f0
                0x20000d14                        __noinit_start = .
 *(.noinit .noinit.*)
                0x20000d14                        . = ALIGN (0x4)
                0x20000d14                        __noinit_end = .

.faststack      0x20000d18      0x418 load address 0x080010f0
                0x20000d18                        __faststack_start = .
 *(.faststack .faststack.*)
 .faststack     0x20000d18      0x418 build/led_testen/scons-release/main.o
                0x20000d18                fiber_blink
                0x20001130                        . = ALIGN (0x4)
                0x20001130                        __faststack_end = .

.noinit_sram1   0x20001130        0x0 load address 0x080010f0
                0x20001130                        . = ALIGN (0x4)
                0x20001130                        __noinit_sram1_start = .
 *(.noinit_sram1 .noinit_sram1.*)
                0x20001130                        . = ALIGN (0x4)
                0x20001130                        __noinit_sram1_end = .

.heap_sram1     0x20001130    0x12ed0 load address 0x080010f0
                0x20001130                        . = ALIGN (0x4)
                0x20001130                        __heap_sram1_start = .
                0x20014000                        . = MAX (ABSOLUTE (.), (ORIGIN (SRAM1) + LENGTH (SRAM1)))
 *fill*         0x20001130    0x12ed0 
                0x20014000                        __heap_sram1_end = .

.data_sram2     0x20014000        0x0 load address 0x080010f0
                0x080010f0                        __data_sram2_load = LOADADDR (.data_sram2)
                0x20014000                        __data_sram2_start = .
 *(.data_sram2 .data_sram2.*)
                0x20014000                        . = ALIGN (0x4)
                0x20014000                        __data_sram2_end = .

.bss_sram2      0x20014000        0x0 load address 0x080010f0
                0x20014000                        . = ALIGN (0x4)
                0x20014000                        __bss_sram2_start = .
 *(.bss_sram2 .bss_sram2.*)
                0x20014000                        . = ALIGN (0x4)
                0x20014000                        __bss_sram2_end = .

.noinit_sram2   0x20014000        0x0 load address 0x080010f0
                0x20014000                        . = ALIGN (0x4)
                0x20014000                        __noinit_sram2_start = .
 *(.noinit_sram2 .noinit_sram2.*)
                0x20014000                        . = ALIGN (0x4)
                0x20014000                        __noinit_sram2_end = .

.heap_sram2     0x20014000     0x4000 load address 0x080010f0
                0x20014000                        . = ALIGN (0x4)
                0x20014000                        __heap_sram2_start = .
                0x20018000                        . = MAX (ABSOLUTE (.), (ORIGIN (SRAM2) + LENGTH (SRAM2)))
 *fill*         0x20014000     0x4000 
                0x20018000                        __heap_sram2_end = .

.vectors        0x10000000      0x1d8
                0x10000000                        __vector_table_ram_start = .
 *(.vector_ram)
 .vector_ram    0x10000000      0x1d8 build/led_testen/scons-release/modm/libmodm.a(vectors.o)
                0x10000000                vectorsRam
                0x100001d8                        . = ALIGN (0x4)
                0x100001d8                        __vector_table_ram_end = .

.rel.dyn        0x100001d8        0x0
 .rel.iplt      0x100001d8        0x0 build/led_testen/scons-release/logger.o

.fastcode       0x100001d8        0x0 load address 0x080010f0
                0x080010f0                        __fastcode_load = LOADADDR (.fastcode)
                0x100001d8                        __fastcode_start = .
 *(.fastcode .fastcode.*)
                0x100001d8                        . = ALIGN (0x4)
                0x100001d8                        __fastcode_end = .

.fastdata       0x100001d8        0x8 load address 0x080010f0
                0x080010f0                        __fastdata_load = LOADADDR (.fastdata)
                0x100001d8                        __fastdata_start = .
 *(.fastdata .fastdata.*)
 .fastdata      0x100001d8        0x8 build/led_testen/scons-release/modm/libmodm.a(rcc.o)
                0x100001d8                modm::platform::delay_ns_per_loop
                0x100001da                modm::platform::delay_fcpu_MHz
                0x100001dc                SystemCoreClock
                0x100001e0                        . = ALIGN (0x4)
                0x100001e0                        __fastdata_end = .

.data_ccm       0x100001e0        0x0 load address 0x080010f8
                0x080010f8                        __data_ccm_load = LOADADDR (.data_ccm)
                0x100001e0                        __data_ccm_start = .
 *(.data_ccm .data_ccm.*)
                0x100001e0                        . = ALIGN (0x4)
                0x100001e0                        __data_ccm_end = .

.bss_ccm        0x100001e0        0x0 load address 0x080010f8
                0x100001e0                        . = ALIGN (0x4)
                0x100001e0                        __bss_ccm_start = .
 *(.bss_ccm .bss_ccm.*)
                0x100001e0                        . = ALIGN (0x4)
                0x100001e0                        __bss_ccm_end = .

.noinit_ccm     0x100001e0        0x0 load address 0x080010f8
                0x100001e0                        . = ALIGN (0x4)
                0x100001e0                        __noinit_ccm_start = .
 *(.noinit_ccm .noinit_ccm.*)
                0x100001e0                        . = ALIGN (0x4)
                0x100001e0                        __noinit_ccm_end = .

.heap_ccm       0x100001e0     0x7e20 load address 0x080010f8
                0x100001e0                        . = ALIGN (0x4)
                0x100001e0                        __heap_ccm_start = .
                0x10008000                        . = MAX (ABSOLUTE (.), (ORIGIN (CCM) + LENGTH (CCM)))
 *fill*         0x100001e0     0x7e20 
                0x10008000                        __heap_ccm_end = .

.rodata         0x080010f8       0x90
                0x080010f8                        . = ALIGN (0x4)
                0x080010f8                        __table_zero_intern_start = .
                0x080010f8        0x4 LONG 0x20000c04 __bss_start
                0x080010fc        0x4 LONG 0x20000d14 __bss_end
                0x08001100        0x4 LONG 0x20014000 __bss_sram2_start
                0x08001104        0x4 LONG 0x20014000 __bss_sram2_end
                0x08001108        0x4 LONG 0x100001e0 __bss_ccm_start
                0x0800110c        0x4 LONG 0x100001e0 __bss_ccm_end
                0x08001110                        __table_zero_intern_end = .
                0x08001110                        __table_copy_intern_start = .
                0x08001110        0x4 LONG 0x80010ec __data_load
                0x08001114        0x4 LONG 0x20000c00 __data_start
                0x08001118        0x4 LONG 0x20000c04 __data_end
                0x0800111c        0x4 LONG 0x80010f0 __data_sram1_load
                0x08001120        0x4 LONG 0x20000c04 __data_sram1_start
                0x08001124        0x4 LONG 0x20000c04 __data_sram1_end
                0x08001128        0x4 LONG 0x80010f0 __data_sram2_load
                0x0800112c        0x4 LONG 0x20014000 __data_sram2_start
                0x08001130        0x4 LONG 0x20014000 __data_sram2_end
                0x08001134        0x4 LONG 0x8000000 __vector_table_ram_load
                0x08001138        0x4 LONG 0x10000000 __vector_table_ram_start
                0x0800113c        0x4 LONG 0x100001d8 __vector_table_ram_end
                0x08001140        0x4 LONG 0x80010f0 __fastcode_load
                0x08001144        0x4 LONG 0x100001d8 __fastcode_start
                0x08001148        0x4 LONG 0x100001d8 __fastcode_end
                0x0800114c        0x4 LONG 0x80010f0 __fastdata_load
                0x08001150        0x4 LONG 0x100001d8 __fastdata_start
                0x08001154        0x4 LONG 0x100001e0 __fastdata_end
                0x08001158        0x4 LONG 0x80010f8 __data_ccm_load
                0x0800115c        0x4 LONG 0x100001e0 __data_ccm_start
                0x08001160        0x4 LONG 0x100001e0 __data_ccm_end
                0x08001164                        __table_copy_intern_end = .
                0x08001164                        __table_zero_extern_start = .
                0x08001164                        __table_zero_extern_end = .
                0x08001164                        __table_copy_extern_start = .
                0x08001164                        __table_copy_extern_end = .
                0x08001164                        __table_heap_start = .
                0x08001164        0x4 LONG 0x1f
                0x08001168        0x4 LONG 0x20001130 __heap_sram1_start
                0x0800116c        0x4 LONG 0x20014000 __heap_sram1_end
                0x08001170        0x4 LONG 0x1f
                0x08001174        0x4 LONG 0x20014000 __heap_sram2_start
                0x08001178        0x4 LONG 0x20018000 __heap_sram2_end
                0x0800117c        0x4 LONG 0x2006
                0x08001180        0x4 LONG 0x100001e0 __heap_ccm_start
                0x08001184        0x4 LONG 0x10008000 __heap_ccm_end
                0x08001188                        __table_heap_end = .
                0x08001188                        . = ALIGN (0x4)
                0x08001188                        __rom_end = .

.debug_abbrev   0x00000000     0x818a
 *(.debug_abbrev)
 .debug_abbrev  0x00000000      0xe80 build/led_testen/scons-release/logger.o
 .debug_abbrev  0x00000e80     0x1416 build/led_testen/scons-release/main.o
 .debug_abbrev  0x00002296      0x7c9 build/led_testen/scons-release/modm/libmodm.a(new_delete.o)
 .debug_abbrev  0x00002a5f      0x8e4 build/led_testen/scons-release/modm/libmodm.a(vl53l0.o)
 .debug_abbrev  0x00003343      0x853 build/led_testen/scons-release/modm/libmodm.a(rcc.o)
 .debug_abbrev  0x00003b96      0x91b build/led_testen/scons-release/modm/libmodm.a(systick_timer.o)
 .debug_abbrev  0x000044b1      0x841 build/led_testen/scons-release/modm/libmodm.a(assert.o)
 .debug_abbrev  0x00004cf2      0x6a5 build/led_testen/scons-release/modm/libmodm.a(delay.o)
 .debug_abbrev  0x00005397      0x1c8 build/led_testen/scons-release/modm/libmodm.a(no_heap.o)
 .debug_abbrev  0x0000555f       0x14 build/led_testen/scons-release/modm/libmodm.a(reset_handler.o)
 .debug_abbrev  0x00005573      0x2d2 build/led_testen/scons-release/modm/libmodm.a(startup.o)
 .debug_abbrev  0x00005845       0xda build/led_testen/scons-release/modm/libmodm.a(startup_platform.o)
 .debug_abbrev  0x0000591f      0x2ad build/led_testen/scons-release/modm/libmodm.a(vectors.o)
 .debug_abbrev  0x00005bcc       0xc2 build/led_testen/scons-release/modm/libmodm.a(enable.o)
 .debug_abbrev  0x00005c8e      0xf55 build/led_testen/scons-release/modm/libmodm.a(i2c_master_1.o)
 .debug_abbrev  0x00006be3      0xb6a build/led_testen/scons-release/modm/libmodm.a(uart_1.o)
 .debug_abbrev  0x0000774d      0x1c0 build/led_testen/scons-release/modm/libmodm.a(context_arm_m.o)
 .debug_abbrev  0x0000790d      0x87d build/led_testen/scons-release/modm/libmodm.a(scheduler.o)

.debug_aranges  0x00000000      0x4d0
 *(.debug_aranges)
 .debug_aranges
                0x00000000       0x80 build/led_testen/scons-release/logger.o
 .debug_aranges
                0x00000080       0x60 build/led_testen/scons-release/main.o
 .debug_aranges
                0x000000e0       0x98 build/led_testen/scons-release/modm/libmodm.a(new_delete.o)
 .debug_aranges
                0x00000178       0x30 build/led_testen/scons-release/modm/libmodm.a(vl53l0.o)
 .debug_aranges
                0x000001a8       0x80 build/led_testen/scons-release/modm/libmodm.a(rcc.o)
 .debug_aranges
                0x00000228       0x40 build/led_testen/scons-release/modm/libmodm.a(systick_timer.o)
 .debug_aranges
                0x00000268       0x28 build/led_testen/scons-release/modm/libmodm.a(assert.o)
 .debug_aranges
                0x00000290       0x28 build/led_testen/scons-release/modm/libmodm.a(delay.o)
 .debug_aranges
                0x000002b8       0x28 build/led_testen/scons-release/modm/libmodm.a(no_heap.o)
 .debug_aranges
                0x000002e0       0x20 build/led_testen/scons-release/modm/libmodm.a(reset_handler.o)
 .debug_aranges
                0x00000300       0x30 build/led_testen/scons-release/modm/libmodm.a(startup.o)
 .debug_aranges
                0x00000330       0x20 build/led_testen/scons-release/modm/libmodm.a(startup_platform.o)
 .debug_aranges
                0x00000350       0x20 build/led_testen/scons-release/modm/libmodm.a(vectors.o)
 .debug_aranges
                0x00000370       0x20 build/led_testen/scons-release/modm/libmodm.a(enable.o)
 .debug_aranges
                0x00000390       0x70 build/led_testen/scons-release/modm/libmodm.a(i2c_master_1.o)
 .debug_aranges
                0x00000400       0x50 build/led_testen/scons-release/modm/libmodm.a(uart_1.o)
 .debug_aranges
                0x00000450       0x58 build/led_testen/scons-release/modm/libmodm.a(context_arm_m.o)
 .debug_aranges
                0x000004a8       0x28 build/led_testen/scons-release/modm/libmodm.a(scheduler.o)

.debug_frame    0x00000000      0x948
 *(.debug_frame)
 .debug_frame   0x00000000      0x104 build/led_testen/scons-release/logger.o
 .debug_frame   0x00000104       0xe0 build/led_testen/scons-release/main.o
 .debug_frame   0x000001e4      0x15c build/led_testen/scons-release/modm/libmodm.a(new_delete.o)
 .debug_frame   0x00000340       0x48 build/led_testen/scons-release/modm/libmodm.a(vl53l0.o)
 .debug_frame   0x00000388      0x100 build/led_testen/scons-release/modm/libmodm.a(rcc.o)
 .debug_frame   0x00000488       0x80 build/led_testen/scons-release/modm/libmodm.a(systick_timer.o)
 .debug_frame   0x00000508       0x40 build/led_testen/scons-release/modm/libmodm.a(assert.o)
 .debug_frame   0x00000548       0x30 build/led_testen/scons-release/modm/libmodm.a(delay.o)
 .debug_frame   0x00000578       0x30 build/led_testen/scons-release/modm/libmodm.a(no_heap.o)
 .debug_frame   0x000005a8       0x58 build/led_testen/scons-release/modm/libmodm.a(startup.o)
 .debug_frame   0x00000600       0x20 build/led_testen/scons-release/modm/libmodm.a(startup_platform.o)
 .debug_frame   0x00000620       0x30 build/led_testen/scons-release/modm/libmodm.a(vectors.o)
 .debug_frame   0x00000650       0x20 build/led_testen/scons-release/modm/libmodm.a(enable.o)
 .debug_frame   0x00000670      0x158 build/led_testen/scons-release/modm/libmodm.a(i2c_master_1.o)
 .debug_frame   0x000007c8       0x90 build/led_testen/scons-release/modm/libmodm.a(uart_1.o)
 .debug_frame   0x00000858       0xa0 build/led_testen/scons-release/modm/libmodm.a(context_arm_m.o)
 .debug_frame   0x000008f8       0x30 build/led_testen/scons-release/modm/libmodm.a(scheduler.o)
 .debug_frame   0x00000928       0x20 /opt/homebrew/Cellar/arm-gcc-bin@13/13.2.rel1/bin/../lib/gcc/arm-none-eabi/13.2.1/../../../../arm-none-eabi/lib/thumb/v7e-m+fp/hard/libc_nano.a(libc_a-memset.o)

.debug_info     0x00000000    0x4b493
 *(.debug_info)
 .debug_info    0x00000000     0x8421 build/led_testen/scons-release/logger.o
 .debug_info    0x00008421     0xfa38 build/led_testen/scons-release/main.o
 .debug_info    0x00017e59     0x437c build/led_testen/scons-release/modm/libmodm.a(new_delete.o)
 .debug_info    0x0001c1d5     0x589e build/led_testen/scons-release/modm/libmodm.a(vl53l0.o)
 .debug_info    0x00021a73     0x5241 build/led_testen/scons-release/modm/libmodm.a(rcc.o)
 .debug_info    0x00026cb4     0x4c5c build/led_testen/scons-release/modm/libmodm.a(systick_timer.o)
 .debug_info    0x0002b910     0x50d4 build/led_testen/scons-release/modm/libmodm.a(assert.o)
 .debug_info    0x000309e4     0x3f0b build/led_testen/scons-release/modm/libmodm.a(delay.o)
 .debug_info    0x000348ef      0x7a5 build/led_testen/scons-release/modm/libmodm.a(no_heap.o)
 .debug_info    0x00035094       0x26 build/led_testen/scons-release/modm/libmodm.a(reset_handler.o)
 .debug_info    0x000350ba      0x6c5 build/led_testen/scons-release/modm/libmodm.a(startup.o)
 .debug_info    0x0003577f      0x49c build/led_testen/scons-release/modm/libmodm.a(startup_platform.o)
 .debug_info    0x00035c1b      0x949 build/led_testen/scons-release/modm/libmodm.a(vectors.o)
 .debug_info    0x00036564      0x30b build/led_testen/scons-release/modm/libmodm.a(enable.o)
 .debug_info    0x0003686f     0x84a6 build/led_testen/scons-release/modm/libmodm.a(i2c_master_1.o)
 .debug_info    0x0003ed15     0x6e3a build/led_testen/scons-release/modm/libmodm.a(uart_1.o)
 .debug_info    0x00045b4f      0x362 build/led_testen/scons-release/modm/libmodm.a(context_arm_m.o)
 .debug_info    0x00045eb1     0x55e2 build/led_testen/scons-release/modm/libmodm.a(scheduler.o)

.debug_line     0x00000000    0x11448
 *(.debug_line)
 .debug_line    0x00000000     0x1e2d build/led_testen/scons-release/logger.o
 .debug_line    0x00001e2d     0x2558 build/led_testen/scons-release/main.o
 .debug_line    0x00004385     0x104b build/led_testen/scons-release/modm/libmodm.a(new_delete.o)
 .debug_line    0x000053d0     0x17b0 build/led_testen/scons-release/modm/libmodm.a(vl53l0.o)
 .debug_line    0x00006b80     0x1777 build/led_testen/scons-release/modm/libmodm.a(rcc.o)
 .debug_line    0x000082f7     0x12df build/led_testen/scons-release/modm/libmodm.a(systick_timer.o)
 .debug_line    0x000095d6     0x1125 build/led_testen/scons-release/modm/libmodm.a(assert.o)
 .debug_line    0x0000a6fb     0x11ad build/led_testen/scons-release/modm/libmodm.a(delay.o)
 .debug_line    0x0000b8a8      0x1d9 build/led_testen/scons-release/modm/libmodm.a(no_heap.o)
 .debug_line    0x0000ba81       0x67 build/led_testen/scons-release/modm/libmodm.a(reset_handler.o)
 .debug_line    0x0000bae8      0x48f build/led_testen/scons-release/modm/libmodm.a(startup.o)
 .debug_line    0x0000bf77      0x2d2 build/led_testen/scons-release/modm/libmodm.a(startup_platform.o)
 .debug_line    0x0000c249      0x399 build/led_testen/scons-release/modm/libmodm.a(vectors.o)
 .debug_line    0x0000c5e2      0x2d5 build/led_testen/scons-release/modm/libmodm.a(enable.o)
 .debug_line    0x0000c8b7     0x2136 build/led_testen/scons-release/modm/libmodm.a(i2c_master_1.o)
 .debug_line    0x0000e9ed     0x15ed build/led_testen/scons-release/modm/libmodm.a(uart_1.o)
 .debug_line    0x0000ffda      0x2ee build/led_testen/scons-release/modm/libmodm.a(context_arm_m.o)
 .debug_line    0x000102c8     0x1180 build/led_testen/scons-release/modm/libmodm.a(scheduler.o)

.debug_loc      0x00000000     0x2a0b
 *(.debug_loc)
 .debug_loc     0x00000000      0x47d build/led_testen/scons-release/logger.o
 .debug_loc     0x0000047d      0x9f3 build/led_testen/scons-release/main.o
 .debug_loc     0x00000e70      0x19d build/led_testen/scons-release/modm/libmodm.a(new_delete.o)
 .debug_loc     0x0000100d      0x2ce build/led_testen/scons-release/modm/libmodm.a(vl53l0.o)
 .debug_loc     0x000012db      0x61b build/led_testen/scons-release/modm/libmodm.a(rcc.o)
 .debug_loc     0x000018f6      0x171 build/led_testen/scons-release/modm/libmodm.a(systick_timer.o)
 .debug_loc     0x00001a67      0x32b build/led_testen/scons-release/modm/libmodm.a(assert.o)
 .debug_loc     0x00001d92       0x97 build/led_testen/scons-release/modm/libmodm.a(delay.o)
 .debug_loc     0x00001e29       0x2b build/led_testen/scons-release/modm/libmodm.a(no_heap.o)
 .debug_loc     0x00001e54      0x162 build/led_testen/scons-release/modm/libmodm.a(startup.o)
 .debug_loc     0x00001fb6       0xcf build/led_testen/scons-release/modm/libmodm.a(vectors.o)
 .debug_loc     0x00002085      0x79c build/led_testen/scons-release/modm/libmodm.a(i2c_master_1.o)
 .debug_loc     0x00002821       0xb8 build/led_testen/scons-release/modm/libmodm.a(uart_1.o)
 .debug_loc     0x000028d9       0xd9 build/led_testen/scons-release/modm/libmodm.a(context_arm_m.o)
 .debug_loc     0x000029b2       0x59 build/led_testen/scons-release/modm/libmodm.a(scheduler.o)

.debug_macinfo
 *(.debug_macinfo)

.debug_pubnames
 *(.debug_pubnames)

.debug_pubtypes
 *(.debug_pubtypes)

.debug_ranges   0x00000000      0x9d0
 *(.debug_ranges)
 .debug_ranges  0x00000000       0xb8 build/led_testen/scons-release/logger.o
 .debug_ranges  0x000000b8      0x378 build/led_testen/scons-release/main.o
 .debug_ranges  0x00000430       0x88 build/led_testen/scons-release/modm/libmodm.a(new_delete.o)
 .debug_ranges  0x000004b8       0x20 build/led_testen/scons-release/modm/libmodm.a(vl53l0.o)
 .debug_ranges  0x000004d8       0xb8 build/led_testen/scons-release/modm/libmodm.a(rcc.o)
 .debug_ranges  0x00000590       0x30 build/led_testen/scons-release/modm/libmodm.a(systick_timer.o)
 .debug_ranges  0x000005c0       0x38 build/led_testen/scons-release/modm/libmodm.a(assert.o)
 .debug_ranges  0x000005f8       0x18 build/led_testen/scons-release/modm/libmodm.a(delay.o)
 .debug_ranges  0x00000610       0x18 build/led_testen/scons-release/modm/libmodm.a(no_heap.o)
 .debug_ranges  0x00000628       0x98 build/led_testen/scons-release/modm/libmodm.a(startup.o)
 .debug_ranges  0x000006c0       0x10 build/led_testen/scons-release/modm/libmodm.a(startup_platform.o)
 .debug_ranges  0x000006d0       0x58 build/led_testen/scons-release/modm/libmodm.a(vectors.o)
 .debug_ranges  0x00000728       0x10 build/led_testen/scons-release/modm/libmodm.a(enable.o)
 .debug_ranges  0x00000738      0x160 build/led_testen/scons-release/modm/libmodm.a(i2c_master_1.o)
 .debug_ranges  0x00000898       0x78 build/led_testen/scons-release/modm/libmodm.a(uart_1.o)
 .debug_ranges  0x00000910       0xa8 build/led_testen/scons-release/modm/libmodm.a(context_arm_m.o)
 .debug_ranges  0x000009b8       0x18 build/led_testen/scons-release/modm/libmodm.a(scheduler.o)

.debug_str      0x00000000    0xc46bd
 *(.debug_str)
 .debug_str     0x00000000    0xc46bd build/led_testen/scons-release/logger.o
                              0xb8b41 (size before relaxing)
 .debug_str     0x000c46bd    0xc0c4b build/led_testen/scons-release/main.o
 .debug_str     0x000c46bd    0x1562f build/led_testen/scons-release/modm/libmodm.a(new_delete.o)
 .debug_str     0x000c46bd    0xb402d build/led_testen/scons-release/modm/libmodm.a(vl53l0.o)
 .debug_str     0x000c46bd    0xb18e4 build/led_testen/scons-release/modm/libmodm.a(rcc.o)
 .debug_str     0x000c46bd    0xb0c53 build/led_testen/scons-release/modm/libmodm.a(systick_timer.o)
 .debug_str     0x000c46bd    0xb0c31 build/led_testen/scons-release/modm/libmodm.a(assert.o)
 .debug_str     0x000c46bd    0xb0ddd build/led_testen/scons-release/modm/libmodm.a(delay.o)
 .debug_str     0x000c46bd     0x6de2 build/led_testen/scons-release/modm/libmodm.a(no_heap.o)
 .debug_str     0x000c46bd       0x6e build/led_testen/scons-release/modm/libmodm.a(reset_handler.o)
 .debug_str     0x000c46bd    0x9f88f build/led_testen/scons-release/modm/libmodm.a(startup.o)
 .debug_str     0x000c46bd    0x9f31d build/led_testen/scons-release/modm/libmodm.a(startup_platform.o)
 .debug_str     0x000c46bd    0x9fe36 build/led_testen/scons-release/modm/libmodm.a(vectors.o)
 .debug_str     0x000c46bd    0x9ff14 build/led_testen/scons-release/modm/libmodm.a(enable.o)
 .debug_str     0x000c46bd    0xb5ab2 build/led_testen/scons-release/modm/libmodm.a(i2c_master_1.o)
 .debug_str     0x000c46bd    0xb673b build/led_testen/scons-release/modm/libmodm.a(uart_1.o)
 .debug_str     0x000c46bd     0x55e4 build/led_testen/scons-release/modm/libmodm.a(context_arm_m.o)
 .debug_str     0x000c46bd    0xb1cac build/led_testen/scons-release/modm/libmodm.a(scheduler.o)

.comment        0x00000000       0x44
 *(.comment)
 .comment       0x00000000       0x44 build/led_testen/scons-release/logger.o
                                 0x45 (size before relaxing)
 .comment       0x00000044       0x45 build/led_testen/scons-release/main.o
 .comment       0x00000044       0x45 build/led_testen/scons-release/modm/libmodm.a(new_delete.o)
 .comment       0x00000044       0x45 build/led_testen/scons-release/modm/libmodm.a(vl53l0.o)
 .comment       0x00000044       0x45 build/led_testen/scons-release/modm/libmodm.a(rcc.o)
 .comment       0x00000044       0x45 build/led_testen/scons-release/modm/libmodm.a(systick_timer.o)
 .comment       0x00000044       0x45 build/led_testen/scons-release/modm/libmodm.a(assert.o)
 .comment       0x00000044       0x45 build/led_testen/scons-release/modm/libmodm.a(delay.o)
 .comment       0x00000044       0x45 build/led_testen/scons-release/modm/libmodm.a(no_heap.o)
 .comment       0x00000044       0x45 build/led_testen/scons-release/modm/libmodm.a(startup.o)
 .comment       0x00000044       0x45 build/led_testen/scons-release/modm/libmodm.a(startup_platform.o)
 .comment       0x00000044       0x45 build/led_testen/scons-release/modm/libmodm.a(vectors.o)
 .comment       0x00000044       0x45 build/led_testen/scons-release/modm/libmodm.a(enable.o)
 .comment       0x00000044       0x45 build/led_testen/scons-release/modm/libmodm.a(i2c_master_1.o)
 .comment       0x00000044       0x45 build/led_testen/scons-release/modm/libmodm.a(uart_1.o)
 .comment       0x00000044       0x45 build/led_testen/scons-release/modm/libmodm.a(context_arm_m.o)
 .comment       0x00000044       0x45 build/led_testen/scons-release/modm/libmodm.a(scheduler.o)

.ARM.attributes
                0x00000000       0x32
 *(.ARM.attributes)
 .ARM.attributes
                0x00000000       0x34 build/led_testen/scons-release/logger.o
 .ARM.attributes
                0x00000034       0x34 build/led_testen/scons-release/main.o
 .ARM.attributes
                0x00000068       0x34 build/led_testen/scons-release/modm/libmodm.a(atomic.o)
 .ARM.attributes
                0x0000009c       0x34 build/led_testen/scons-release/modm/libmodm.a(cabi.o)
 .ARM.attributes
                0x000000d0       0x34 build/led_testen/scons-release/modm/libmodm.a(cxxabi.o)
 .ARM.attributes
                0x00000104       0x34 build/led_testen/scons-release/modm/libmodm.a(new_delete.o)
 .ARM.attributes
                0x00000138       0x34 build/led_testen/scons-release/modm/libmodm.a(flag.o)
 .ARM.attributes
                0x0000016c       0x34 build/led_testen/scons-release/modm/libmodm.a(smart_pointer.o)
 .ARM.attributes
                0x000001a0       0x34 build/led_testen/scons-release/modm/libmodm.a(vl53l0.o)
 .ARM.attributes
                0x000001d4       0x34 build/led_testen/scons-release/modm/libmodm.a(iostream.o)
 .ARM.attributes
                0x00000208       0x34 build/led_testen/scons-release/modm/libmodm.a(iostream_printf.o)
 .ARM.attributes
                0x0000023c       0x34 build/led_testen/scons-release/modm/libmodm.a(bit_operation.o)
 .ARM.attributes
                0x00000270       0x34 build/led_testen/scons-release/modm/libmodm.a(operator.o)
 .ARM.attributes
                0x000002a4       0x34 build/led_testen/scons-release/modm/libmodm.a(rcc.o)
 .ARM.attributes
                0x000002d8       0x34 build/led_testen/scons-release/modm/libmodm.a(systick_timer.o)
 .ARM.attributes
                0x0000030c       0x34 build/led_testen/scons-release/modm/libmodm.a(assert.o)
 .ARM.attributes
                0x00000340       0x34 build/led_testen/scons-release/modm/libmodm.a(delay.o)
 .ARM.attributes
                0x00000374       0x34 build/led_testen/scons-release/modm/libmodm.a(delay_ns.o)
 .ARM.attributes
                0x000003a8       0x34 build/led_testen/scons-release/modm/libmodm.a(no_heap.o)
 .ARM.attributes
                0x000003dc       0x20 build/led_testen/scons-release/modm/libmodm.a(reset_handler.o)
 .ARM.attributes
                0x000003fc       0x34 build/led_testen/scons-release/modm/libmodm.a(startup.o)
 .ARM.attributes
                0x00000430       0x34 build/led_testen/scons-release/modm/libmodm.a(startup_platform.o)
 .ARM.attributes
                0x00000464       0x34 build/led_testen/scons-release/modm/libmodm.a(vectors.o)
 .ARM.attributes
                0x00000498       0x34 build/led_testen/scons-release/modm/libmodm.a(enable.o)
 .ARM.attributes
                0x000004cc       0x34 build/led_testen/scons-release/modm/libmodm.a(i2c_master_1.o)
 .ARM.attributes
                0x00000500       0x34 build/led_testen/scons-release/modm/libmodm.a(timer_15.o)
 .ARM.attributes
                0x00000534       0x34 build/led_testen/scons-release/modm/libmodm.a(uart_1.o)
 .ARM.attributes
                0x00000568       0x34 build/led_testen/scons-release/modm/libmodm.a(context_arm_m.o)
 .ARM.attributes
                0x0000059c       0x34 build/led_testen/scons-release/modm/libmodm.a(scheduler.o)
 .ARM.attributes
                0x000005d0       0x34 build/led_testen/scons-release/modm/libmodm.a(printf.o)
 .ARM.attributes
                0x00000604       0x34 /opt/homebrew/Cellar/arm-gcc-bin@13/13.2.rel1/bin/../lib/gcc/arm-none-eabi/13.2.1/../../../../arm-none-eabi/lib/thumb/v7e-m+fp/hard/libstdc++_nano.a(new_handler.o)
 .ARM.attributes
                0x00000638       0x34 /opt/homebrew/Cellar/arm-gcc-bin@13/13.2.rel1/bin/../lib/gcc/arm-none-eabi/13.2.1/../../../../arm-none-eabi/lib/thumb/v7e-m+fp/hard/libm.a(libm_a-w_sqrt.o)
 .ARM.attributes
                0x0000066c       0x34 /opt/homebrew/Cellar/arm-gcc-bin@13/13.2.rel1/bin/../lib/gcc/arm-none-eabi/13.2.1/../../../../arm-none-eabi/lib/thumb/v7e-m+fp/hard/libm.a(libm_a-e_sqrt.o)
 .ARM.attributes
                0x000006a0       0x34 /opt/homebrew/Cellar/arm-gcc-bin@13/13.2.rel1/bin/../lib/gcc/arm-none-eabi/13.2.1/../../../../arm-none-eabi/lib/thumb/v7e-m+fp/hard/libm.a(libm_a-s_round.o)
 .ARM.attributes
                0x000006d4       0x22 /opt/homebrew/Cellar/arm-gcc-bin@13/13.2.rel1/bin/../lib/gcc/arm-none-eabi/13.2.1/thumb/v7e-m+fp/hard/libgcc.a(_arm_muldf3.o)
 .ARM.attributes
                0x000006f6       0x22 /opt/homebrew/Cellar/arm-gcc-bin@13/13.2.rel1/bin/../lib/gcc/arm-none-eabi/13.2.1/thumb/v7e-m+fp/hard/libgcc.a(_arm_addsubdf3.o)
 .ARM.attributes
                0x00000718       0x22 /opt/homebrew/Cellar/arm-gcc-bin@13/13.2.rel1/bin/../lib/gcc/arm-none-eabi/13.2.1/thumb/v7e-m+fp/hard/libgcc.a(_arm_muldivdf3.o)
 .ARM.attributes
                0x0000073a       0x22 /opt/homebrew/Cellar/arm-gcc-bin@13/13.2.rel1/bin/../lib/gcc/arm-none-eabi/13.2.1/thumb/v7e-m+fp/hard/libgcc.a(_arm_cmpdf2.o)
 .ARM.attributes
                0x0000075c       0x22 /opt/homebrew/Cellar/arm-gcc-bin@13/13.2.rel1/bin/../lib/gcc/arm-none-eabi/13.2.1/thumb/v7e-m+fp/hard/libgcc.a(_arm_unorddf2.o)
 .ARM.attributes
                0x0000077e       0x22 /opt/homebrew/Cellar/arm-gcc-bin@13/13.2.rel1/bin/../lib/gcc/arm-none-eabi/13.2.1/thumb/v7e-m+fp/hard/libgcc.a(_arm_fixdfsi.o)
 .ARM.attributes
                0x000007a0       0x22 /opt/homebrew/Cellar/arm-gcc-bin@13/13.2.rel1/bin/../lib/gcc/arm-none-eabi/13.2.1/thumb/v7e-m+fp/hard/libgcc.a(_arm_fixunsdfsi.o)
 .ARM.attributes
                0x000007c2       0x22 /opt/homebrew/Cellar/arm-gcc-bin@13/13.2.rel1/bin/../lib/gcc/arm-none-eabi/13.2.1/thumb/v7e-m+fp/hard/libgcc.a(_aeabi_ldivmod.o)
 .ARM.attributes
                0x000007e4       0x22 /opt/homebrew/Cellar/arm-gcc-bin@13/13.2.rel1/bin/../lib/gcc/arm-none-eabi/13.2.1/thumb/v7e-m+fp/hard/libgcc.a(_aeabi_uldivmod.o)
 .ARM.attributes
                0x00000806       0x34 /opt/homebrew/Cellar/arm-gcc-bin@13/13.2.rel1/bin/../lib/gcc/arm-none-eabi/13.2.1/thumb/v7e-m+fp/hard/libgcc.a(_fixdfdi.o)
 .ARM.attributes
                0x0000083a       0x34 /opt/homebrew/Cellar/arm-gcc-bin@13/13.2.rel1/bin/../lib/gcc/arm-none-eabi/13.2.1/thumb/v7e-m+fp/hard/libgcc.a(_fixunsdfdi.o)
 .ARM.attributes
                0x0000086e       0x34 /opt/homebrew/Cellar/arm-gcc-bin@13/13.2.rel1/bin/../lib/gcc/arm-none-eabi/13.2.1/thumb/v7e-m+fp/hard/libgcc.a(_udivmoddi4.o)
 .ARM.attributes
                0x000008a2       0x22 /opt/homebrew/Cellar/arm-gcc-bin@13/13.2.rel1/bin/../lib/gcc/arm-none-eabi/13.2.1/thumb/v7e-m+fp/hard/libgcc.a(_dvmd_tls.o)
 .ARM.attributes
                0x000008c4       0x34 /opt/homebrew/Cellar/arm-gcc-bin@13/13.2.rel1/bin/../lib/gcc/arm-none-eabi/13.2.1/../../../../arm-none-eabi/lib/thumb/v7e-m+fp/hard/libc_nano.a(libc_a-malloc.o)
 .ARM.attributes
                0x000008f8       0x34 /opt/homebrew/Cellar/arm-gcc-bin@13/13.2.rel1/bin/../lib/gcc/arm-none-eabi/13.2.1/../../../../arm-none-eabi/lib/thumb/v7e-m+fp/hard/libc_nano.a(libc_a-mallocr.o)
 .ARM.attributes
                0x0000092c       0x34 /opt/homebrew/Cellar/arm-gcc-bin@13/13.2.rel1/bin/../lib/gcc/arm-none-eabi/13.2.1/../../../../arm-none-eabi/lib/thumb/v7e-m+fp/hard/libc_nano.a(libc_a-mlock.o)
 .ARM.attributes
                0x00000960       0x34 /opt/homebrew/Cellar/arm-gcc-bin@13/13.2.rel1/bin/../lib/gcc/arm-none-eabi/13.2.1/../../../../arm-none-eabi/lib/thumb/v7e-m+fp/hard/libc_nano.a(libc_a-memcmp.o)
 .ARM.attributes
                0x00000994       0x34 /opt/homebrew/Cellar/arm-gcc-bin@13/13.2.rel1/bin/../lib/gcc/arm-none-eabi/13.2.1/../../../../arm-none-eabi/lib/thumb/v7e-m+fp/hard/libc_nano.a(libc_a-memset.o)
 .ARM.attributes
                0x000009c8       0x34 /opt/homebrew/Cellar/arm-gcc-bin@13/13.2.rel1/bin/../lib/gcc/arm-none-eabi/13.2.1/../../../../arm-none-eabi/lib/thumb/v7e-m+fp/hard/libc_nano.a(libc_a-impure.o)
 .ARM.attributes
                0x000009fc       0x34 /opt/homebrew/Cellar/arm-gcc-bin@13/13.2.rel1/bin/../lib/gcc/arm-none-eabi/13.2.1/../../../../arm-none-eabi/lib/thumb/v7e-m+fp/hard/libc_nano.a(libc_a-errno.o)
 .ARM.attributes
                0x00000a30       0x34 /opt/homebrew/Cellar/arm-gcc-bin@13/13.2.rel1/bin/../lib/gcc/arm-none-eabi/13.2.1/../../../../arm-none-eabi/lib/thumb/v7e-m+fp/hard/libc_nano.a(libc_a-lock.o)
 .ARM.attributes
                0x00000a64       0x34 /opt/homebrew/Cellar/arm-gcc-bin@13/13.2.rel1/bin/../lib/gcc/arm-none-eabi/13.2.1/../../../../arm-none-eabi/lib/thumb/v7e-m+fp/hard/libc_nano.a(libc_a-memcpy-stub.o)
 .ARM.attributes
                0x00000a98       0x34 /opt/homebrew/Cellar/arm-gcc-bin@13/13.2.rel1/bin/../lib/gcc/arm-none-eabi/13.2.1/../../../../arm-none-eabi/lib/thumb/v7e-m+fp/hard/libc_nano.a(libc_a-freer.o)

/DISCARD/
 *(.note.GNU-stack)
OUTPUT(build/led_testen/scons-release/led_testen.elf elf32-littlearm)
LOAD linker stubs

.debug_macro    0x00000000    0x2936d
 .debug_macro   0x00000000     0x1093 build/led_testen/scons-release/logger.o
 .debug_macro   0x00001093      0xcb8 build/led_testen/scons-release/logger.o
 .debug_macro   0x00001d4b       0x56 build/led_testen/scons-release/logger.o
 .debug_macro   0x00001da1      0x105 build/led_testen/scons-release/logger.o
 .debug_macro   0x00001ea6       0x28 build/led_testen/scons-release/logger.o
 .debug_macro   0x00001ece      0x1f2 build/led_testen/scons-release/logger.o
 .debug_macro   0x000020c0       0x10 build/led_testen/scons-release/logger.o
 .debug_macro   0x000020d0       0xd6 build/led_testen/scons-release/logger.o
 .debug_macro   0x000021a6      0x103 build/led_testen/scons-release/logger.o
 .debug_macro   0x000022a9      0x361 build/led_testen/scons-release/logger.o
 .debug_macro   0x0000260a      0x197 build/led_testen/scons-release/logger.o
 .debug_macro   0x000027a1       0x58 build/led_testen/scons-release/logger.o
 .debug_macro   0x000027f9       0x22 build/led_testen/scons-release/logger.o
 .debug_macro   0x0000281b       0x75 build/led_testen/scons-release/logger.o
 .debug_macro   0x00002890       0x2a build/led_testen/scons-release/logger.o
 .debug_macro   0x000028ba       0x5c build/led_testen/scons-release/logger.o
 .debug_macro   0x00002916       0x3c build/led_testen/scons-release/logger.o
 .debug_macro   0x00002952      0x103 build/led_testen/scons-release/logger.o
 .debug_macro   0x00002a55       0x3a build/led_testen/scons-release/logger.o
 .debug_macro   0x00002a8f       0x1c build/led_testen/scons-release/logger.o
 .debug_macro   0x00002aab       0x57 build/led_testen/scons-release/logger.o
 .debug_macro   0x00002b02       0x6a build/led_testen/scons-release/logger.o
 .debug_macro   0x00002b6c      0x1df build/led_testen/scons-release/logger.o
 .debug_macro   0x00002d4b       0x3c build/led_testen/scons-release/logger.o
 .debug_macro   0x00002d87      0x4cc build/led_testen/scons-release/logger.o
 .debug_macro   0x00003253       0xb0 build/led_testen/scons-release/logger.o
 .debug_macro   0x00003303      0x38c build/led_testen/scons-release/logger.o
 .debug_macro   0x0000368f       0x7c build/led_testen/scons-release/logger.o
 .debug_macro   0x0000370b       0x17 build/led_testen/scons-release/logger.o
 .debug_macro   0x00003722       0xc4 build/led_testen/scons-release/logger.o
 .debug_macro   0x000037e6       0x1c build/led_testen/scons-release/logger.o
 .debug_macro   0x00003802      0x14a build/led_testen/scons-release/logger.o
 .debug_macro   0x0000394c       0x16 build/led_testen/scons-release/logger.o
 .debug_macro   0x00003962       0x4a build/led_testen/scons-release/logger.o
 .debug_macro   0x000039ac       0x34 build/led_testen/scons-release/logger.o
 .debug_macro   0x000039e0       0x10 build/led_testen/scons-release/logger.o
 .debug_macro   0x000039f0       0x58 build/led_testen/scons-release/logger.o
 .debug_macro   0x00003a48      0x1de build/led_testen/scons-release/logger.o
 .debug_macro   0x00003c26       0x10 build/led_testen/scons-release/logger.o
 .debug_macro   0x00003c36       0x10 build/led_testen/scons-release/logger.o
 .debug_macro   0x00003c46       0x10 build/led_testen/scons-release/logger.o
 .debug_macro   0x00003c56       0xb8 build/led_testen/scons-release/logger.o
 .debug_macro   0x00003d0e       0x2e build/led_testen/scons-release/logger.o
 .debug_macro   0x00003d3c       0x40 build/led_testen/scons-release/logger.o
 .debug_macro   0x00003d7c       0x18 build/led_testen/scons-release/logger.o
 .debug_macro   0x00003d94       0x49 build/led_testen/scons-release/logger.o
 .debug_macro   0x00003ddd       0x10 build/led_testen/scons-release/logger.o
 .debug_macro   0x00003ded       0x10 build/led_testen/scons-release/logger.o
 .debug_macro   0x00003dfd       0x20 build/led_testen/scons-release/logger.o
 .debug_macro   0x00003e1d       0x2b build/led_testen/scons-release/logger.o
 .debug_macro   0x00003e48       0x22 build/led_testen/scons-release/logger.o
 .debug_macro   0x00003e6a       0x43 build/led_testen/scons-release/logger.o
 .debug_macro   0x00003ead       0x39 build/led_testen/scons-release/logger.o
 .debug_macro   0x00003ee6      0x173 build/led_testen/scons-release/logger.o
 .debug_macro   0x00004059       0x1c build/led_testen/scons-release/logger.o
 .debug_macro   0x00004075       0x10 build/led_testen/scons-release/logger.o
 .debug_macro   0x00004085       0x10 build/led_testen/scons-release/logger.o
 .debug_macro   0x00004095       0x1f build/led_testen/scons-release/logger.o
 .debug_macro   0x000040b4       0x25 build/led_testen/scons-release/logger.o
 .debug_macro   0x000040d9       0x11 build/led_testen/scons-release/logger.o
 .debug_macro   0x000040ea       0x17 build/led_testen/scons-release/logger.o
 .debug_macro   0x00004101       0x10 build/led_testen/scons-release/logger.o
 .debug_macro   0x00004111       0x28 build/led_testen/scons-release/logger.o
 .debug_macro   0x00004139       0x2e build/led_testen/scons-release/logger.o
 .debug_macro   0x00004167       0x11 build/led_testen/scons-release/logger.o
 .debug_macro   0x00004178       0x10 build/led_testen/scons-release/logger.o
 .debug_macro   0x00004188       0x2e build/led_testen/scons-release/logger.o
 .debug_macro   0x000041b6       0x16 build/led_testen/scons-release/logger.o
 .debug_macro   0x000041cc       0x46 build/led_testen/scons-release/logger.o
 .debug_macro   0x00004212       0x5e build/led_testen/scons-release/logger.o
 .debug_macro   0x00004270       0x11 build/led_testen/scons-release/logger.o
 .debug_macro   0x00004281       0x2f build/led_testen/scons-release/logger.o
 .debug_macro   0x000042b0       0x16 build/led_testen/scons-release/logger.o
 .debug_macro   0x000042c6       0x2c build/led_testen/scons-release/logger.o
 .debug_macro   0x000042f2       0x11 build/led_testen/scons-release/logger.o
 .debug_macro   0x00004303       0x32 build/led_testen/scons-release/logger.o
 .debug_macro   0x00004335       0x11 build/led_testen/scons-release/logger.o
 .debug_macro   0x00004346       0x1f build/led_testen/scons-release/logger.o
 .debug_macro   0x00004365       0x11 build/led_testen/scons-release/logger.o
 .debug_macro   0x00004376       0x88 build/led_testen/scons-release/logger.o
 .debug_macro   0x000043fe       0x19 build/led_testen/scons-release/logger.o
 .debug_macro   0x00004417       0x1c build/led_testen/scons-release/logger.o
 .debug_macro   0x00004433       0x12 build/led_testen/scons-release/logger.o
 .debug_macro   0x00004445       0x17 build/led_testen/scons-release/logger.o
 .debug_macro   0x0000445c       0x17 build/led_testen/scons-release/logger.o
 .debug_macro   0x00004473       0x1e build/led_testen/scons-release/logger.o
 .debug_macro   0x00004491       0x1e build/led_testen/scons-release/logger.o
 .debug_macro   0x000044af       0x11 build/led_testen/scons-release/logger.o
 .debug_macro   0x000044c0       0x10 build/led_testen/scons-release/logger.o
 .debug_macro   0x000044d0       0x16 build/led_testen/scons-release/logger.o
 .debug_macro   0x000044e6       0x22 build/led_testen/scons-release/logger.o
 .debug_macro   0x00004508       0x1c build/led_testen/scons-release/logger.o
 .debug_macro   0x00004524       0xde build/led_testen/scons-release/logger.o
 .debug_macro   0x00004602       0x1c build/led_testen/scons-release/logger.o
 .debug_macro   0x0000461e       0x10 build/led_testen/scons-release/logger.o
 .debug_macro   0x0000462e       0x16 build/led_testen/scons-release/logger.o
 .debug_macro   0x00004644      0x10e build/led_testen/scons-release/logger.o
 .debug_macro   0x00004752      0x11d build/led_testen/scons-release/logger.o
 .debug_macro   0x0000486f       0x10 build/led_testen/scons-release/logger.o
 .debug_macro   0x0000487f      0x242 build/led_testen/scons-release/logger.o
 .debug_macro   0x00004ac1       0x19 build/led_testen/scons-release/logger.o
 .debug_macro   0x00004ada       0x18 build/led_testen/scons-release/logger.o
 .debug_macro   0x00004af2       0x1f build/led_testen/scons-release/logger.o
 .debug_macro   0x00004b11       0x17 build/led_testen/scons-release/logger.o
 .debug_macro   0x00004b28       0x17 build/led_testen/scons-release/logger.o
 .debug_macro   0x00004b3f       0x10 build/led_testen/scons-release/logger.o
 .debug_macro   0x00004b4f       0x10 build/led_testen/scons-release/logger.o
 .debug_macro   0x00004b5f       0x76 build/led_testen/scons-release/logger.o
 .debug_macro   0x00004bd5       0x1c build/led_testen/scons-release/logger.o
 .debug_macro   0x00004bf1       0x1e build/led_testen/scons-release/logger.o
 .debug_macro   0x00004c0f       0x1e build/led_testen/scons-release/logger.o
 .debug_macro   0x00004c2d       0x33 build/led_testen/scons-release/logger.o
 .debug_macro   0x00004c60       0x26 build/led_testen/scons-release/logger.o
 .debug_macro   0x00004c86       0x11 build/led_testen/scons-release/logger.o
 .debug_macro   0x00004c97       0x12 build/led_testen/scons-release/logger.o
 .debug_macro   0x00004ca9       0x17 build/led_testen/scons-release/logger.o
 .debug_macro   0x00004cc0       0x10 build/led_testen/scons-release/logger.o
 .debug_macro   0x00004cd0       0x12 build/led_testen/scons-release/logger.o
 .debug_macro   0x00004ce2       0x12 build/led_testen/scons-release/logger.o
 .debug_macro   0x00004cf4       0x11 build/led_testen/scons-release/logger.o
 .debug_macro   0x00004d05       0x24 build/led_testen/scons-release/logger.o
 .debug_macro   0x00004d29       0x10 build/led_testen/scons-release/logger.o
 .debug_macro   0x00004d39       0x48 build/led_testen/scons-release/logger.o
 .debug_macro   0x00004d81       0x18 build/led_testen/scons-release/logger.o
 .debug_macro   0x00004d99       0x24 build/led_testen/scons-release/logger.o
 .debug_macro   0x00004dbd       0x16 build/led_testen/scons-release/logger.o
 .debug_macro   0x00004dd3       0x16 build/led_testen/scons-release/logger.o
 .debug_macro   0x00004de9       0x8e build/led_testen/scons-release/logger.o
 .debug_macro   0x00004e77       0x30 build/led_testen/scons-release/logger.o
 .debug_macro   0x00004ea7       0x22 build/led_testen/scons-release/logger.o
 .debug_macro   0x00004ec9       0x16 build/led_testen/scons-release/logger.o
 .debug_macro   0x00004edf       0x40 build/led_testen/scons-release/logger.o
 .debug_macro   0x00004f1f       0x3c build/led_testen/scons-release/logger.o
 .debug_macro   0x00004f5b       0x10 build/led_testen/scons-release/logger.o
 .debug_macro   0x00004f6b       0x28 build/led_testen/scons-release/logger.o
 .debug_macro   0x00004f93       0x2e build/led_testen/scons-release/logger.o
 .debug_macro   0x00004fc1       0x10 build/led_testen/scons-release/logger.o
 .debug_macro   0x00004fd1       0x34 build/led_testen/scons-release/logger.o
 .debug_macro   0x00005005      0x26d build/led_testen/scons-release/logger.o
 .debug_macro   0x00005272       0x28 build/led_testen/scons-release/logger.o
 .debug_macro   0x0000529a     0x11ae build/led_testen/scons-release/logger.o
 .debug_macro   0x00006448      0x11f build/led_testen/scons-release/logger.o
 .debug_macro   0x00006567    0x18b45 build/led_testen/scons-release/logger.o
 .debug_macro   0x0001f0ac       0xe5 build/led_testen/scons-release/logger.o
 .debug_macro   0x0001f191      0x3db build/led_testen/scons-release/logger.o
 .debug_macro   0x0001f56c       0x16 build/led_testen/scons-release/logger.o
 .debug_macro   0x0001f582       0x11 build/led_testen/scons-release/logger.o
 .debug_macro   0x0001f593       0x17 build/led_testen/scons-release/logger.o
 .debug_macro   0x0001f5aa       0x17 build/led_testen/scons-release/logger.o
 .debug_macro   0x0001f5c1       0x17 build/led_testen/scons-release/logger.o
 .debug_macro   0x0001f5d8       0x17 build/led_testen/scons-release/logger.o
 .debug_macro   0x0001f5ef       0x17 build/led_testen/scons-release/logger.o
 .debug_macro   0x0001f606       0x17 build/led_testen/scons-release/logger.o
 .debug_macro   0x0001f61d       0x10 build/led_testen/scons-release/logger.o
 .debug_macro   0x0001f62d       0x2a build/led_testen/scons-release/logger.o
 .debug_macro   0x0001f657       0x16 build/led_testen/scons-release/logger.o
 .debug_macro   0x0001f66d       0x4c build/led_testen/scons-release/logger.o
 .debug_macro   0x0001f6b9       0x2e build/led_testen/scons-release/logger.o
 .debug_macro   0x0001f6e7       0x2d build/led_testen/scons-release/logger.o
 .debug_macro   0x0001f714       0x41 build/led_testen/scons-release/logger.o
 .debug_macro   0x0001f755       0x5e build/led_testen/scons-release/logger.o
 .debug_macro   0x0001f7b3       0x1e build/led_testen/scons-release/logger.o
 .debug_macro   0x0001f7d1       0x2d build/led_testen/scons-release/logger.o
 .debug_macro   0x0001f7fe       0x10 build/led_testen/scons-release/logger.o
 .debug_macro   0x0001f80e       0x51 build/led_testen/scons-release/logger.o
 .debug_macro   0x0001f85f       0x1c build/led_testen/scons-release/logger.o
 .debug_macro   0x0001f87b       0x10 build/led_testen/scons-release/logger.o
 .debug_macro   0x0001f88b       0x10 build/led_testen/scons-release/logger.o
 .debug_macro   0x0001f89b       0x10 build/led_testen/scons-release/logger.o
 .debug_macro   0x0001f8ab       0x38 build/led_testen/scons-release/logger.o
 .debug_macro   0x0001f8e3       0x32 build/led_testen/scons-release/logger.o
 .debug_macro   0x0001f915       0x32 build/led_testen/scons-release/logger.o
 .debug_macro   0x0001f947       0x12 build/led_testen/scons-release/logger.o
 .debug_macro   0x0001f959       0x2c build/led_testen/scons-release/logger.o
 .debug_macro   0x0001f985       0x12 build/led_testen/scons-release/logger.o
 .debug_macro   0x0001f997       0x55 build/led_testen/scons-release/logger.o
 .debug_macro   0x0001f9ec     0x1119 build/led_testen/scons-release/main.o
 .debug_macro   0x00020b05       0x56 build/led_testen/scons-release/main.o
 .debug_macro   0x00020b5b       0x51 build/led_testen/scons-release/main.o
 .debug_macro   0x00020bac       0x7b build/led_testen/scons-release/main.o
 .debug_macro   0x00020c27      0x9cf build/led_testen/scons-release/modm/libmodm.a(new_delete.o)
 .debug_macro   0x000215f6       0x19 build/led_testen/scons-release/modm/libmodm.a(new_delete.o)
 .debug_macro   0x0002160f       0x34 build/led_testen/scons-release/modm/libmodm.a(new_delete.o)
 .debug_macro   0x00021643      0x11c build/led_testen/scons-release/modm/libmodm.a(new_delete.o)
 .debug_macro   0x0002175f       0xa2 build/led_testen/scons-release/modm/libmodm.a(new_delete.o)
 .debug_macro   0x00021801       0x10 build/led_testen/scons-release/modm/libmodm.a(new_delete.o)
 .debug_macro   0x00021811       0x16 build/led_testen/scons-release/modm/libmodm.a(new_delete.o)
 .debug_macro   0x00021827       0x10 build/led_testen/scons-release/modm/libmodm.a(new_delete.o)
 .debug_macro   0x00021837      0xde0 build/led_testen/scons-release/modm/libmodm.a(vl53l0.o)
 .debug_macro   0x00022617       0x10 build/led_testen/scons-release/modm/libmodm.a(vl53l0.o)
 .debug_macro   0x00022627       0x33 build/led_testen/scons-release/modm/libmodm.a(vl53l0.o)
 .debug_macro   0x0002265a       0x52 build/led_testen/scons-release/modm/libmodm.a(vl53l0.o)
 .debug_macro   0x000226ac      0xbab build/led_testen/scons-release/modm/libmodm.a(rcc.o)
 .debug_macro   0x00023257       0x32 build/led_testen/scons-release/modm/libmodm.a(rcc.o)
 .debug_macro   0x00023289       0xf0 build/led_testen/scons-release/modm/libmodm.a(rcc.o)
 .debug_macro   0x00023379      0xaeb build/led_testen/scons-release/modm/libmodm.a(systick_timer.o)
 .debug_macro   0x00023e64       0x10 build/led_testen/scons-release/modm/libmodm.a(systick_timer.o)
 .debug_macro   0x00023e74      0xa5a build/led_testen/scons-release/modm/libmodm.a(assert.o)
 .debug_macro   0x000248ce      0xb49 build/led_testen/scons-release/modm/libmodm.a(delay.o)
 .debug_macro   0x00025417       0xec build/led_testen/scons-release/modm/libmodm.a(no_heap.o)
 .debug_macro   0x00025503       0x10 build/led_testen/scons-release/modm/libmodm.a(no_heap.o)
 .debug_macro   0x00025513      0x10f build/led_testen/scons-release/modm/libmodm.a(startup.o)
 .debug_macro   0x00025622       0x8e build/led_testen/scons-release/modm/libmodm.a(startup.o)
 .debug_macro   0x000256b0     0x11ae build/led_testen/scons-release/modm/libmodm.a(startup.o)
 .debug_macro   0x0002685e       0xfd build/led_testen/scons-release/modm/libmodm.a(startup_platform.o)
 .debug_macro   0x0002695b      0x111 build/led_testen/scons-release/modm/libmodm.a(vectors.o)
 .debug_macro   0x00026a6c      0x10b build/led_testen/scons-release/modm/libmodm.a(enable.o)
 .debug_macro   0x00026b77      0xddc build/led_testen/scons-release/modm/libmodm.a(i2c_master_1.o)
 .debug_macro   0x00027953       0x1c build/led_testen/scons-release/modm/libmodm.a(i2c_master_1.o)
 .debug_macro   0x0002796f       0x11 build/led_testen/scons-release/modm/libmodm.a(i2c_master_1.o)
 .debug_macro   0x00027980       0x2c build/led_testen/scons-release/modm/libmodm.a(i2c_master_1.o)
 .debug_macro   0x000279ac       0x16 build/led_testen/scons-release/modm/libmodm.a(i2c_master_1.o)
 .debug_macro   0x000279c2       0x1f build/led_testen/scons-release/modm/libmodm.a(i2c_master_1.o)
 .debug_macro   0x000279e1       0x18 build/led_testen/scons-release/modm/libmodm.a(i2c_master_1.o)
 .debug_macro   0x000279f9      0xd52 build/led_testen/scons-release/modm/libmodm.a(uart_1.o)
 .debug_macro   0x0002874b       0xa3 build/led_testen/scons-release/modm/libmodm.a(context_arm_m.o)
 .debug_macro   0x000287ee      0xb14 build/led_testen/scons-release/modm/libmodm.a(scheduler.o)
 .debug_macro   0x00029302       0x1f build/led_testen/scons-release/modm/libmodm.a(scheduler.o)
 .debug_macro   0x00029321       0x34 build/led_testen/scons-release/modm/libmodm.a(scheduler.o)
 .debug_macro   0x00029355       0x18 build/led_testen/scons-release/modm/libmodm.a(scheduler.o)

Cross Reference Table

Symbol                                            File
ADC1_2_IRQHandler                                 build/led_testen/scons-release/modm/libmodm.a(vectors.o)
ADC3_IRQHandler                                   build/led_testen/scons-release/modm/libmodm.a(vectors.o)
ADC4_IRQHandler                                   build/led_testen/scons-release/modm/libmodm.a(vectors.o)
ADC5_IRQHandler                                   build/led_testen/scons-release/modm/libmodm.a(vectors.o)
BusFault_Handler                                  build/led_testen/scons-release/modm/libmodm.a(vectors.o)
COMP1_2_3_IRQHandler                              build/led_testen/scons-release/modm/libmodm.a(vectors.o)
COMP4_5_6_IRQHandler                              build/led_testen/scons-release/modm/libmodm.a(vectors.o)
COMP7_IRQHandler                                  build/led_testen/scons-release/modm/libmodm.a(vectors.o)
CORDIC_IRQHandler                                 build/led_testen/scons-release/modm/libmodm.a(vectors.o)
CRS_IRQHandler                                    build/led_testen/scons-release/modm/libmodm.a(vectors.o)
DMA1_Channel1_IRQHandler                          build/led_testen/scons-release/modm/libmodm.a(vectors.o)
DMA1_Channel2_IRQHandler                          build/led_testen/scons-release/modm/libmodm.a(vectors.o)
DMA1_Channel3_IRQHandler                          build/led_testen/scons-release/modm/libmodm.a(vectors.o)
DMA1_Channel4_IRQHandler                          build/led_testen/scons-release/modm/libmodm.a(vectors.o)
DMA1_Channel5_IRQHandler                          build/led_testen/scons-release/modm/libmodm.a(vectors.o)
DMA1_Channel6_IRQHandler                          build/led_testen/scons-release/modm/libmodm.a(vectors.o)
DMA1_Channel7_IRQHandler                          build/led_testen/scons-release/modm/libmodm.a(vectors.o)
DMA1_Channel8_IRQHandler                          build/led_testen/scons-release/modm/libmodm.a(vectors.o)
DMA2_Channel1_IRQHandler                          build/led_testen/scons-release/modm/libmodm.a(vectors.o)
DMA2_Channel2_IRQHandler                          build/led_testen/scons-release/modm/libmodm.a(vectors.o)
DMA2_Channel3_IRQHandler                          build/led_testen/scons-release/modm/libmodm.a(vectors.o)
DMA2_Channel4_IRQHandler                          build/led_testen/scons-release/modm/libmodm.a(vectors.o)
DMA2_Channel5_IRQHandler                          build/led_testen/scons-release/modm/libmodm.a(vectors.o)
DMA2_Channel6_IRQHandler                          build/led_testen/scons-release/modm/libmodm.a(vectors.o)
DMA2_Channel7_IRQHandler                          build/led_testen/scons-release/modm/libmodm.a(vectors.o)
DMA2_Channel8_IRQHandler                          build/led_testen/scons-release/modm/libmodm.a(vectors.o)
DMAMUX_OVR_IRQHandler                             build/led_testen/scons-release/modm/libmodm.a(vectors.o)
DebugMon_Handler                                  build/led_testen/scons-release/modm/libmodm.a(vectors.o)
EXTI0_IRQHandler                                  build/led_testen/scons-release/modm/libmodm.a(vectors.o)
EXTI15_10_IRQHandler                              build/led_testen/scons-release/modm/libmodm.a(vectors.o)
EXTI1_IRQHandler                                  build/led_testen/scons-release/modm/libmodm.a(vectors.o)
EXTI2_IRQHandler                                  build/led_testen/scons-release/modm/libmodm.a(vectors.o)
EXTI3_IRQHandler                                  build/led_testen/scons-release/modm/libmodm.a(vectors.o)
EXTI4_IRQHandler                                  build/led_testen/scons-release/modm/libmodm.a(vectors.o)
EXTI9_5_IRQHandler                                build/led_testen/scons-release/modm/libmodm.a(vectors.o)
FDCAN1_IT0_IRQHandler                             build/led_testen/scons-release/modm/libmodm.a(vectors.o)
FDCAN1_IT1_IRQHandler                             build/led_testen/scons-release/modm/libmodm.a(vectors.o)
FDCAN2_IT0_IRQHandler                             build/led_testen/scons-release/modm/libmodm.a(vectors.o)
FDCAN2_IT1_IRQHandler                             build/led_testen/scons-release/modm/libmodm.a(vectors.o)
FDCAN3_IT0_IRQHandler                             build/led_testen/scons-release/modm/libmodm.a(vectors.o)
FDCAN3_IT1_IRQHandler                             build/led_testen/scons-release/modm/libmodm.a(vectors.o)
FLASH_IRQHandler                                  build/led_testen/scons-release/modm/libmodm.a(vectors.o)
FMAC_IRQHandler                                   build/led_testen/scons-release/modm/libmodm.a(vectors.o)
FMC_IRQHandler                                    build/led_testen/scons-release/modm/libmodm.a(vectors.o)
FPU_IRQHandler                                    build/led_testen/scons-release/modm/libmodm.a(vectors.o)
HRTIM1_FLT_IRQHandler                             build/led_testen/scons-release/modm/libmodm.a(vectors.o)
HRTIM1_Master_IRQHandler                          build/led_testen/scons-release/modm/libmodm.a(vectors.o)
HRTIM1_TIMA_IRQHandler                            build/led_testen/scons-release/modm/libmodm.a(vectors.o)
HRTIM1_TIMB_IRQHandler                            build/led_testen/scons-release/modm/libmodm.a(vectors.o)
HRTIM1_TIMC_IRQHandler                            build/led_testen/scons-release/modm/libmodm.a(vectors.o)
HRTIM1_TIMD_IRQHandler                            build/led_testen/scons-release/modm/libmodm.a(vectors.o)
HRTIM1_TIME_IRQHandler                            build/led_testen/scons-release/modm/libmodm.a(vectors.o)
HRTIM1_TIMF_IRQHandler                            build/led_testen/scons-release/modm/libmodm.a(vectors.o)
HardFault_Handler                                 build/led_testen/scons-release/modm/libmodm.a(vectors.o)
I2C1_ER_IRQHandler                                build/led_testen/scons-release/modm/libmodm.a(i2c_master_1.o)
                                                  build/led_testen/scons-release/modm/libmodm.a(vectors.o)
I2C1_EV_IRQHandler                                build/led_testen/scons-release/modm/libmodm.a(i2c_master_1.o)
                                                  build/led_testen/scons-release/modm/libmodm.a(vectors.o)
I2C2_ER_IRQHandler                                build/led_testen/scons-release/modm/libmodm.a(vectors.o)
I2C2_EV_IRQHandler                                build/led_testen/scons-release/modm/libmodm.a(vectors.o)
I2C3_ER_IRQHandler                                build/led_testen/scons-release/modm/libmodm.a(vectors.o)
I2C3_EV_IRQHandler                                build/led_testen/scons-release/modm/libmodm.a(vectors.o)
I2C4_ER_IRQHandler                                build/led_testen/scons-release/modm/libmodm.a(vectors.o)
I2C4_EV_IRQHandler                                build/led_testen/scons-release/modm/libmodm.a(vectors.o)
LPTIM1_IRQHandler                                 build/led_testen/scons-release/modm/libmodm.a(vectors.o)
LPUART1_IRQHandler                                build/led_testen/scons-release/modm/libmodm.a(vectors.o)
MemManage_Handler                                 build/led_testen/scons-release/modm/libmodm.a(vectors.o)
NMI_Handler                                       build/led_testen/scons-release/modm/libmodm.a(vectors.o)
PVD_PVM_IRQHandler                                build/led_testen/scons-release/modm/libmodm.a(vectors.o)
PendSV_Handler                                    build/led_testen/scons-release/modm/libmodm.a(vectors.o)
QUADSPI_IRQHandler                                build/led_testen/scons-release/modm/libmodm.a(vectors.o)
RCC_IRQHandler                                    build/led_testen/scons-release/modm/libmodm.a(vectors.o)
RNG_IRQHandler                                    build/led_testen/scons-release/modm/libmodm.a(vectors.o)
RTC_Alarm_IRQHandler                              build/led_testen/scons-release/modm/libmodm.a(vectors.o)
RTC_TAMP_LSECSS_IRQHandler                        build/led_testen/scons-release/modm/libmodm.a(vectors.o)
RTC_WKUP_IRQHandler                               build/led_testen/scons-release/modm/libmodm.a(vectors.o)
Reset_Handler                                     build/led_testen/scons-release/modm/libmodm.a(reset_handler.o)
                                                  build/led_testen/scons-release/modm/libmodm.a(vectors.o)
SAI1_IRQHandler                                   build/led_testen/scons-release/modm/libmodm.a(vectors.o)
SPI1_IRQHandler                                   build/led_testen/scons-release/modm/libmodm.a(vectors.o)
SPI2_IRQHandler                                   build/led_testen/scons-release/modm/libmodm.a(vectors.o)
SPI3_IRQHandler                                   build/led_testen/scons-release/modm/libmodm.a(vectors.o)
SPI4_IRQHandler                                   build/led_testen/scons-release/modm/libmodm.a(vectors.o)
SVC_Handler                                       build/led_testen/scons-release/modm/libmodm.a(vectors.o)
SysTick_Handler                                   build/led_testen/scons-release/modm/libmodm.a(systick_timer.o)
SystemCoreClock                                   build/led_testen/scons-release/modm/libmodm.a(rcc.o)
                                                  build/led_testen/scons-release/main.o
SystemCoreClockUpdate                             build/led_testen/scons-release/modm/libmodm.a(rcc.o)
TIM1_BRK_TIM15_IRQHandler                         build/led_testen/scons-release/modm/libmodm.a(vectors.o)
TIM1_CC_IRQHandler                                build/led_testen/scons-release/modm/libmodm.a(vectors.o)
TIM1_TRG_COM_TIM17_IRQHandler                     build/led_testen/scons-release/modm/libmodm.a(vectors.o)
TIM1_UP_TIM16_IRQHandler                          build/led_testen/scons-release/modm/libmodm.a(vectors.o)
TIM20_BRK_IRQHandler                              build/led_testen/scons-release/modm/libmodm.a(vectors.o)
TIM20_CC_IRQHandler                               build/led_testen/scons-release/modm/libmodm.a(vectors.o)